Component: ARM Compiler 5.06 update 5 (build 528) Tool: armlink [4d35e2]

==============================================================================

Section Cross References

    startup_stm32f407xx.o(RESET) refers to startup_stm32f407xx.o(STACK) for __initial_sp
    startup_stm32f407xx.o(RESET) refers to startup_stm32f407xx.o(.text) for Reset_Handler
    startup_stm32f407xx.o(RESET) refers to stm32f4xx_it.o(i.NMI_Handler) for NMI_Handler
    startup_stm32f407xx.o(RESET) refers to stm32f4xx_it.o(i.HardFault_Handler) for HardFault_Handler
    startup_stm32f407xx.o(RESET) refers to stm32f4xx_it.o(i.MemManage_Handler) for MemManage_Handler
    startup_stm32f407xx.o(RESET) refers to stm32f4xx_it.o(i.BusFault_Handler) for BusFault_Handler
    startup_stm32f407xx.o(RESET) refers to stm32f4xx_it.o(i.UsageFault_Handler) for UsageFault_Handler
    startup_stm32f407xx.o(RESET) refers to stm32f4xx_it.o(i.SVC_Handler) for SVC_Handler
    startup_stm32f407xx.o(RESET) refers to stm32f4xx_it.o(i.DebugMon_Handler) for DebugMon_Handler
    startup_stm32f407xx.o(RESET) refers to stm32f4xx_it.o(i.PendSV_Handler) for PendSV_Handler
    startup_stm32f407xx.o(RESET) refers to stm32f4xx_it.o(i.SysTick_Handler) for SysTick_Handler
    startup_stm32f407xx.o(.text) refers to system_stm32f4xx.o(i.SystemInit) for SystemInit
    startup_stm32f407xx.o(.text) refers to entry.o(.ARM.Collect$$$$00000000) for __main
    main.o(i.Filter_Window) refers to main.o(.bss) for .bss
    main.o(i.SystemClock_Config) refers to memseta.o(.text) for __aeabi_memclr4
    main.o(i.SystemClock_Config) refers to stm32f4xx_hal_rcc.o(i.HAL_RCC_OscConfig) for HAL_RCC_OscConfig
    main.o(i.SystemClock_Config) refers to stm32f4xx_hal_rcc.o(i.HAL_RCC_ClockConfig) for HAL_RCC_ClockConfig
    main.o(i.fputc) refers to stm32f4xx_hal_uart.o(i.HAL_UART_Transmit) for HAL_UART_Transmit
    main.o(i.fputc) refers to usart.o(.bss) for huart1
    main.o(i.main) refers to stm32f4xx_hal.o(i.HAL_Init) for HAL_Init
    main.o(i.main) refers to usart.o(i.MX_USART1_UART_Init) for MX_USART1_UART_Init
    main.o(i.main) refers to main.o(i.SystemClock_Config) for SystemClock_Config
    main.o(i.main) refers to delay.o(i.delay_init) for delay_init
    main.o(i.main) refers to gpio.o(i.MX_GPIO_Init) for MX_GPIO_Init
    main.o(i.main) refers to gpio.o(i.LED_Init) for LED_Init
    main.o(i.main) refers to vl53l0x.o(i.XShut_PinInit) for XShut_PinInit
    main.o(i.main) refers to vl53l0x_i2c.o(i.VL53L0X_i2c_init) for VL53L0X_i2c_init
    main.o(i.main) refers to stm32f4xx_hal_gpio.o(i.HAL_GPIO_WritePin) for HAL_GPIO_WritePin
    main.o(i.main) refers to stm32f4xx_hal.o(i.HAL_Delay) for HAL_Delay
    main.o(i.main) refers to printf8.o(i.__0printf$8) for __2printf
    main.o(i.main) refers to vl53l0x.o(i.vl53l0x_init) for vl53l0x_init
    main.o(i.main) refers to vl53l0x.o(i.vl53l0x_Addr_set) for vl53l0x_Addr_set
    main.o(i.main) refers to vl53l0x_gen.o(i.vl53l0x_set_mode) for vl53l0x_set_mode
    main.o(i.main) refers to main.o(i.vl53l0x_test) for vl53l0x_test
    main.o(i.main) refers to vl53l0x.o(.bss) for vl53l0x_dev
    main.o(i.vl53l0x_test) refers to vl53l0x_gen.o(i.vl53l0x_start_single_test) for vl53l0x_start_single_test
    main.o(i.vl53l0x_test) refers to printf8.o(i.__0printf$8) for __2printf
    main.o(i.vl53l0x_test) refers to vl53l0x.o(.bss) for vl53l0x_dev
    main.o(i.vl53l0x_test) refers to main.o(.bss) for .bss
    main.o(i.vl53l0x_test) refers to vl53l0x_gen.o(.bss) for vl53l0x_data
    main.o(i.vl53l0x_test) refers to vl53l0x_gen.o(.data) for Distance_data
    gpio.o(i.LED_Init) refers to stm32f4xx_hal_gpio.o(i.HAL_GPIO_Init) for HAL_GPIO_Init
    gpio.o(i.LED_Init) refers to stm32f4xx_hal_gpio.o(i.HAL_GPIO_WritePin) for HAL_GPIO_WritePin
    i2c.o(i.HAL_I2C_MspDeInit) refers to stm32f4xx_hal_gpio.o(i.HAL_GPIO_DeInit) for HAL_GPIO_DeInit
    i2c.o(i.HAL_I2C_MspInit) refers to memseta.o(.text) for __aeabi_memclr4
    i2c.o(i.HAL_I2C_MspInit) refers to stm32f4xx_hal_gpio.o(i.HAL_GPIO_Init) for HAL_GPIO_Init
    i2c.o(i.MX_I2C1_Init) refers to stm32f4xx_hal_i2c.o(i.HAL_I2C_Init) for HAL_I2C_Init
    i2c.o(i.MX_I2C1_Init) refers to main.o(i.Error_Handler) for Error_Handler
    i2c.o(i.MX_I2C1_Init) refers to i2c.o(.bss) for .bss
    usart.o(i.HAL_UART_MspDeInit) refers to stm32f4xx_hal_gpio.o(i.HAL_GPIO_DeInit) for HAL_GPIO_DeInit
    usart.o(i.HAL_UART_MspInit) refers to memseta.o(.text) for __aeabi_memclr4
    usart.o(i.HAL_UART_MspInit) refers to stm32f4xx_hal_gpio.o(i.HAL_GPIO_Init) for HAL_GPIO_Init
    usart.o(i.MX_USART1_UART_Init) refers to stm32f4xx_hal_uart.o(i.HAL_UART_Init) for HAL_UART_Init
    usart.o(i.MX_USART1_UART_Init) refers to main.o(i.Error_Handler) for Error_Handler
    usart.o(i.MX_USART1_UART_Init) refers to usart.o(.bss) for .bss
    stm32f4xx_it.o(i.SysTick_Handler) refers to stm32f4xx_hal.o(i.HAL_IncTick) for HAL_IncTick
    stm32f4xx_hal_i2c.o(i.HAL_I2C_DeInit) refers to i2c.o(i.HAL_I2C_MspDeInit) for HAL_I2C_MspDeInit
[...]
    ..\\SYSTEM\\delay\\delay.c               0x00000000   Number         0  delay.o ABSOLUTE
    ..\\SYSTEM\\sys\\sys.c                   0x00000000   Number         0  sys.o ABSOLUTE
    ..\\VL53L0X\\core\\src\\vl53l0x_api.c    0x00000000   Number         0  vl53l0x_api.o ABSOLUTE
    ..\\VL53L0X\\core\\src\\vl53l0x_api_calibration.c 0x00000000   Number         0  vl53l0x_api_calibration.o ABSOLUTE
    ..\\VL53L0X\\core\\src\\vl53l0x_api_core.c 0x00000000   Number         0  vl53l0x_api_core.o ABSOLUTE
    ..\\VL53L0X\\core\\src\\vl53l0x_api_ranging.c 0x00000000   Number         0  vl53l0x_api_ranging.o ABSOLUTE
    ..\\VL53L0X\\core\\src\\vl53l0x_api_strings.c 0x00000000   Number         0  vl53l0x_api_strings.o ABSOLUTE
    ..\\VL53L0X\\demo\\vl53l0x.c             0x00000000   Number         0  vl53l0x.o ABSOLUTE
    ..\\VL53L0X\\demo\\vl53l0x_cali.c        0x00000000   Number         0  vl53l0x_cali.o ABSOLUTE
    ..\\VL53L0X\\demo\\vl53l0x_gen.c         0x00000000   Number         0  vl53l0x_gen.o ABSOLUTE
    ..\\VL53L0X\\platform\\src\\vl53l0x_i2c.c 0x00000000   Number         0  vl53l0x_i2c.o ABSOLUTE
    ..\\VL53L0X\\platform\\src\\vl53l0x_platform.c 0x00000000   Number         0  vl53l0x_platform.o ABSOLUTE
    cdrcmple.s                               0x00000000   Number         0  cdrcmple.o ABSOLUTE
    dc.s                                     0x00000000   Number         0  dc.o ABSOLUTE
    handlers.s                               0x00000000   Number         0  handlers.o ABSOLUTE
    init.s                                   0x00000000   Number         0  init.o ABSOLUTE
    startup_stm32f407xx.s                    0x00000000   Number         0  startup_stm32f407xx.o ABSOLUTE
    RESET                                    0x08000000   Section      392  startup_stm32f407xx.o(RESET)
    .ARM.Collect$$$$00000000                 0x08000188   Section        0  entry.o(.ARM.Collect$$$$00000000)
    .ARM.Collect$$$$00000001                 0x08000188   Section        4  entry2.o(.ARM.Collect$$$$00000001)
    .ARM.Collect$$$$00000004                 0x0800018c   Section        4  entry5.o(.ARM.Collect$$$$00000004)
    .ARM.Collect$$$$00000008                 0x08000190   Section        0  entry7b.o(.ARM.Collect$$$$00000008)
    .ARM.Collect$$$$0000000A                 0x08000190   Section        0  entry8b.o(.ARM.Collect$$$$0000000A)
    .ARM.Collect$$$$0000000B                 0x08000190   Section        8  entry9a.o(.ARM.Collect$$$$0000000B)
    .ARM.Collect$$$$0000000D                 0x08000198   Section        0  entry10a.o(.ARM.Collect$$$$0000000D)
    .ARM.Collect$$$$0000000F                 0x08000198   Section        0  entry11a.o(.ARM.Collect$$$$0000000F)
    .ARM.Collect$$$$00002712                 0x08000198   Section        4  entry2.o(.ARM.Collect$$$$00002712)
    __lit__00000000                          0x08000198   Data           4  entry2.o(.ARM.Collect$$$$00002712)
    .text                                    0x0800019c   Section       36  startup_stm32f407xx.o(.text)
    $v0                                      0x0800019c   Number         0  startup_stm32f407xx.o(.text)
    .text                                    0x080001c0   Section        0  uldiv.o(.text)
    .text                                    0x08000222   Section        0  memcpya.o(.text)
    .text                                    0x08000246   Section        0  memseta.o(.text)
    .text                                    0x0800026a   Section        0  strcpy.o(.text)
    .text                                    0x0800027c   Section        0  llshl.o(.text)
    .text                                    0x0800029a   Section        0  llushr.o(.text)
    .text                                    0x080002bc   Section       36  init.o(.text)
    .text                                    0x080002e0   Section        0  __dclz77c.o(.text)
    i.BusFault_Handler                       0x0800033e   Section        0  stm32f4xx_it.o(i.BusFault_Handler)
    i.DebugMon_Handler                       0x08000340   Section        0  stm32f4xx_it.o(i.DebugMon_Handler)
    i.Error_Handler                          0x08000342   Section        0  main.o(i.Error_Handler)
    i.HAL_Delay                              0x08000348   Section        0  stm32f4xx_hal.o(i.HAL_Delay)
    i.HAL_GPIO_Init                          0x0800036c   Section        0  stm32f4xx_hal_gpio.o(i.HAL_GPIO_Init)
    i.HAL_GPIO_WritePin                      0x0800055c   Section        0  stm32f4xx_hal_gpio.o(i.HAL_GPIO_WritePin)
    i.HAL_GetTick                            0x08000568   Section        0  stm32f4xx_hal.o(i.HAL_GetTick)
    i.HAL_IncTick                            0x08000574   Section        0  stm32f4xx_hal.o(i.HAL_IncTick)
    i.HAL_Init                               0x08000584   Section        0  stm32f4xx_hal.o(i.HAL_Init)
    i.HAL_InitTick                           0x080005b8   Section        0  stm32f4xx_hal.o(i.HAL_InitTick)
    i.HAL_MspInit                            0x080005f8   Section        0  stm32f4xx_hal_msp.o(i.HAL_MspInit)
    i.HAL_NVIC_SetPriority                   0x08000628   Section        0  stm32f4xx_hal_cortex.o(i.HAL_NVIC_SetPriority)
    i.HAL_NVIC_SetPriorityGrouping           0x08000668   Section        0  stm32f4xx_hal_cortex.o(i.HAL_NVIC_SetPriorityGrouping)
    i.HAL_RCC_ClockConfig                    0x0800068c   Section        0  stm32f4xx_hal_rcc.o(i.HAL_RCC_ClockConfig)
    i.HAL_RCC_GetPCLK1Freq                   0x080007c0   Section        0  stm32f4xx_hal_rcc.o(i.HAL_RCC_GetPCLK1Freq)
    i.HAL_RCC_GetPCLK2Freq                   0x080007e0   Section        0  stm32f4xx_hal_rcc.o(i.HAL_RCC_GetPCLK2Freq)
    i.HAL_RCC_GetSysClockFreq                0x08000800   Section        0  stm32f4xx_hal_rcc.o(i.HAL_RCC_GetSysClockFreq)
    i.HAL_RCC_OscConfig                      0x08000864   Section        0  stm32f4xx_hal_rcc.o(i.HAL_RCC_OscConfig)
    i.HAL_SYSTICK_CLKSourceConfig            0x08000bd0   Section        0  stm32f4xx_hal_cortex.o(i.HAL_SYSTICK_CLKSourceConfig)
    i.HAL_SYSTICK_Config                     0x08000be8   Section        0  stm32f4xx_hal_cortex.o(i.HAL_SYSTICK_Config)
    i.HAL_UART_Init                          0x08000c10   Section        0  stm32f4xx_hal_uart.o(i.HAL_UART_Init)
    i.HAL_UART_MspInit                       0x08000c74   Section        0  usart.o(i.HAL_UART_MspInit)
    i.HAL_UART_Transmit                      0x08000ce0   Section        0  stm32f4xx_hal_uart.o(i.HAL_UART_Transmit)
    i.HardFault_Handler                      0x08000d80   Section        0  stm32f4xx_it.o(i.HardFault_Handler)
    i.LED_Init                               0x08000d84   Section        0  gpio.o(i.LED_Init)
    i.MX_GPIO_Init                           0x08000dbc   Section        0  gpio.o(i.MX_GPIO_Init)
    i.MX_USART1_UART_Init                    0x08000de8   Section        0  usart.o(i.MX_USART1_UART_Init)
    i.MemManage_Handler                      0x08000e20   Section        0  stm32f4xx_it.o(i.MemManage_Handler)
    i.NMI_Handler                            0x08000e22   Section        0  stm32f4xx_it.o(i.NMI_Handler)
    i.PendSV_Handler                         0x08000e24   Section        0  stm32f4xx_it.o(i.PendSV_Handler)
    i.SVC_Handler                            0x08000e26   Section        0  stm32f4xx_it.o(i.SVC_Handler)
    i.SysTick_Handler                        0x08000e28   Section        0  stm32f4xx_it.o(i.SysTick_Handler)
    i.SystemClock_Config                     0x08000e2c   Section        0  main.o(i.SystemClock_Config)
    i.SystemInit                             0x08000ea8   Section        0  system_stm32f4xx.o(i.SystemInit)
    i.UART_EndRxTransfer                     0x08000eb8   Section        0  stm32f4xx_hal_uart.o(i.UART_EndRxTransfer)
    UART_EndRxTransfer                       0x08000eb9   Thumb Code    78  stm32f4xx_hal_uart.o(i.UART_EndRxTransfer)
    i.UART_SetConfig                         0x08000f08   Section        0  stm32f4xx_hal_uart.o(i.UART_SetConfig)
    UART_SetConfig                           0x08000f09   Thumb Code   258  stm32f4xx_hal_uart.o(i.UART_SetConfig)
    i.UART_WaitOnFlagUntilTimeout            0x08001014   Section        0  stm32f4xx_hal_uart.o(i.UART_WaitOnFlagUntilTimeout)
    UART_WaitOnFlagUntilTimeout              0x08001015   Thumb Code   114  stm32f4xx_hal_uart.o(i.UART_WaitOnFlagUntilTimeout)
    i.UsageFault_Handler                     0x08001086   Section        0  stm32f4xx_it.o(i.UsageFault_Handler)
    i.VL53L0X_CheckAndLoadInterruptSettings  0x08001088   Section        0  vl53l0x_api.o(i.VL53L0X_CheckAndLoadInterruptSettings)
    i.VL53L0X_ClearInterruptMask             0x08001104   Section        0  vl53l0x_api.o(i.VL53L0X_ClearInterruptMask)
    i.VL53L0X_DataInit                       0x08001150   Section        0  vl53l0x_api.o(i.VL53L0X_DataInit)
    i.VL53L0X_GetDeviceInfo                  0x080012e8   Section        0  vl53l0x_api.o(i.VL53L0X_GetDeviceInfo)
    i.VL53L0X_GetDeviceParameters            0x080012ec   Section        0  vl53l0x_api.o(i.VL53L0X_GetDeviceParameters)
    i.VL53L0X_GetFractionEnable              0x0800136c   Section        0  vl53l0x_api.o(i.VL53L0X_GetFractionEnable)
    i.VL53L0X_GetInterMeasurementPeriodMilliSeconds 0x08001386   Section        0  vl53l0x_api.o(i.VL53L0X_GetInterMeasurementPeriodMilliSeconds)
    i.VL53L0X_GetInterruptMaskStatus         0x080013bc   Section        0  vl53l0x_api.o(i.VL53L0X_GetInterruptMaskStatus)
    i.VL53L0X_GetInterruptThresholds         0x080013de   Section        0  vl53l0x_api.o(i.VL53L0X_GetInterruptThresholds)
    i.VL53L0X_GetLimitCheckEnable            0x08001412   Section        0  vl53l0x_api.o(i.VL53L0X_GetLimitCheckEnable)
    i.VL53L0X_GetLimitCheckValue             0x0800142c   Section        0  vl53l0x_api.o(i.VL53L0X_GetLimitCheckValue)
    i.VL53L0X_GetMeasurementDataReady        0x080014a6   Section        0  vl53l0x_api.o(i.VL53L0X_GetMeasurementDataReady)
    i.VL53L0X_GetMeasurementTimingBudgetMicroSeconds 0x080014e0   Section        0  vl53l0x_api.o(i.VL53L0X_GetMeasurementTimingBudgetMicroSeconds)
    i.VL53L0X_GetOffsetCalibrationDataMicroMeter 0x080014e4   Section        0  vl53l0x_api.o(i.VL53L0X_GetOffsetCalibrationDataMicroMeter)
    i.VL53L0X_GetPalErrorString              0x080014e8   Section        0  vl53l0x_api.o(i.VL53L0X_GetPalErrorString)
    i.VL53L0X_GetRangeStatusString           0x080014ec   Section        0  vl53l0x_api.o(i.VL53L0X_GetRangeStatusString)
    i.VL53L0X_GetRangingMeasurementData      0x080014f0   Section        0  vl53l0x_api.o(i.VL53L0X_GetRangingMeasurementData)
    i.VL53L0X_GetSequenceStepEnables         0x0800161c   Section        0  vl53l0x_api.o(i.VL53L0X_GetSequenceStepEnables)
    i.VL53L0X_GetVcselPulsePeriod            0x0800168e   Section        0  vl53l0x_api.o(i.VL53L0X_GetVcselPulsePeriod)
    i.VL53L0X_GetWrapAroundCheckEnable       0x08001692   Section        0  vl53l0x_api.o(i.VL53L0X_GetWrapAroundCheckEnable)
    i.VL53L0X_GetXTalkCompensationEnable     0x080016be   Section        0  vl53l0x_api.o(i.VL53L0X_GetXTalkCompensationEnable)
    i.VL53L0X_GetXTalkCompensationRateMegaCps 0x080016c8   Section        0  vl53l0x_api.o(i.VL53L0X_GetXTalkCompensationRateMegaCps)
    i.VL53L0X_PerformRefCalibration          0x080016f4   Section        0  vl53l0x_api.o(i.VL53L0X_PerformRefCalibration)
    i.VL53L0X_PerformRefSpadManagement       0x080016fa   Section        0  vl53l0x_api.o(i.VL53L0X_PerformRefSpadManagement)
    i.VL53L0X_PerformSingleMeasurement       0x080016fe   Section        0  vl53l0x_api.o(i.VL53L0X_PerformSingleMeasurement)
    i.VL53L0X_PerformSingleRangingMeasurement 0x08001720   Section        0  vl53l0x_api.o(i.VL53L0X_PerformSingleRangingMeasurement)
    i.VL53L0X_PollingDelay                   0x08001754   Section        0  vl53l0x_platform.o(i.VL53L0X_PollingDelay)
    i.VL53L0X_RdByte                         0x08001766   Section        0  vl53l0x_platform.o(i.VL53L0X_RdByte)
    i.VL53L0X_RdDWord                        0x0800177c   Section        0  vl53l0x_platform.o(i.VL53L0X_RdDWord)
    i.VL53L0X_RdWord                         0x08001792   Section        0  vl53l0x_platform.o(i.VL53L0X_RdWord)
    i.VL53L0X_ReadMulti                      0x080017a8   Section        0  vl53l0x_platform.o(i.VL53L0X_ReadMulti)
    i.VL53L0X_SetDeviceAddress               0x080017c6   Section        0  vl53l0x_api.o(i.VL53L0X_SetDeviceAddress)
    i.VL53L0X_SetDeviceMode                  0x080017ce   Section        0  vl53l0x_api.o(i.VL53L0X_SetDeviceMode)
    i.VL53L0X_SetGpioConfig                  0x080017f2   Section        0  vl53l0x_api.o(i.VL53L0X_SetGpioConfig)
    i.VL53L0X_SetLimitCheckEnable            0x0800192c   Section        0  vl53l0x_api.o(i.VL53L0X_SetLimitCheckEnable)
    i.VL53L0X_SetLimitCheckValue             0x080019ae   Section        0  vl53l0x_api.o(i.VL53L0X_SetLimitCheckValue)
    i.VL53L0X_SetMeasurementTimingBudgetMicroSeconds 0x080019fe   Section        0  vl53l0x_api.o(i.VL53L0X_SetMeasurementTimingBudgetMicroSeconds)
    i.VL53L0X_SetOffsetCalibrationDataMicroMeter 0x08001a02   Section        0  vl53l0x_api.o(i.VL53L0X_SetOffsetCalibrationDataMicroMeter)
    i.VL53L0X_SetRefCalibration              0x08001a06   Section        0  vl53l0x_api.o(i.VL53L0X_SetRefCalibration)
    i.VL53L0X_SetReferenceSpads              0x08001a0a   Section        0  vl53l0x_api.o(i.VL53L0X_SetReferenceSpads)
    i.VL53L0X_SetSequenceStepEnable          0x08001a0e   Section        0  vl53l0x_api.o(i.VL53L0X_SetSequenceStepEnable)
    i.VL53L0X_SetVcselPulsePeriod            0x08001abc   Section        0  vl53l0x_api.o(i.VL53L0X_SetVcselPulsePeriod)
    i.VL53L0X_SetXTalkCompensationRateMegaCps 0x08001ac0   Section        0  vl53l0x_api.o(i.VL53L0X_SetXTalkCompensationRateMegaCps)
    i.VL53L0X_StartMeasurement               0x08001af0   Section        0  vl53l0x_api.o(i.VL53L0X_StartMeasurement)
    i.VL53L0X_StaticInit                     0x08001bc4   Section        0  vl53l0x_api.o(i.VL53L0X_StaticInit)
    i.VL53L0X_UpdateByte                     0x08001d38   Section        0  vl53l0x_platform.o(i.VL53L0X_UpdateByte)
    i.VL53L0X_WrByte                         0x08001d7a   Section        0  vl53l0x_platform.o(i.VL53L0X_WrByte)
    i.VL53L0X_WrWord                         0x08001d90   Section        0  vl53l0x_platform.o(i.VL53L0X_WrWord)
    i.VL53L0X_WriteMulti                     0x08001da6   Section        0  vl53l0x_platform.o(i.VL53L0X_WriteMulti)
    i.VL53L0X_calc_dmax                      0x08001dc4   Section        0  vl53l0x_api_core.o(i.VL53L0X_calc_dmax)
    i.VL53L0X_calc_macro_period_ps           0x08001e9c   Section        0  vl53l0x_api_core.o(i.VL53L0X_calc_macro_period_ps)
    i.VL53L0X_calc_sigma_estimate            0x08001eac   Section        0  vl53l0x_api_core.o(i.VL53L0X_calc_sigma_estimate)
    i.VL53L0X_calc_timeout_mclks             0x080020d4   Section        0  vl53l0x_api_core.o(i.VL53L0X_calc_timeout_mclks)
    i.VL53L0X_calc_timeout_us                0x080020f6   Section        0  vl53l0x_api_core.o(i.VL53L0X_calc_timeout_us)
    i.VL53L0X_check_part_used                0x08002118   Section        0  vl53l0x_api_strings.o(i.VL53L0X_check_part_used)
    i.VL53L0X_decode_timeout                 0x08002154   Section        0  vl53l0x_api_core.o(i.VL53L0X_decode_timeout)
    i.VL53L0X_decode_vcsel_period            0x08002160   Section        0  vl53l0x_api_core.o(i.VL53L0X_decode_vcsel_period)
    i.VL53L0X_device_read_strobe             0x08002168   Section        0  vl53l0x_api_core.o(i.VL53L0X_device_read_strobe)
    i.VL53L0X_encode_timeout                 0x080021b2   Section        0  vl53l0x_api_core.o(i.VL53L0X_encode_timeout)
    i.VL53L0X_encode_vcsel_period            0x080021d0   Section        0  vl53l0x_api_core.o(i.VL53L0X_encode_vcsel_period)
    i.VL53L0X_get_device_info                0x080021dc   Section        0  vl53l0x_api_strings.o(i.VL53L0X_get_device_info)
    i.VL53L0X_get_info_from_device           0x0800228c   Section        0  vl53l0x_api_core.o(i.VL53L0X_get_info_from_device)
    i.VL53L0X_get_measurement_timing_budget_micro_seconds 0x080027b4   Section        0  vl53l0x_api_core.o(i.VL53L0X_get_measurement_timing_budget_micro_seconds)
    i.VL53L0X_get_offset_calibration_data_micro_meter 0x08002878   Section        0  vl53l0x_api_calibration.o(i.VL53L0X_get_offset_calibration_data_micro_meter)
    i.VL53L0X_get_pal_error_string           0x080028ac   Section        0  vl53l0x_api_strings.o(i.VL53L0X_get_pal_error_string)
    i.VL53L0X_get_pal_range_status           0x08002afc   Section        0  vl53l0x_api_core.o(i.VL53L0X_get_pal_range_status)
    i.VL53L0X_get_range_status_string        0x08002ce4   Section        0  vl53l0x_api_strings.o(i.VL53L0X_get_range_status_string)
    i.VL53L0X_get_total_signal_rate          0x08002d8c   Section        0  vl53l0x_api_core.o(i.VL53L0X_get_total_signal_rate)
    i.VL53L0X_get_total_xtalk_rate           0x08002da8   Section        0  vl53l0x_api_core.o(i.VL53L0X_get_total_xtalk_rate)
    i.VL53L0X_get_vcsel_pulse_period         0x08002dd6   Section        0  vl53l0x_api_core.o(i.VL53L0X_get_vcsel_pulse_period)
    i.VL53L0X_i2c_init                       0x08002e08   Section        0  vl53l0x_i2c.o(i.VL53L0X_i2c_init)
    i.VL53L0X_isqrt                          0x08002e50   Section        0  vl53l0x_api_core.o(i.VL53L0X_isqrt)
    i.VL53L0X_load_tuning_settings           0x08002e7c   Section        0  vl53l0x_api_core.o(i.VL53L0X_load_tuning_settings)
    i.VL53L0X_measurement_poll_for_completion 0x08002f20   Section        0  vl53l0x_api_core.o(i.VL53L0X_measurement_poll_for_completion)
    i.VL53L0X_perform_phase_calibration      0x08002f56   Section        0  vl53l0x_api_calibration.o(i.VL53L0X_perform_phase_calibration)
    i.VL53L0X_perform_ref_calibration        0x08002fca   Section        0  vl53l0x_api_calibration.o(i.VL53L0X_perform_ref_calibration)
    i.VL53L0X_perform_ref_spad_management    0x0800300a   Section        0  vl53l0x_api_calibration.o(i.VL53L0X_perform_ref_spad_management)
    i.VL53L0X_perform_single_ref_calibration 0x08003228   Section        0  vl53l0x_api_calibration.o(i.VL53L0X_perform_single_ref_calibration)
    i.VL53L0X_perform_vhv_calibration        0x08003260   Section        0  vl53l0x_api_calibration.o(i.VL53L0X_perform_vhv_calibration)
    i.VL53L0X_read_byte                      0x080032d4   Section        0  vl53l0x_i2c.o(i.VL53L0X_read_byte)
    i.VL53L0X_read_dword                     0x080032da   Section        0  vl53l0x_i2c.o(i.VL53L0X_read_dword)
    i.VL53L0X_read_multi                     0x08003306   Section        0  vl53l0x_i2c.o(i.VL53L0X_read_multi)
    i.VL53L0X_read_word                      0x0800331c   Section        0  vl53l0x_i2c.o(i.VL53L0X_read_word)
    i.VL53L0X_ref_calibration_io             0x08003338   Section        0  vl53l0x_api_calibration.o(i.VL53L0X_ref_calibration_io)
    i.VL53L0X_set_measurement_timing_budget_micro_seconds 0x080033ea   Section        0  vl53l0x_api_core.o(i.VL53L0X_set_measurement_timing_budget_micro_seconds)
    i.VL53L0X_set_offset_calibration_data_micro_meter 0x080034ac   Section        0  vl53l0x_api_calibration.o(i.VL53L0X_set_offset_calibration_data_micro_meter)
    i.VL53L0X_set_ref_calibration            0x080034e8   Section        0  vl53l0x_api_calibration.o(i.VL53L0X_set_ref_calibration)
    i.VL53L0X_set_reference_spads            0x08003508   Section        0  vl53l0x_api_calibration.o(i.VL53L0X_set_reference_spads)
    i.VL53L0X_set_vcsel_pulse_period         0x080035ae   Section        0  vl53l0x_api_core.o(i.VL53L0X_set_vcsel_pulse_period)
    i.VL53L0X_write_byte                     0x080037ce   Section        0  vl53l0x_i2c.o(i.VL53L0X_write_byte)
    i.VL53L0X_write_multi                    0x080037da   Section        0  vl53l0x_i2c.o(i.VL53L0X_write_multi)
    i.VL53L0X_write_word                     0x080037f0   Section        0  vl53l0x_i2c.o(i.VL53L0X_write_word)
    i.VL_IIC_Ack                             0x08003824   Section        0  vl53l0x_i2c.o(i.VL_IIC_Ack)
    i.VL_IIC_NAck                            0x08003864   Section        0  vl53l0x_i2c.o(i.VL_IIC_NAck)
    i.VL_IIC_Read_Byte                       0x080038a4   Section        0  vl53l0x_i2c.o(i.VL_IIC_Read_Byte)
    i.VL_IIC_Read_nByte                      0x0800390c   Section        0  vl53l0x_i2c.o(i.VL_IIC_Read_nByte)
    i.VL_IIC_Send_Byte                       0x08003970   Section        0  vl53l0x_i2c.o(i.VL_IIC_Send_Byte)
    i.VL_IIC_Start                           0x080039d8   Section        0  vl53l0x_i2c.o(i.VL_IIC_Start)
    i.VL_IIC_Stop                            0x08003a18   Section        0  vl53l0x_i2c.o(i.VL_IIC_Stop)
    i.VL_IIC_Wait_Ack                        0x08003a5c   Section        0  vl53l0x_i2c.o(i.VL_IIC_Wait_Ack)
    i.VL_IIC_Write_nByte                     0x08003ab0   Section        0  vl53l0x_i2c.o(i.VL_IIC_Write_nByte)
    i.XShut_PinInit                          0x08003af8   Section        0  vl53l0x.o(i.XShut_PinInit)
    i.__0printf$8                            0x08003b3c   Section        0  printf8.o(i.__0printf$8)
    i.__NVIC_SetPriority                     0x08003b5c   Section        0  stm32f4xx_hal_cortex.o(i.__NVIC_SetPriority)
    __NVIC_SetPriority                       0x08003b5d   Thumb Code    32  stm32f4xx_hal_cortex.o(i.__NVIC_SetPriority)
    i.__scatterload_copy                     0x08003b7c   Section       14  handlers.o(i.__scatterload_copy)
    i.__scatterload_null                     0x08003b8a   Section        2  handlers.o(i.__scatterload_null)
    i.__scatterload_zeroinit                 0x08003b8c   Section       14  handlers.o(i.__scatterload_zeroinit)
    i._printf_core                           0x08003b9c   Section        0  printf8.o(i._printf_core)
    _printf_core                             0x08003b9d   Thumb Code   996  printf8.o(i._printf_core)
    i._printf_post_padding                   0x08003fac   Section        0  printf8.o(i._printf_post_padding)
    _printf_post_padding                     0x08003fad   Thumb Code    36  printf8.o(i._printf_post_padding)
    i._printf_pre_padding                    0x08003fd0   Section        0  printf8.o(i._printf_pre_padding)
    _printf_pre_padding                      0x08003fd1   Thumb Code    46  printf8.o(i._printf_pre_padding)
    i.delay_init                             0x08004000   Section        0  delay.o(i.delay_init)
    i.delay_us                               0x08004014   Section        0  delay.o(i.delay_us)
    i.enable_ref_spads                       0x08004048   Section        0  vl53l0x_api_calibration.o(i.enable_ref_spads)
    i.enable_spad_bit                        0x080040dc   Section        0  vl53l0x_api_calibration.o(i.enable_spad_bit)
    i.fputc                                  0x08004108   Section        0  main.o(i.fputc)
    i.get_next_good_spad                     0x08004124   Section        0  vl53l0x_api_calibration.o(i.get_next_good_spad)
    i.get_ref_spad_map                       0x08004180   Section        0  vl53l0x_api_calibration.o(i.get_ref_spad_map)
    i.get_sequence_step_timeout              0x0800418a   Section        0  vl53l0x_api_core.o(i.get_sequence_step_timeout)
    i.is_aperture                            0x0800427c   Section        0  vl53l0x_api_calibration.o(i.is_aperture)
    i.main                                   0x08004294   Section        0  main.o(i.main)
    i.perform_ref_signal_measurement         0x080044fc   Section        0  vl53l0x_api_calibration.o(i.perform_ref_signal_measurement)
    i.print_pal_error                        0x08004560   Section        0  vl53l0x.o(i.print_pal_error)
    i.sequence_step_enabled                  0x08004594   Section        0  vl53l0x_api.o(i.sequence_step_enabled)
    i.set_ref_spad_map                       0x080045cc   Section        0  vl53l0x_api_calibration.o(i.set_ref_spad_map)
    i.set_sequence_step_timeout              0x080045d6   Section        0  vl53l0x_api_core.o(i.set_sequence_step_timeout)
    i.vl53l0x_Addr_set                       0x080046d8   Section        0  vl53l0x.o(i.vl53l0x_Addr_set)
    i.vl53l0x_init                           0x08004760   Section        0  vl53l0x.o(i.vl53l0x_init)
    i.vl53l0x_set_mode                       0x080047e8   Section        0  vl53l0x_gen.o(i.vl53l0x_set_mode)
    i.vl53l0x_start_single_test              0x08004924   Section        0  vl53l0x_gen.o(i.vl53l0x_start_single_test)
    i.vl53l0x_test                           0x0800495c   Section        0  main.o(i.vl53l0x_test)
    .constdata                               0x080049f0   Section       16  system_stm32f4xx.o(.constdata)
    .constdata                               0x08004a00   Section        8  system_stm32f4xx.o(.constdata)
    .data                                    0x20000000   Section       12  stm32f4xx_hal.o(.data)
    .data                                    0x2000000c   Section        4  system_stm32f4xx.o(.data)
    .data                                    0x20000010   Section      681  vl53l0x_api.o(.data)
    .data                                    0x200002bc   Section       16  vl53l0x_api_calibration.o(.data)
    .data                                    0x200002cc   Section        1  vl53l0x.o(.data)
    .data                                    0x200002cd   Section       56  vl53l0x.o(.data)
    .data                                    0x20000306   Section        6  vl53l0x_gen.o(.data)
    .data                                    0x2000030c   Section        4  delay.o(.data)
    fac_us                                   0x2000030c   Data           4  delay.o(.data)
    .data                                    0x20000310   Section        4  stdout.o(.data)
    .bss                                     0x20000314   Section      158  main.o(.bss)
    filter_buf                               0x20000314   Data         126  main.o(.bss)
    buf                                      0x20000392   Data          32  main.o(.bss)
    .bss                                     0x200003b4   Section       72  usart.o(.bss)
    .bss                                     0x200003fc   Section     1155  vl53l0x.o(.bss)
    .bss                                     0x2000087f   Section       48  vl53l0x_cali.o(.bss)
    .bss                                     0x200008b0   Section       28  vl53l0x_gen.o(.bss)
    STACK                                    0x200008d0   Section     1024  startup_stm32f407xx.o(STACK)

    Global Symbols

    Symbol Name                              Value     Ov Type        Size  Object(Section)

    BuildAttributes$$THM_ISAv4$E$P$D$K$B$S$7EM$VFPi3$EXTD16$VFPS$VFMA$PE$A:L22UL41UL21$X:L11$S22US41US21$IEEE1$IW$USESV6$~STKCKD$USESV7$~SHL$OSPACE$ROPI$EBA8$MICROLIB$REQ8$PRES8$EABIv2 0x00000000   Number         0  anon$$obj.o ABSOLUTE
    __ARM_use_no_argv                        0x00000000   Number         0  main.o ABSOLUTE
    _printf_a                                0x00000000   Number         0  stubs.o ABSOLUTE
    _printf_c                                0x00000000   Number         0  stubs.o ABSOLUTE
    _printf_charcount                        0x00000000   Number         0  stubs.o ABSOLUTE
    _printf_d                                0x00000000   Number         0  stubs.o ABSOLUTE
    _printf_e                                0x00000000   Number         0  stubs.o ABSOLUTE
    _printf_f                                0x00000000   Number         0  stubs.o ABSOLUTE
    _printf_flags                            0x00000000   Number         0  stubs.o ABSOLUTE
    _printf_fp_dec                           0x00000000   Number         0  stubs.o ABSOLUTE
    _printf_fp_hex                           0x00000000   Number         0  stubs.o ABSOLUTE
    _printf_g                                0x00000000   Number         0  stubs.o ABSOLUTE
    _printf_i                                0x00000000   Number         0  stubs.o ABSOLUTE
    _printf_int_dec                          0x00000000   Number         0  stubs.o ABSOLUTE
    _printf_l                                0x00000000   Number         0  stubs.o ABSOLUTE
    _printf_lc                               0x00000000   Number         0  stubs.o ABSOLUTE
    _printf_ll                               0x00000000   Number         0  stubs.o ABSOLUTE
    _printf_lld                              0x00000000   Number         0  stubs.o ABSOLUTE
    _printf_lli                              0x00000000   Number         0  stubs.o ABSOLUTE
    _printf_llo                              0x00000000   Number         0  stubs.o ABSOLUTE
    _printf_llu                              0x00000000   Number         0  stubs.o ABSOLUTE
    _printf_llx                              0x00000000   Number         0  stubs.o ABSOLUTE
    _printf_longlong_dec                     0x00000000   Number         0  stubs.o ABSOLUTE
    _printf_longlong_hex                     0x00000000   Number         0  stubs.o ABSOLUTE
    _printf_longlong_oct                     0x00000000   Number         0  stubs.o ABSOLUTE
    _printf_ls                               0x00000000   Number         0  stubs.o ABSOLUTE
    _printf_mbtowc                           0x00000000   Number         0  stubs.o ABSOLUTE
    _printf_n                                0x00000000   Number         0  stubs.o ABSOLUTE
    _printf_o                                0x00000000   Number         0  stubs.o ABSOLUTE
    _printf_p                                0x00000000   Number         0  stubs.o ABSOLUTE
    _printf_percent                          0x00000000   Number         0  stubs.o ABSOLUTE
    _printf_pre_padding                      0x00000000   Number         0  stubs.o ABSOLUTE
    _printf_return_value                     0x00000000   Number         0  stubs.o ABSOLUTE
    _printf_s                                0x00000000   Number         0  stubs.o ABSOLUTE
    _printf_sizespec                         0x00000000   Number         0  stubs.o ABSOLUTE
    _printf_str                              0x00000000   Number         0  stubs.o ABSOLUTE
    _printf_truncate_signed                  0x00000000   Number         0  stubs.o ABSOLUTE
    _printf_truncate_unsigned                0x00000000   Number         0  stubs.o ABSOLUTE
    _printf_u                                0x00000000   Number         0  stubs.o ABSOLUTE
    _printf_wc                               0x00000000   Number         0  stubs.o ABSOLUTE
    _printf_wctomb                           0x00000000   Number         0  stubs.o ABSOLUTE
    _printf_widthprec                        0x00000000   Number         0  stubs.o ABSOLUTE
    _printf_x                                0x00000000   Number         0  stubs.o ABSOLUTE
    __cpp_initialize__aeabi_                  - Undefined Weak Reference
    __cxa_finalize                            - Undefined Weak Reference
    _clock_init                               - Undefined Weak Reference
    _microlib_exit                            - Undefined Weak Reference
    __Vectors_Size                           0x00000188   Number         0  startup_stm32f407xx.o ABSOLUTE
    __Vectors                                0x08000000   Data           4  startup_stm32f407xx.o(RESET)
    __Vectors_End                            0x08000188   Data           0  startup_stm32f407xx.o(RESET)
    __main                                   0x08000189   Thumb Code     0  entry.o(.ARM.Collect$$$$00000000)
    _main_stk                                0x08000189   Thumb Code     0  entry2.o(.ARM.Collect$$$$00000001)
    _main_scatterload                        0x0800018d   Thumb Code     0  entry5.o(.ARM.Collect$$$$00000004)
    __main_after_scatterload                 0x08000191   Thumb Code     0  entry5.o(.ARM.Collect$$$$00000004)
    _main_clock                              0x08000191   Thumb Code     0  entry7b.o(.ARM.Collect$$$$00000008)
    _main_cpp_init                           0x08000191   Thumb Code     0  entry8b.o(.ARM.Collect$$$$0000000A)
    _main_init                               0x08000191   Thumb Code     0  entry9a.o(.ARM.Collect$$$$0000000B)
    __rt_final_cpp                           0x08000199   Thumb Code     0  entry10a.o(.ARM.Collect$$$$0000000D)
    __rt_final_exit                          0x08000199   Thumb Code     0  entry11a.o(.ARM.Collect$$$$0000000F)
    Reset_Handler                            0x0800019d   Thumb Code     8  startup_stm32f407xx.o(.text)
    ADC_IRQHandler                           0x080001b7   Thumb Code     0  startup_stm32f407xx.o(.text)
    CAN1_RX0_IRQHandler                      0x080001b7   Thumb Code     0  startup_stm32f407xx.o(.text)
    CAN1_RX1_IRQHandler                      0x080001b7   Thumb Code     0  startup_stm32f407xx.o(.text)
    CAN1_SCE_IRQHandler                      0x080001b7   Thumb Code     0  startup_stm32f407xx.o(.text)
    CAN1_TX_IRQHandler                       0x080001b7   Thumb Code     0  startup_stm32f407xx.o(.text)
    CAN2_RX0_IRQHandler                      0x080001b7   Thumb Code     0  startup_stm32f407xx.o(.text)
    CAN2_RX1_IRQHandler                      0x080001b7   Thumb Code     0  startup_stm32f407xx.o(.text)
    CAN2_SCE_IRQHandler                      0x080001b7   Thumb Code     0  startup_stm32f407xx.o(.text)
    CAN2_TX_IRQHandler                       0x080001b7   Thumb Code     0  startup_stm32f407xx.o(.text)
    DCMI_IRQHandler                          0x080001b7   Thumb Code     0  startup_stm32f407xx.o(.text)
    DMA1_Stream0_IRQHandler                  0x080001b7   Thumb Code     0  startup_stm32f407xx.o(.text)
    DMA1_Stream1_IRQHandler                  0x080001b7   Thumb Code     0  startup_stm32f407xx.o(.text)
    DMA1_Stream2_IRQHandler                  0x080001b7   Thumb Code     0  startup_stm32f407xx.o(.text)
    DMA1_Stream3_IRQHandler                  0x080001b7   Thumb Code     0  startup_stm32f407xx.o(.text)
    DMA1_Stream4_IRQHandler                  0x080001b7   Thumb Code     0  startup_stm32f407xx.o(.text)
    DMA1_Stream5_IRQHandler                  0x080001b7   Thumb Code     0  startup_stm32f407xx.o(.text)
    DMA1_Stream6_IRQHandler                  0x080001b7   Thumb Code     0  startup_stm32f407xx.o(.text)
    DMA1_Stream7_IRQHandler                  0x080001b7   Thumb Code     0  startup_stm32f407xx.o(.text)
    DMA2_Stream0_IRQHandler                  0x080001b7   Thumb Code     0  startup_stm32f407xx.o(.text)
    DMA2_Stream1_IRQHandler                  0x080001b7   Thumb Code     0  startup_stm32f407xx.o(.text)
    DMA2_Stream2_IRQHandler                  0x080001b7   Thumb Code     0  startup_stm32f407xx.o(.text)
    DMA2_Stream3_IRQHandler                  0x080001b7   Thumb Code     0  startup_stm32f407xx.o(.text)
    DMA2_Stream4_IRQHandler                  0x080001b7   Thumb Code     0  startup_stm32f407xx.o(.text)
    DMA2_Stream5_IRQHandler                  0x080001b7   Thumb Code     0  startup_stm32f407xx.o(.text)
    DMA2_Stream6_IRQHandler                  0x080001b7   Thumb Code     0  startup_stm32f407xx.o(.text)
    DMA2_Stream7_IRQHandler                  0x080001b7   Thumb Code     0  startup_stm32f407xx.o(.text)
    ETH_IRQHandler                           0x080001b7   Thumb Code     0  startup_stm32f407xx.o(.text)
    ETH_WKUP_IRQHandler                      0x080001b7   Thumb Code     0  startup_stm32f407xx.o(.text)
    EXTI0_IRQHandler                         0x080001b7   Thumb Code     0  startup_stm32f407xx.o(.text)
    EXTI15_10_IRQHandler                     0x080001b7   Thumb Code     0  startup_stm32f407xx.o(.text)
    EXTI1_IRQHandler                         0x080001b7   Thumb Code     0  startup_stm32f407xx.o(.text)
    EXTI2_IRQHandler                         0x080001b7   Thumb Code     0  startup_stm32f407xx.o(.text)
    EXTI3_IRQHandler                         0x080001b7   Thumb Code     0  startup_stm32f407xx.o(.text)
    EXTI4_IRQHandler                         0x080001b7   Thumb Code     0  startup_stm32f407xx.o(.text)
    EXTI9_5_IRQHandler                       0x080001b7   Thumb Code     0  startup_stm32f407xx.o(.text)
    FLASH_IRQHandler                         0x080001b7   Thumb Code     0  startup_stm32f407xx.o(.text)
    FMC_IRQHandler                           0x080001b7   Thumb Code     0  startup_stm32f407xx.o(.text)
    FPU_IRQHandler                           0x080001b7   Thumb Code     0  startup_stm32f407xx.o(.text)
    HASH_RNG_IRQHandler                      0x080001b7   Thumb Code     0  startup_stm32f407xx.o(.text)
    I2C1_ER_IRQHandler                       0x080001b7   Thumb Code     0  startup_stm32f407xx.o(.text)
    I2C1_EV_IRQHandler                       0x080001b7   Thumb Code     0  startup_stm32f407xx.o(.text)
    I2C2_ER_IRQHandler                       0x080001b7   Thumb Code     0  startup_stm32f407xx.o(.text)
    I2C2_EV_IRQHandler                       0x080001b7   Thumb Code     0  startup_stm32f407xx.o(.text)
    I2C3_ER_IRQHandler                       0x080001b7   Thumb Code     0  startup_stm32f407xx.o(.text)
    I2C3_EV_IRQHandler                       0x080001b7   Thumb Code     0  startup_stm32f407xx.o(.text)
    OTG_FS_IRQHandler                        0x080001b7   Thumb Code     0  startup_stm32f407xx.o(.text)
    OTG_FS_WKUP_IRQHandler                   0x080001b7   Thumb Code     0  startup_stm32f407xx.o(.text)
    OTG_HS_EP1_IN_IRQHandler                 0x080001b7   Thumb Code     0  startup_stm32f407xx.o(.text)
    OTG_HS_EP1_OUT_IRQHandler                0x080001b7   Thumb Code     0  startup_stm32f407xx.o(.text)
    OTG_HS_IRQHandler                        0x080001b7   Thumb Code     0  startup_stm32f407xx.o(.text)
    OTG_HS_WKUP_IRQHandler                   0x080001b7   Thumb Code     0  startup_stm32f407xx.o(.text)
    PVD_IRQHandler                           0x080001b7   Thumb Code     0  startup_stm32f407xx.o(.text)
    RCC_IRQHandler                           0x080001b7   Thumb Code     0  startup_stm32f407xx.o(.text)
    RTC_Alarm_IRQHandler                     0x080001b7   Thumb Code     0  startup_stm32f407xx.o(.text)
    RTC_WKUP_IRQHandler                      0x080001b7   Thumb Code     0  startup_stm32f407xx.o(.text)
    SDIO_IRQHandler                          0x080001b7   Thumb Code     0  startup_stm32f407xx.o(.text)
    SPI1_IRQHandler                          0x080001b7   Thumb Code     0  startup_stm32f407xx.o(.text)
    SPI2_IRQHandler                          0x080001b7   Thumb Code     0  startup_stm32f407xx.o(.text)
    SPI3_IRQHandler                          0x080001b7   Thumb Code     0  startup_stm32f407xx.o(.text)
    TAMP_STAMP_IRQHandler                    0x080001b7   Thumb Code     0  startup_stm32f407xx.o(.text)
    TIM1_BRK_TIM9_IRQHandler                 0x080001b7   Thumb Code     0  startup_stm32f407xx.o(.text)
    TIM1_CC_IRQHandler                       0x080001b7   Thumb Code     0  startup_stm32f407xx.o(.text)
    TIM1_TRG_COM_TIM11_IRQHandler            0x080001b7   Thumb Code     0  startup_stm32f407xx.o(.text)
    TIM1_UP_TIM10_IRQHandler                 0x080001b7   Thumb Code     0  startup_stm32f407xx.o(.text)
    TIM2_IRQHandler                          0x080001b7   Thumb Code     0  startup_stm32f407xx.o(.text)
    TIM3_IRQHandler                          0x080001b7   Thumb Code     0  startup_stm32f407xx.o(.text)
    TIM4_IRQHandler                          0x080001b7   Thumb Code     0  startup_stm32f407xx.o(.text)
    TIM5_IRQHandler                          0x080001b7   Thumb Code     0  startup_stm32f407xx.o(.text)
    TIM6_DAC_IRQHandler                      0x080001b7   Thumb Code     0  startup_stm32f407xx.o(.text)
    TIM7_IRQHandler                          0x080001b7   Thumb Code     0  startup_stm32f407xx.o(.text)
    TIM8_BRK_TIM12_IRQHandler                0x080001b7   Thumb Code     0  startup_stm32f407xx.o(.text)
    TIM8_CC_IRQHandler                       0x080001b7   Thumb Code     0  startup_stm32f407xx.o(.text)
    TIM8_TRG_COM_TIM14_IRQHandler            0x080001b7   Thumb Code     0  startup_stm32f407xx.o(.text)
    TIM8_UP_TIM13_IRQHandler                 0x080001b7   Thumb Code     0  startup_stm32f407xx.o(.text)
    UART4_IRQHandler                         0x080001b7   Thumb Code     0  startup_stm32f407xx.o(.text)
    UART5_IRQHandler                         0x080001b7   Thumb Code     0  startup_stm32f407xx.o(.text)
    USART1_IRQHandler                        0x080001b7   Thumb Code     0  startup_stm32f407xx.o(.text)
    USART2_IRQHandler                        0x080001b7   Thumb Code     0  startup_stm32f407xx.o(.text)
    USART3_IRQHandler                        0x080001b7   Thumb Code     0  startup_stm32f407xx.o(.text)
    USART6_IRQHandler                        0x080001b7   Thumb Code     0  startup_stm32f407xx.o(.text)
    WWDG_IRQHandler                          0x080001b7   Thumb Code     0  startup_stm32f407xx.o(.text)
    __aeabi_uldivmod                         0x080001c1   Thumb Code    98  uldiv.o(.text)
    __aeabi_memcpy                           0x08000223   Thumb Code    36  memcpya.o(.text)
    __aeabi_memcpy4                          0x08000223   Thumb Code     0  memcpya.o(.text)
    __aeabi_memcpy8                          0x08000223   Thumb Code     0  memcpya.o(.text)
    __aeabi_memset                           0x08000247   Thumb Code    14  memseta.o(.text)
    __aeabi_memset4                          0x08000247   Thumb Code     0  memseta.o(.text)
    __aeabi_memset8                          0x08000247   Thumb Code     0  memseta.o(.text)
    __aeabi_memclr                           0x08000255   Thumb Code     4  memseta.o(.text)
    __aeabi_memclr4                          0x08000255   Thumb Code     0  memseta.o(.text)
    __aeabi_memclr8                          0x08000255   Thumb Code     0  memseta.o(.text)
    _memset$wrapper                          0x08000259   Thumb Code    18  memseta.o(.text)
    strcpy                                   0x0800026b   Thumb Code    18  strcpy.o(.text)
    __aeabi_llsl                             0x0800027d   Thumb Code    30  llshl.o(.text)
    _ll_shift_l                              0x0800027d   Thumb Code     0  llshl.o(.text)
    __aeabi_llsr                             0x0800029b   Thumb Code    32  llushr.o(.text)
    _ll_ushift_r                             0x0800029b   Thumb Code     0  llushr.o(.text)
    __scatterload                            0x080002bd   Thumb Code    28  init.o(.text)
    __scatterload_rt2                        0x080002bd   Thumb Code     0  init.o(.text)
    __decompress                             0x080002e1   Thumb Code     0  __dclz77c.o(.text)
    __decompress2                            0x080002e1   Thumb Code    94  __dclz77c.o(.text)
    BusFault_Handler                         0x0800033f   Thumb Code     2  stm32f4xx_it.o(i.BusFault_Handler)
    DebugMon_Handler                         0x08000341   Thumb Code     2  stm32f4xx_it.o(i.DebugMon_Handler)
    Error_Handler                            0x08000343   Thumb Code     4  main.o(i.Error_Handler)
    HAL_Delay                                0x08000349   Thumb Code    32  stm32f4xx_hal.o(i.HAL_Delay)
    HAL_GPIO_Init                            0x0800036d   Thumb Code   450  stm32f4xx_hal_gpio.o(i.HAL_GPIO_Init)
    HAL_GPIO_WritePin                        0x0800055d   Thumb Code    10  stm32f4xx_hal_gpio.o(i.HAL_GPIO_WritePin)
    HAL_GetTick                              0x08000569   Thumb Code     6  stm32f4xx_hal.o(i.HAL_GetTick)
    HAL_IncTick                              0x08000575   Thumb Code    12  stm32f4xx_hal.o(i.HAL_IncTick)
    HAL_Init                                 0x08000585   Thumb Code    48  stm32f4xx_hal.o(i.HAL_Init)
    HAL_InitTick                             0x080005b9   Thumb Code    54  stm32f4xx_hal.o(i.HAL_InitTick)
    HAL_MspInit                              0x080005f9   Thumb Code    42  stm32f4xx_hal_msp.o(i.HAL_MspInit)
    HAL_NVIC_SetPriority                     0x08000629   Thumb Code    60  stm32f4xx_hal_cortex.o(i.HAL_NVIC_SetPriority)
    HAL_NVIC_SetPriorityGrouping             0x08000669   Thumb Code    26  stm32f4xx_hal_cortex.o(i.HAL_NVIC_SetPriorityGrouping)
    HAL_RCC_ClockConfig                      0x0800068d   Thumb Code   288  stm32f4xx_hal_rcc.o(i.HAL_RCC_ClockConfig)
    HAL_RCC_GetPCLK1Freq                     0x080007c1   Thumb Code    20  stm32f4xx_hal_rcc.o(i.HAL_RCC_GetPCLK1Freq)
    HAL_RCC_GetPCLK2Freq                     0x080007e1   Thumb Code    20  stm32f4xx_hal_rcc.o(i.HAL_RCC_GetPCLK2Freq)
    HAL_RCC_GetSysClockFreq                  0x08000801   Thumb Code    88  stm32f4xx_hal_rcc.o(i.HAL_RCC_GetSysClockFreq)
    HAL_RCC_OscConfig                        0x08000865   Thumb Code   856  stm32f4xx_hal_rcc.o(i.HAL_RCC_OscConfig)
    HAL_SYSTICK_CLKSourceConfig              0x08000bd1   Thumb Code    24  stm32f4xx_hal_cortex.o(i.HAL_SYSTICK_CLKSourceConfig)
    HAL_SYSTICK_Config                       0x08000be9   Thumb Code    40  stm32f4xx_hal_cortex.o(i.HAL_SYSTICK_Config)
    HAL_UART_Init                            0x08000c11   Thumb Code   100  stm32f4xx_hal_uart.o(i.HAL_UART_Init)
    HAL_UART_MspInit                         0x08000c75   Thumb Code    94  usart.o(i.HAL_UART_MspInit)
    HAL_UART_Transmit                        0x08000ce1   Thumb Code   160  stm32f4xx_hal_uart.o(i.HAL_UART_Transmit)
    HardFault_Handler                        0x08000d81   Thumb Code     2  stm32f4xx_it.o(i.HardFault_Handler)
    LED_Init                                 0x08000d85   Thumb Code    52  gpio.o(i.LED_Init)
    MX_GPIO_Init                             0x08000dbd   Thumb Code    38  gpio.o(i.MX_GPIO_Init)
    MX_USART1_UART_Init                      0x08000de9   Thumb Code    48  usart.o(i.MX_USART1_UART_Init)
    MemManage_Handler                        0x08000e21   Thumb Code     2  stm32f4xx_it.o(i.MemManage_Handler)
    NMI_Handler                              0x08000e23   Thumb Code     2  stm32f4xx_it.o(i.NMI_Handler)
    PendSV_Handler                           0x08000e25   Thumb Code     2  stm32f4xx_it.o(i.PendSV_Handler)
    SVC_Handler                              0x08000e27   Thumb Code     2  stm32f4xx_it.o(i.SVC_Handler)
    SysTick_Handler                          0x08000e29   Thumb Code     4  stm32f4xx_it.o(i.SysTick_Handler)
    SystemClock_Config                       0x08000e2d   Thumb Code   116  main.o(i.SystemClock_Config)
    SystemInit                               0x08000ea9   Thumb Code    12  system_stm32f4xx.o(i.SystemInit)
    UsageFault_Handler                       0x08001087   Thumb Code     2  stm32f4xx_it.o(i.UsageFault_Handler)
    VL53L0X_CheckAndLoadInterruptSettings    0x08001089   Thumb Code   118  vl53l0x_api.o(i.VL53L0X_CheckAndLoadInterruptSettings)
    VL53L0X_ClearInterruptMask               0x08001105   Thumb Code    76  vl53l0x_api.o(i.VL53L0X_ClearInterruptMask)
    VL53L0X_DataInit                         0x08001151   Thumb Code   400  vl53l0x_api.o(i.VL53L0X_DataInit)
    VL53L0X_GetDeviceInfo                    0x080012e9   Thumb Code     4  vl53l0x_api.o(i.VL53L0X_GetDeviceInfo)
    VL53L0X_GetDeviceParameters              0x080012ed   Thumb Code   128  vl53l0x_api.o(i.VL53L0X_GetDeviceParameters)
    VL53L0X_GetFractionEnable                0x0800136d   Thumb Code    26  vl53l0x_api.o(i.VL53L0X_GetFractionEnable)
    VL53L0X_GetInterMeasurementPeriodMilliSeconds 0x08001387   Thumb Code    54  vl53l0x_api.o(i.VL53L0X_GetInterMeasurementPeriodMilliSeconds)
    VL53L0X_GetInterruptMaskStatus           0x080013bd   Thumb Code    34  vl53l0x_api.o(i.VL53L0X_GetInterruptMaskStatus)
    VL53L0X_GetInterruptThresholds           0x080013df   Thumb Code    52  vl53l0x_api.o(i.VL53L0X_GetInterruptThresholds)
    VL53L0X_GetLimitCheckEnable              0x08001413   Thumb Code    24  vl53l0x_api.o(i.VL53L0X_GetLimitCheckEnable)
    VL53L0X_GetLimitCheckValue               0x0800142d   Thumb Code   122  vl53l0x_api.o(i.VL53L0X_GetLimitCheckValue)
    VL53L0X_GetMeasurementDataReady          0x080014a7   Thumb Code    58  vl53l0x_api.o(i.VL53L0X_GetMeasurementDataReady)
    VL53L0X_GetMeasurementTimingBudgetMicroSeconds 0x080014e1   Thumb Code     4  vl53l0x_api.o(i.VL53L0X_GetMeasurementTimingBudgetMicroSeconds)
    VL53L0X_GetOffsetCalibrationDataMicroMeter 0x080014e5   Thumb Code     4  vl53l0x_api.o(i.VL53L0X_GetOffsetCalibrationDataMicroMeter)
    VL53L0X_GetPalErrorString                0x080014e9   Thumb Code     4  vl53l0x_api.o(i.VL53L0X_GetPalErrorString)
    VL53L0X_GetRangeStatusString             0x080014ed   Thumb Code     4  vl53l0x_api.o(i.VL53L0X_GetRangeStatusString)
    VL53L0X_GetRangingMeasurementData        0x080014f1   Thumb Code   300  vl53l0x_api.o(i.VL53L0X_GetRangingMeasurementData)
    VL53L0X_GetSequenceStepEnables           0x0800161d   Thumb Code   114  vl53l0x_api.o(i.VL53L0X_GetSequenceStepEnables)
    VL53L0X_GetVcselPulsePeriod              0x0800168f   Thumb Code     4  vl53l0x_api.o(i.VL53L0X_GetVcselPulsePeriod)
    VL53L0X_GetWrapAroundCheckEnable         0x08001693   Thumb Code    44  vl53l0x_api.o(i.VL53L0X_GetWrapAroundCheckEnable)
    VL53L0X_GetXTalkCompensationEnable       0x080016bf   Thumb Code    10  vl53l0x_api.o(i.VL53L0X_GetXTalkCompensationEnable)
    VL53L0X_GetXTalkCompensationRateMegaCps  0x080016c9   Thumb Code    44  vl53l0x_api.o(i.VL53L0X_GetXTalkCompensationRateMegaCps)
    VL53L0X_PerformRefCalibration            0x080016f5   Thumb Code     6  vl53l0x_api.o(i.VL53L0X_PerformRefCalibration)
    VL53L0X_PerformRefSpadManagement         0x080016fb   Thumb Code     4  vl53l0x_api.o(i.VL53L0X_PerformRefSpadManagement)
    VL53L0X_PerformSingleMeasurement         0x080016ff   Thumb Code    34  vl53l0x_api.o(i.VL53L0X_PerformSingleMeasurement)
    VL53L0X_PerformSingleRangingMeasurement  0x08001721   Thumb Code    52  vl53l0x_api.o(i.VL53L0X_PerformSingleRangingMeasurement)
    VL53L0X_PollingDelay                     0x08001755   Thumb Code    18  vl53l0x_platform.o(i.VL53L0X_PollingDelay)
    VL53L0X_RdByte                           0x08001767   Thumb Code    22  vl53l0x_platform.o(i.VL53L0X_RdByte)
    VL53L0X_RdDWord                          0x0800177d   Thumb Code    22  vl53l0x_platform.o(i.VL53L0X_RdDWord)
    VL53L0X_RdWord                           0x08001793   Thumb Code    22  vl53l0x_platform.o(i.VL53L0X_RdWord)
    VL53L0X_ReadMulti                        0x080017a9   Thumb Code    30  vl53l0x_platform.o(i.VL53L0X_ReadMulti)
    VL53L0X_SetDeviceAddress                 0x080017c7   Thumb Code     8  vl53l0x_api.o(i.VL53L0X_SetDeviceAddress)
    VL53L0X_SetDeviceMode                    0x080017cf   Thumb Code    36  vl53l0x_api.o(i.VL53L0X_SetDeviceMode)
    VL53L0X_SetGpioConfig                    0x080017f3   Thumb Code   312  vl53l0x_api.o(i.VL53L0X_SetGpioConfig)
    VL53L0X_SetLimitCheckEnable              0x0800192d   Thumb Code   130  vl53l0x_api.o(i.VL53L0X_SetLimitCheckEnable)
    VL53L0X_SetLimitCheckValue               0x080019af   Thumb Code    80  vl53l0x_api.o(i.VL53L0X_SetLimitCheckValue)
    VL53L0X_SetMeasurementTimingBudgetMicroSeconds 0x080019ff   Thumb Code     4  vl53l0x_api.o(i.VL53L0X_SetMeasurementTimingBudgetMicroSeconds)
    VL53L0X_SetOffsetCalibrationDataMicroMeter 0x08001a03   Thumb Code     4  vl53l0x_api.o(i.VL53L0X_SetOffsetCalibrationDataMicroMeter)
    VL53L0X_SetRefCalibration                0x08001a07   Thumb Code     4  vl53l0x_api.o(i.VL53L0X_SetRefCalibration)
    VL53L0X_SetReferenceSpads                0x08001a0b   Thumb Code     4  vl53l0x_api.o(i.VL53L0X_SetReferenceSpads)
    VL53L0X_SetSequenceStepEnable            0x08001a0f   Thumb Code   174  vl53l0x_api.o(i.VL53L0X_SetSequenceStepEnable)
    VL53L0X_SetVcselPulsePeriod              0x08001abd   Thumb Code     4  vl53l0x_api.o(i.VL53L0X_SetVcselPulsePeriod)
    VL53L0X_SetXTalkCompensationRateMegaCps  0x08001ac1   Thumb Code    46  vl53l0x_api.o(i.VL53L0X_SetXTalkCompensationRateMegaCps)
    VL53L0X_StartMeasurement                 0x08001af1   Thumb Code   212  vl53l0x_api.o(i.VL53L0X_StartMeasurement)
    VL53L0X_StaticInit                       0x08001bc5   Thumb Code   366  vl53l0x_api.o(i.VL53L0X_StaticInit)
    VL53L0X_UpdateByte                       0x08001d39   Thumb Code    66  vl53l0x_platform.o(i.VL53L0X_UpdateByte)
    VL53L0X_WrByte                           0x08001d7b   Thumb Code    22  vl53l0x_platform.o(i.VL53L0X_WrByte)
    VL53L0X_WrWord                           0x08001d91   Thumb Code    22  vl53l0x_platform.o(i.VL53L0X_WrWord)
    VL53L0X_WriteMulti                       0x08001da7   Thumb Code    30  vl53l0x_platform.o(i.VL53L0X_WriteMulti)
    VL53L0X_calc_dmax                        0x08001dc5   Thumb Code   212  vl53l0x_api_core.o(i.VL53L0X_calc_dmax)
    VL53L0X_calc_macro_period_ps             0x08001e9d   Thumb Code    16  vl53l0x_api_core.o(i.VL53L0X_calc_macro_period_ps)
    VL53L0X_calc_sigma_estimate              0x08001ead   Thumb Code   540  vl53l0x_api_core.o(i.VL53L0X_calc_sigma_estimate)
    VL53L0X_calc_timeout_mclks               0x080020d5   Thumb Code    34  vl53l0x_api_core.o(i.VL53L0X_calc_timeout_mclks)
    VL53L0X_calc_timeout_us                  0x080020f7   Thumb Code    34  vl53l0x_api_core.o(i.VL53L0X_calc_timeout_us)
    VL53L0X_check_part_used                  0x08002119   Thumb Code    60  vl53l0x_api_strings.o(i.VL53L0X_check_part_used)
    VL53L0X_decode_timeout                   0x08002155   Thumb Code    12  vl53l0x_api_core.o(i.VL53L0X_decode_timeout)
    VL53L0X_decode_vcsel_period              0x08002161   Thumb Code     8  vl53l0x_api_core.o(i.VL53L0X_decode_vcsel_period)
    VL53L0X_device_read_strobe               0x08002169   Thumb Code    74  vl53l0x_api_core.o(i.VL53L0X_device_read_strobe)
    VL53L0X_encode_timeout                   0x080021b3   Thumb Code    30  vl53l0x_api_core.o(i.VL53L0X_encode_timeout)
    VL53L0X_encode_vcsel_period              0x080021d1   Thumb Code    10  vl53l0x_api_core.o(i.VL53L0X_encode_vcsel_period)
    VL53L0X_get_device_info                  0x080021dd   Thumb Code   108  vl53l0x_api_strings.o(i.VL53L0X_get_device_info)
    VL53L0X_get_info_from_device             0x0800228d   Thumb Code  1320  vl53l0x_api_core.o(i.VL53L0X_get_info_from_device)
    VL53L0X_get_measurement_timing_budget_micro_seconds 0x080027b5   Thumb Code   196  vl53l0x_api_core.o(i.VL53L0X_get_measurement_timing_budget_micro_seconds)
    VL53L0X_get_offset_calibration_data_micro_meter 0x08002879   Thumb Code    52  vl53l0x_api_calibration.o(i.VL53L0X_get_offset_calibration_data_micro_meter)
    VL53L0X_get_pal_error_string             0x080028ad   Thumb Code   176  vl53l0x_api_strings.o(i.VL53L0X_get_pal_error_string)
    VL53L0X_get_pal_range_status             0x08002afd   Thumb Code   486  vl53l0x_api_core.o(i.VL53L0X_get_pal_range_status)
    VL53L0X_get_range_status_string          0x08002ce5   Thumb Code    56  vl53l0x_api_strings.o(i.VL53L0X_get_range_status_string)
    VL53L0X_get_total_signal_rate            0x08002d8d   Thumb Code    28  vl53l0x_api_core.o(i.VL53L0X_get_total_signal_rate)
    VL53L0X_get_total_xtalk_rate             0x08002da9   Thumb Code    46  vl53l0x_api_core.o(i.VL53L0X_get_total_xtalk_rate)
    VL53L0X_get_vcsel_pulse_period           0x08002dd7   Thumb Code    48  vl53l0x_api_core.o(i.VL53L0X_get_vcsel_pulse_period)
    VL53L0X_i2c_init                         0x08002e09   Thumb Code    60  vl53l0x_i2c.o(i.VL53L0X_i2c_init)
    VL53L0X_isqrt                            0x08002e51   Thumb Code    42  vl53l0x_api_core.o(i.VL53L0X_isqrt)
    VL53L0X_load_tuning_settings             0x08002e7d   Thumb Code   164  vl53l0x_api_core.o(i.VL53L0X_load_tuning_settings)
    VL53L0X_measurement_poll_for_completion  0x08002f21   Thumb Code    54  vl53l0x_api_core.o(i.VL53L0X_measurement_poll_for_completion)
    VL53L0X_perform_phase_calibration        0x08002f57   Thumb Code   116  vl53l0x_api_calibration.o(i.VL53L0X_perform_phase_calibration)
    VL53L0X_perform_ref_calibration          0x08002fcb   Thumb Code    64  vl53l0x_api_calibration.o(i.VL53L0X_perform_ref_calibration)
    VL53L0X_perform_ref_spad_management      0x0800300b   Thumb Code   542  vl53l0x_api_calibration.o(i.VL53L0X_perform_ref_spad_management)
    VL53L0X_perform_single_ref_calibration   0x08003229   Thumb Code    56  vl53l0x_api_calibration.o(i.VL53L0X_perform_single_ref_calibration)
    VL53L0X_perform_vhv_calibration          0x08003261   Thumb Code   116  vl53l0x_api_calibration.o(i.VL53L0X_perform_vhv_calibration)
    VL53L0X_read_byte                        0x080032d5   Thumb Code     6  vl53l0x_i2c.o(i.VL53L0X_read_byte)
    VL53L0X_read_dword                       0x080032db   Thumb Code    44  vl53l0x_i2c.o(i.VL53L0X_read_dword)
    VL53L0X_read_multi                       0x08003307   Thumb Code    22  vl53l0x_i2c.o(i.VL53L0X_read_multi)
    VL53L0X_read_word                        0x0800331d   Thumb Code    28  vl53l0x_i2c.o(i.VL53L0X_read_word)
    VL53L0X_ref_calibration_io               0x08003339   Thumb Code   178  vl53l0x_api_calibration.o(i.VL53L0X_ref_calibration_io)
    VL53L0X_set_measurement_timing_budget_micro_seconds 0x080033eb   Thumb Code   194  vl53l0x_api_core.o(i.VL53L0X_set_measurement_timing_budget_micro_seconds)
    VL53L0X_set_offset_calibration_data_micro_meter 0x080034ad   Thumb Code    52  vl53l0x_api_calibration.o(i.VL53L0X_set_offset_calibration_data_micro_meter)
    VL53L0X_set_ref_calibration              0x080034e9   Thumb Code    32  vl53l0x_api_calibration.o(i.VL53L0X_set_ref_calibration)
    VL53L0X_set_reference_spads              0x08003509   Thumb Code   166  vl53l0x_api_calibration.o(i.VL53L0X_set_reference_spads)
    VL53L0X_set_vcsel_pulse_period           0x080035af   Thumb Code   544  vl53l0x_api_core.o(i.VL53L0X_set_vcsel_pulse_period)
    VL53L0X_write_byte                       0x080037cf   Thumb Code    12  vl53l0x_i2c.o(i.VL53L0X_write_byte)
    VL53L0X_write_multi                      0x080037db   Thumb Code    22  vl53l0x_i2c.o(i.VL53L0X_write_multi)
    VL53L0X_write_word                       0x080037f1   Thumb Code    50  vl53l0x_i2c.o(i.VL53L0X_write_word)
    VL_IIC_Ack                               0x08003825   Thumb Code    56  vl53l0x_i2c.o(i.VL_IIC_Ack)
    VL_IIC_NAck                              0x08003865   Thumb Code    56  vl53l0x_i2c.o(i.VL_IIC_NAck)
    VL_IIC_Read_Byte                         0x080038a5   Thumb Code    96  vl53l0x_i2c.o(i.VL_IIC_Read_Byte)
    VL_IIC_Read_nByte                        0x0800390d   Thumb Code   100  vl53l0x_i2c.o(i.VL_IIC_Read_nByte)
    VL_IIC_Send_Byte                         0x08003971   Thumb Code    94  vl53l0x_i2c.o(i.VL_IIC_Send_Byte)
    VL_IIC_Start                             0x080039d9   Thumb Code    56  vl53l0x_i2c.o(i.VL_IIC_Start)
    VL_IIC_Stop                              0x08003a19   Thumb Code    58  vl53l0x_i2c.o(i.VL_IIC_Stop)
    VL_IIC_Wait_Ack                          0x08003a5d   Thumb Code    74  vl53l0x_i2c.o(i.VL_IIC_Wait_Ack)
    VL_IIC_Write_nByte                       0x08003ab1   Thumb Code    70  vl53l0x_i2c.o(i.VL_IIC_Write_nByte)
    XShut_PinInit                            0x08003af9   Thumb Code    62  vl53l0x.o(i.XShut_PinInit)
    __0printf$8                              0x08003b3d   Thumb Code    22  printf8.o(i.__0printf$8)
    __1printf$8                              0x08003b3d   Thumb Code     0  printf8.o(i.__0printf$8)
    __2printf                                0x08003b3d   Thumb Code     0  printf8.o(i.__0printf$8)
    __scatterload_copy                       0x08003b7d   Thumb Code    14  handlers.o(i.__scatterload_copy)
    __scatterload_null                       0x08003b8b   Thumb Code     2  handlers.o(i.__scatterload_null)
    __scatterload_zeroinit                   0x08003b8d   Thumb Code    14  handlers.o(i.__scatterload_zeroinit)
    delay_init                               0x08004001   Thumb Code    16  delay.o(i.delay_init)
    delay_us                                 0x08004015   Thumb Code    48  delay.o(i.delay_us)
    enable_ref_spads                         0x08004049   Thumb Code   148  vl53l0x_api_calibration.o(i.enable_ref_spads)
    enable_spad_bit                          0x080040dd   Thumb Code    42  vl53l0x_api_calibration.o(i.enable_spad_bit)
    fputc                                    0x08004109   Thumb Code    24  main.o(i.fputc)
    get_next_good_spad                       0x08004125   Thumb Code    92  vl53l0x_api_calibration.o(i.get_next_good_spad)
    get_ref_spad_map                         0x08004181   Thumb Code    10  vl53l0x_api_calibration.o(i.get_ref_spad_map)
    get_sequence_step_timeout                0x0800418b   Thumb Code   242  vl53l0x_api_core.o(i.get_sequence_step_timeout)
    is_aperture                              0x0800427d   Thumb Code    20  vl53l0x_api_calibration.o(i.is_aperture)
    main                                     0x08004295   Thumb Code   346  main.o(i.main)
    perform_ref_signal_measurement           0x080044fd   Thumb Code   100  vl53l0x_api_calibration.o(i.perform_ref_signal_measurement)
    print_pal_error                          0x08004561   Thumb Code    26  vl53l0x.o(i.print_pal_error)
    sequence_step_enabled                    0x08004595   Thumb Code    56  vl53l0x_api.o(i.sequence_step_enabled)
    set_ref_spad_map                         0x080045cd   Thumb Code    10  vl53l0x_api_calibration.o(i.set_ref_spad_map)
    set_sequence_step_timeout                0x080045d7   Thumb Code   258  vl53l0x_api_core.o(i.set_sequence_step_timeout)
    vl53l0x_Addr_set                         0x080046d9   Thumb Code   124  vl53l0x.o(i.vl53l0x_Addr_set)
    vl53l0x_init                             0x08004761   Thumb Code   118  vl53l0x.o(i.vl53l0x_init)
    vl53l0x_set_mode                         0x080047e9   Thumb Code   304  vl53l0x_gen.o(i.vl53l0x_set_mode)
    vl53l0x_start_single_test                0x08004925   Thumb Code    52  vl53l0x_gen.o(i.vl53l0x_start_single_test)
    vl53l0x_test                             0x0800495d   Thumb Code   104  main.o(i.vl53l0x_test)
    AHBPrescTable                            0x080049f0   Data          16  system_stm32f4xx.o(.constdata)
    APBPrescTable                            0x08004a00   Data           8  system_stm32f4xx.o(.constdata)
    Region$$Table$$Base                      0x08004a08   Number         0  anon$$obj.o(Region$$Table)
    Region$$Table$$Limit                     0x08004a28   Number         0  anon$$obj.o(Region$$Table)
    uwTickFreq                               0x20000000   Data           1  stm32f4xx_hal.o(.data)
    uwTickPrio                               0x20000004   Data           4  stm32f4xx_hal.o(.data)
    uwTick                                   0x20000008   Data           4  stm32f4xx_hal.o(.data)
    SystemCoreClock                          0x2000000c   Data           4  system_stm32f4xx.o(.data)
    DefaultTuningSettings                    0x20000010   Data         243  vl53l0x_api.o(.data)
    InterruptThresholdSettings               0x20000103   Data         438  vl53l0x_api.o(.data)
    refArrayQuadrants                        0x200002bc   Data          16  vl53l0x_api_calibration.o(.data)
    AjustOK                                  0x200002cc   Data           1  vl53l0x.o(.data)
    Mode_data                                0x200002cd   Data          56  vl53l0x.o(.data)
    Distance_data                            0x20000306   Data           6  vl53l0x_gen.o(.data)
    __stdout                                 0x20000310   Data           4  stdout.o(.data)
    huart1                                   0x200003b4   Data          72  usart.o(.bss)
    vl53l0x_dev                              0x200003fc   Data        1056  vl53l0x.o(.bss)
    vl53l0x_dev_info                         0x2000081c   Data          99  vl53l0x.o(.bss)
    Vl53l0x_adjust                           0x2000087f   Data          24  vl53l0x_cali.o(.bss)
    Vl53l0x_data                             0x20000897   Data          24  vl53l0x_cali.o(.bss)
    vl53l0x_data                             0x200008b0   Data          28  vl53l0x_gen.o(.bss)
    __initial_sp                             0x20000cd0   Data           0  startup_stm32f407xx.o(STACK)



==============================================================================

Memory Map of the image

  Image Entry point : 0x08000189

  Load Region LR_IROM1 (Base: 0x08000000, Size: 0x00004d3c, Max: 0x00080000, ABSOLUTE, COMPRESSED[0x00004cdc])

    Execution Region ER_IROM1 (Exec base: 0x08000000, Load base: 0x08000000, Size: 0x00004a28, Max: 0x00080000, ABSOLUTE)

    Exec Addr    Load Addr    Size         Type   Attr      Idx    E Section Name        Object

    0x08000000   0x08000000   0x00000188   Data   RO            3    RESET               startup_stm32f407xx.o
    0x08000188   0x08000188   0x00000000   Code   RO         3917  * .ARM.Collect$$$$00000000  mc_w.l(entry.o)
    0x08000188   0x08000188   0x00000004   Code   RO         4191    .ARM.Collect$$$$00000001  mc_w.l(entry2.o)
    0x0800018c   0x0800018c   0x00000004   Code   RO         4194    .ARM.Collect$$$$00000004  mc_w.l(entry5.o)
    0x08000190   0x08000190   0x00000000   Code   RO         4196    .ARM.Collect$$$$00000008  mc_w.l(entry7b.o)
    0x08000190   0x08000190   0x00000000   Code   RO         4198    .ARM.Collect$$$$0000000A  mc_w.l(entry8b.o)
    0x08000190   0x08000190   0x00000008   Code   RO         4199    .ARM.Collect$$$$0000000B  mc_w.l(entry9a.o)
    0x08000198   0x08000198   0x00000000   Code   RO         4201    .ARM.Collect$$$$0000000D  mc_w.l(entry10a.o)
    0x08000198   0x08000198   0x00000000   Code   RO         4203    .ARM.Collect$$$$0000000F  mc_w.l(entry11a.o)
    0x08000198   0x08000198   0x00000004   Code   RO         4192    .ARM.Collect$$$$00002712  mc_w.l(entry2.o)
    0x0800019c   0x0800019c   0x00000024   Code   RO            4    .text               startup_stm32f407xx.o
    0x080001c0   0x080001c0   0x00000062   Code   RO         3920    .text               mc_w.l(uldiv.o)
    0x08000222   0x08000222   0x00000024   Code   RO         3922    .text               mc_w.l(memcpya.o)
    0x08000246   0x08000246   0x00000024   Code   RO         3924    .text               mc_w.l(memseta.o)
    0x0800026a   0x0800026a   0x00000012   Code   RO         3926    .text               mc_w.l(strcpy.o)
    0x0800027c   0x0800027c   0x0000001e   Code   RO         4208    .text               mc_w.l(llshl.o)
    0x0800029a   0x0800029a   0x00000020   Code   RO         4210    .text               mc_w.l(llushr.o)
    0x080002ba   0x080002ba   0x00000002   PAD
    0x080002bc   0x080002bc   0x00000024   Code   RO         4223    .text               mc_w.l(init.o)
    0x080002e0   0x080002e0   0x0000005e   Code   RO         4237    .text               mc_w.l(__dclz77c.o)
    0x0800033e   0x0800033e   0x00000002   Code   RO          345    i.BusFault_Handler  stm32f4xx_it.o
    0x08000340   0x08000340   0x00000002   Code   RO          346    i.DebugMon_Handler  stm32f4xx_it.o
    0x08000342   0x08000342   0x00000004   Code   RO           13    i.Error_Handler     main.o
    0x08000346   0x08000346   0x00000002   PAD
    0x08000348   0x08000348   0x00000024   Code   RO         1786    i.HAL_Delay         stm32f4xx_hal.o
    0x0800036c   0x0800036c   0x000001f0   Code   RO         1254    i.HAL_GPIO_Init     stm32f4xx_hal_gpio.o
    0x0800055c   0x0800055c   0x0000000a   Code   RO         1258    i.HAL_GPIO_WritePin  stm32f4xx_hal_gpio.o
    0x08000566   0x08000566   0x00000002   PAD
    0x08000568   0x08000568   0x0000000c   Code   RO         1792    i.HAL_GetTick       stm32f4xx_hal.o
    0x08000574   0x08000574   0x00000010   Code   RO         1798    i.HAL_IncTick       stm32f4xx_hal.o
    0x08000584   0x08000584   0x00000034   Code   RO         1799    i.HAL_Init          stm32f4xx_hal.o
    0x080005b8   0x080005b8   0x00000040   Code   RO         1800    i.HAL_InitTick      stm32f4xx_hal.o
    0x080005f8   0x080005f8   0x00000030   Code   RO          420    i.HAL_MspInit       stm32f4xx_hal_msp.o
    0x08000628   0x08000628   0x00000040   Code   RO         1650    i.HAL_NVIC_SetPriority  stm32f4xx_hal_cortex.o
    0x08000668   0x08000668   0x00000024   Code   RO         1651    i.HAL_NVIC_SetPriorityGrouping  stm32f4xx_hal_cortex.o
    0x0800068c   0x0800068c   0x00000134   Code   RO          900    i.HAL_RCC_ClockConfig  stm32f4xx_hal_rcc.o
    0x080007c0   0x080007c0   0x00000020   Code   RO          907    i.HAL_RCC_GetPCLK1Freq  stm32f4xx_hal_rcc.o
    0x080007e0   0x080007e0   0x00000020   Code   RO          908    i.HAL_RCC_GetPCLK2Freq  stm32f4xx_hal_rcc.o
    0x08000800   0x08000800   0x00000064   Code   RO          909    i.HAL_RCC_GetSysClockFreq  stm32f4xx_hal_rcc.o
    0x08000864   0x08000864   0x0000036c   Code   RO          912    i.HAL_RCC_OscConfig  stm32f4xx_hal_rcc.o
    0x08000bd0   0x08000bd0   0x00000018   Code   RO         1653    i.HAL_SYSTICK_CLKSourceConfig  stm32f4xx_hal_cortex.o
    0x08000be8   0x08000be8   0x00000028   Code   RO         1655    i.HAL_SYSTICK_Config  stm32f4xx_hal_cortex.o
    0x08000c10   0x08000c10   0x00000064   Code   RO         2103    i.HAL_UART_Init     stm32f4xx_hal_uart.o
    0x08000c74   0x08000c74   0x0000006c   Code   RO          304    i.HAL_UART_MspInit  usart.o
    0x08000ce0   0x08000ce0   0x000000a0   Code   RO         2111    i.HAL_UART_Transmit  stm32f4xx_hal_uart.o
    0x08000d80   0x08000d80   0x00000002   Code   RO          347    i.HardFault_Handler  stm32f4xx_it.o
    0x08000d82   0x08000d82   0x00000002   PAD
    0x08000d84   0x08000d84   0x00000038   Code   RO          231    i.LED_Init          gpio.o
    0x08000dbc   0x08000dbc   0x0000002c   Code   RO          232    i.MX_GPIO_Init      gpio.o
    0x08000de8   0x08000de8   0x00000038   Code   RO          305    i.MX_USART1_UART_Init  usart.o
    0x08000e20   0x08000e20   0x00000002   Code   RO          348    i.MemManage_Handler  stm32f4xx_it.o
    0x08000e22   0x08000e22   0x00000002   Code   RO          349    i.NMI_Handler       stm32f4xx_it.o
    0x08000e24   0x08000e24   0x00000002   Code   RO          350    i.PendSV_Handler    stm32f4xx_it.o
    0x08000e26   0x08000e26   0x00000002   Code   RO          351    i.SVC_Handler       stm32f4xx_it.o
    0x08000e28   0x08000e28   0x00000004   Code   RO          352    i.SysTick_Handler   stm32f4xx_it.o
    0x08000e2c   0x08000e2c   0x0000007c   Code   RO           15    i.SystemClock_Config  main.o
    0x08000ea8   0x08000ea8   0x00000010   Code   RO         2437    i.SystemInit        system_stm32f4xx.o
    0x08000eb8   0x08000eb8   0x0000004e   Code   RO         2126    i.UART_EndRxTransfer  stm32f4xx_hal_uart.o
    0x08000f06   0x08000f06   0x00000002   PAD
    0x08000f08   0x08000f08   0x0000010c   Code   RO         2129    i.UART_SetConfig    stm32f4xx_hal_uart.o
    0x08001014   0x08001014   0x00000072   Code   RO         2132    i.UART_WaitOnFlagUntilTimeout  stm32f4xx_hal_uart.o
    0x08001086   0x08001086   0x00000002   Code   RO          353    i.UsageFault_Handler  stm32f4xx_it.o
    0x08001088   0x08001088   0x0000007c   Code   RO         2474    i.VL53L0X_CheckAndLoadInterruptSettings  vl53l0x_api.o
    0x08001104   0x08001104   0x0000004c   Code   RO         2475    i.VL53L0X_ClearInterruptMask  vl53l0x_api.o
    0x08001150   0x08001150   0x00000198   Code   RO         2476    i.VL53L0X_DataInit  vl53l0x_api.o
    0x080012e8   0x080012e8   0x00000004   Code   RO         2480    i.VL53L0X_GetDeviceInfo  vl53l0x_api.o
    0x080012ec   0x080012ec   0x00000080   Code   RO         2482    i.VL53L0X_GetDeviceParameters  vl53l0x_api.o
    0x0800136c   0x0800136c   0x0000001a   Code   RO         2484    i.VL53L0X_GetFractionEnable  vl53l0x_api.o
    0x08001386   0x08001386   0x00000036   Code   RO         2488    i.VL53L0X_GetInterMeasurementPeriodMilliSeconds  vl53l0x_api.o
    0x080013bc   0x080013bc   0x00000022   Code   RO         2489    i.VL53L0X_GetInterruptMaskStatus  vl53l0x_api.o
    0x080013de   0x080013de   0x00000034   Code   RO         2490    i.VL53L0X_GetInterruptThresholds  vl53l0x_api.o
    0x08001412   0x08001412   0x00000018   Code   RO         2492    i.VL53L0X_GetLimitCheckEnable  vl53l0x_api.o
    0x0800142a   0x0800142a   0x00000002   PAD
    0x0800142c   0x0800142c   0x0000007a   Code   RO         2495    i.VL53L0X_GetLimitCheckValue  vl53l0x_api.o
    0x080014a6   0x080014a6   0x0000003a   Code   RO         2498    i.VL53L0X_GetMeasurementDataReady  vl53l0x_api.o
    0x080014e0   0x080014e0   0x00000004   Code   RO         2500    i.VL53L0X_GetMeasurementTimingBudgetMicroSeconds  vl53l0x_api.o
    0x080014e4   0x080014e4   0x00000004   Code   RO         2504    i.VL53L0X_GetOffsetCalibrationDataMicroMeter  vl53l0x_api.o
    0x080014e8   0x080014e8   0x00000004   Code   RO         2505    i.VL53L0X_GetPalErrorString  vl53l0x_api.o
    0x080014ec   0x080014ec   0x00000004   Code   RO         2511    i.VL53L0X_GetRangeStatusString  vl53l0x_api.o
    0x080014f0   0x080014f0   0x0000012c   Code   RO         2512    i.VL53L0X_GetRangingMeasurementData  vl53l0x_api.o
    0x0800161c   0x0800161c   0x00000072   Code   RO         2516    i.VL53L0X_GetSequenceStepEnables  vl53l0x_api.o
    0x0800168e   0x0800168e   0x00000004   Code   RO         2525    i.VL53L0X_GetVcselPulsePeriod  vl53l0x_api.o
    0x08001692   0x08001692   0x0000002c   Code   RO         2527    i.VL53L0X_GetWrapAroundCheckEnable  vl53l0x_api.o
    0x080016be   0x080016be   0x0000000a   Code   RO         2528    i.VL53L0X_GetXTalkCompensationEnable  vl53l0x_api.o
    0x080016c8   0x080016c8   0x0000002c   Code   RO         2529    i.VL53L0X_GetXTalkCompensationRateMegaCps  vl53l0x_api.o
    0x080016f4   0x080016f4   0x00000006   Code   RO         2531    i.VL53L0X_PerformRefCalibration  vl53l0x_api.o
    0x080016fa   0x080016fa   0x00000004   Code   RO         2532    i.VL53L0X_PerformRefSpadManagement  vl53l0x_api.o
    0x080016fe   0x080016fe   0x00000022   Code   RO         2534    i.VL53L0X_PerformSingleMeasurement  vl53l0x_api.o
    0x08001720   0x08001720   0x00000034   Code   RO         2535    i.VL53L0X_PerformSingleRangingMeasurement  vl53l0x_api.o
    0x08001754   0x08001754   0x00000012   Code   RO         3631    i.VL53L0X_PollingDelay  vl53l0x_platform.o
    0x08001766   0x08001766   0x00000016   Code   RO         3632    i.VL53L0X_RdByte    vl53l0x_platform.o
    0x0800177c   0x0800177c   0x00000016   Code   RO         3633    i.VL53L0X_RdDWord   vl53l0x_platform.o
    0x08001792   0x08001792   0x00000016   Code   RO         3634    i.VL53L0X_RdWord    vl53l0x_platform.o
    0x080017a8   0x080017a8   0x0000001e   Code   RO         3635    i.VL53L0X_ReadMulti  vl53l0x_platform.o
    0x080017c6   0x080017c6   0x00000008   Code   RO         2539    i.VL53L0X_SetDeviceAddress  vl53l0x_api.o
    0x080017ce   0x080017ce   0x00000024   Code   RO         2540    i.VL53L0X_SetDeviceMode  vl53l0x_api.o
    0x080017f2   0x080017f2   0x00000138   Code   RO         2543    i.VL53L0X_SetGpioConfig  vl53l0x_api.o
    0x0800192a   0x0800192a   0x00000002   PAD
    0x0800192c   0x0800192c   0x00000082   Code   RO         2548    i.VL53L0X_SetLimitCheckEnable  vl53l0x_api.o
    0x080019ae   0x080019ae   0x00000050   Code   RO         2549    i.VL53L0X_SetLimitCheckValue  vl53l0x_api.o
    0x080019fe   0x080019fe   0x00000004   Code   RO         2551    i.VL53L0X_SetMeasurementTimingBudgetMicroSeconds  vl53l0x_api.o
    0x08001a02   0x08001a02   0x00000004   Code   RO         2553    i.VL53L0X_SetOffsetCalibrationDataMicroMeter  vl53l0x_api.o
    0x08001a06   0x08001a06   0x00000004   Code   RO         2556    i.VL53L0X_SetRefCalibration  vl53l0x_api.o
    0x08001a0a   0x08001a0a   0x00000004   Code   RO         2557    i.VL53L0X_SetReferenceSpads  vl53l0x_api.o
    0x08001a0e   0x08001a0e   0x000000ae   Code   RO         2558    i.VL53L0X_SetSequenceStepEnable  vl53l0x_api.o
    0x08001abc   0x08001abc   0x00000004   Code   RO         2563    i.VL53L0X_SetVcselPulsePeriod  vl53l0x_api.o
    0x08001ac0   0x08001ac0   0x0000002e   Code   RO         2566    i.VL53L0X_SetXTalkCompensationRateMegaCps  vl53l0x_api.o
    0x08001aee   0x08001aee   0x00000002   PAD
    0x08001af0   0x08001af0   0x000000d4   Code   RO         2567    i.VL53L0X_StartMeasurement  vl53l0x_api.o
    0x08001bc4   0x08001bc4   0x00000174   Code   RO         2568    i.VL53L0X_StaticInit  vl53l0x_api.o
    0x08001d38   0x08001d38   0x00000042   Code   RO         3636    i.VL53L0X_UpdateByte  vl53l0x_platform.o
    0x08001d7a   0x08001d7a   0x00000016   Code   RO         3637    i.VL53L0X_WrByte    vl53l0x_platform.o
    0x08001d90   0x08001d90   0x00000016   Code   RO         3639    i.VL53L0X_WrWord    vl53l0x_platform.o
    0x08001da6   0x08001da6   0x0000001e   Code   RO         3640    i.VL53L0X_WriteMulti  vl53l0x_platform.o
    0x08001dc4   0x08001dc4   0x000000d8   Code   RO         3251    i.VL53L0X_calc_dmax  vl53l0x_api_core.o
    0x08001e9c   0x08001e9c   0x00000010   Code   RO         3252    i.VL53L0X_calc_macro_period_ps  vl53l0x_api_core.o
    0x08001eac   0x08001eac   0x00000228   Code   RO         3253    i.VL53L0X_calc_sigma_estimate  vl53l0x_api_core.o
    0x080020d4   0x080020d4   0x00000022   Code   RO         3254    i.VL53L0X_calc_timeout_mclks  vl53l0x_api_core.o
    0x080020f6   0x080020f6   0x00000022   Code   RO         3255    i.VL53L0X_calc_timeout_us  vl53l0x_api_core.o
    0x08002118   0x08002118   0x0000003c   Code   RO         3428    i.VL53L0X_check_part_used  vl53l0x_api_strings.o
    0x08002154   0x08002154   0x0000000c   Code   RO         3256    i.VL53L0X_decode_timeout  vl53l0x_api_core.o
    0x08002160   0x08002160   0x00000008   Code   RO         3257    i.VL53L0X_decode_vcsel_period  vl53l0x_api_core.o
    0x08002168   0x08002168   0x0000004a   Code   RO         3258    i.VL53L0X_device_read_strobe  vl53l0x_api_core.o
    0x080021b2   0x080021b2   0x0000001e   Code   RO         3259    i.VL53L0X_encode_timeout  vl53l0x_api_core.o
    0x080021d0   0x080021d0   0x0000000a   Code   RO         3260    i.VL53L0X_encode_vcsel_period  vl53l0x_api_core.o
    0x080021da   0x080021da   0x00000002   PAD
    0x080021dc   0x080021dc   0x000000b0   Code   RO         3430    i.VL53L0X_get_device_info  vl53l0x_api_strings.o
    0x0800228c   0x0800228c   0x00000528   Code   RO         3261    i.VL53L0X_get_info_from_device  vl53l0x_api_core.o
    0x080027b4   0x080027b4   0x000000c4   Code   RO         3262    i.VL53L0X_get_measurement_timing_budget_micro_seconds  vl53l0x_api_core.o
    0x08002878   0x08002878   0x00000034   Code   RO         3096    i.VL53L0X_get_offset_calibration_data_micro_meter  vl53l0x_api_calibration.o
    0x080028ac   0x080028ac   0x00000250   Code   RO         3432    i.VL53L0X_get_pal_error_string  vl53l0x_api_strings.o
    0x08002afc   0x08002afc   0x000001e6   Code   RO         3263    i.VL53L0X_get_pal_range_status  vl53l0x_api_core.o
    0x08002ce2   0x08002ce2   0x00000002   PAD
    0x08002ce4   0x08002ce4   0x000000a8   Code   RO         3434    i.VL53L0X_get_range_status_string  vl53l0x_api_strings.o
    0x08002d8c   0x08002d8c   0x0000001c   Code   RO         3264    i.VL53L0X_get_total_signal_rate  vl53l0x_api_core.o
    0x08002da8   0x08002da8   0x0000002e   Code   RO         3265    i.VL53L0X_get_total_xtalk_rate  vl53l0x_api_core.o
    0x08002dd6   0x08002dd6   0x00000030   Code   RO         3266    i.VL53L0X_get_vcsel_pulse_period  vl53l0x_api_core.o
    0x08002e06   0x08002e06   0x00000002   PAD
    0x08002e08   0x08002e08   0x00000048   Code   RO         3494    i.VL53L0X_i2c_init  vl53l0x_i2c.o
    0x08002e50   0x08002e50   0x0000002a   Code   RO         3267    i.VL53L0X_isqrt     vl53l0x_api_core.o
    0x08002e7a   0x08002e7a   0x00000002   PAD
    0x08002e7c   0x08002e7c   0x000000a4   Code   RO         3268    i.VL53L0X_load_tuning_settings  vl53l0x_api_core.o
    0x08002f20   0x08002f20   0x00000036   Code   RO         3269    i.VL53L0X_measurement_poll_for_completion  vl53l0x_api_core.o
    0x08002f56   0x08002f56   0x00000074   Code   RO         3100    i.VL53L0X_perform_phase_calibration  vl53l0x_api_calibration.o
    0x08002fca   0x08002fca   0x00000040   Code   RO         3101    i.VL53L0X_perform_ref_calibration  vl53l0x_api_calibration.o
    0x0800300a   0x0800300a   0x0000021e   Code   RO         3102    i.VL53L0X_perform_ref_spad_management  vl53l0x_api_calibration.o
    0x08003228   0x08003228   0x00000038   Code   RO         3103    i.VL53L0X_perform_single_ref_calibration  vl53l0x_api_calibration.o
    0x08003260   0x08003260   0x00000074   Code   RO         3104    i.VL53L0X_perform_vhv_calibration  vl53l0x_api_calibration.o
    0x080032d4   0x080032d4   0x00000006   Code   RO         3495    i.VL53L0X_read_byte  vl53l0x_i2c.o
    0x080032da   0x080032da   0x0000002c   Code   RO         3496    i.VL53L0X_read_dword  vl53l0x_i2c.o
    0x08003306   0x08003306   0x00000016   Code   RO         3497    i.VL53L0X_read_multi  vl53l0x_i2c.o
    0x0800331c   0x0800331c   0x0000001c   Code   RO         3498    i.VL53L0X_read_word  vl53l0x_i2c.o
    0x08003338   0x08003338   0x000000b2   Code   RO         3106    i.VL53L0X_ref_calibration_io  vl53l0x_api_calibration.o
    0x080033ea   0x080033ea   0x000000c2   Code   RO         3272    i.VL53L0X_set_measurement_timing_budget_micro_seconds  vl53l0x_api_core.o
    0x080034ac   0x080034ac   0x0000003c   Code   RO         3107    i.VL53L0X_set_offset_calibration_data_micro_meter  vl53l0x_api_calibration.o
    0x080034e8   0x080034e8   0x00000020   Code   RO         3108    i.VL53L0X_set_ref_calibration  vl53l0x_api_calibration.o
    0x08003508   0x08003508   0x000000a6   Code   RO         3109    i.VL53L0X_set_reference_spads  vl53l0x_api_calibration.o
    0x080035ae   0x080035ae   0x00000220   Code   RO         3273    i.VL53L0X_set_vcsel_pulse_period  vl53l0x_api_core.o
    0x080037ce   0x080037ce   0x0000000c   Code   RO         3499    i.VL53L0X_write_byte  vl53l0x_i2c.o
    0x080037da   0x080037da   0x00000016   Code   RO         3501    i.VL53L0X_write_multi  vl53l0x_i2c.o
    0x080037f0   0x080037f0   0x00000032   Code   RO         3502    i.VL53L0X_write_word  vl53l0x_i2c.o
    0x08003822   0x08003822   0x00000002   PAD
    0x08003824   0x08003824   0x00000040   Code   RO         3503    i.VL_IIC_Ack        vl53l0x_i2c.o
    0x08003864   0x08003864   0x00000040   Code   RO         3504    i.VL_IIC_NAck       vl53l0x_i2c.o
    0x080038a4   0x080038a4   0x00000068   Code   RO         3506    i.VL_IIC_Read_Byte  vl53l0x_i2c.o
    0x0800390c   0x0800390c   0x00000064   Code   RO         3507    i.VL_IIC_Read_nByte  vl53l0x_i2c.o
    0x08003970   0x08003970   0x00000068   Code   RO         3508    i.VL_IIC_Send_Byte  vl53l0x_i2c.o
    0x080039d8   0x080039d8   0x00000040   Code   RO         3509    i.VL_IIC_Start      vl53l0x_i2c.o
    0x08003a18   0x08003a18   0x00000044   Code   RO         3510    i.VL_IIC_Stop       vl53l0x_i2c.o
    0x08003a5c   0x08003a5c   0x00000054   Code   RO         3511    i.VL_IIC_Wait_Ack   vl53l0x_i2c.o
    0x08003ab0   0x08003ab0   0x00000046   Code   RO         3513    i.VL_IIC_Write_nByte  vl53l0x_i2c.o
    0x08003af6   0x08003af6   0x00000002   PAD
    0x08003af8   0x08003af8   0x00000044   Code   RO         3710    i.XShut_PinInit     vl53l0x.o
    0x08003b3c   0x08003b3c   0x00000020   Code   RO         4137    i.__0printf$8       mc_w.l(printf8.o)
    0x08003b5c   0x08003b5c   0x00000020   Code   RO         1657    i.__NVIC_SetPriority  stm32f4xx_hal_cortex.o
    0x08003b7c   0x08003b7c   0x0000000e   Code   RO         4231    i.__scatterload_copy  mc_w.l(handlers.o)
    0x08003b8a   0x08003b8a   0x00000002   Code   RO         4232    i.__scatterload_null  mc_w.l(handlers.o)
    0x08003b8c   0x08003b8c   0x0000000e   Code   RO         4233    i.__scatterload_zeroinit  mc_w.l(handlers.o)
    0x08003b9a   0x08003b9a   0x00000002   PAD
    0x08003b9c   0x08003b9c   0x00000410   Code   RO         4144    i._printf_core      mc_w.l(printf8.o)
    0x08003fac   0x08003fac   0x00000024   Code   RO         4145    i._printf_post_padding  mc_w.l(printf8.o)
    0x08003fd0   0x08003fd0   0x0000002e   Code   RO         4146    i._printf_pre_padding  mc_w.l(printf8.o)
    0x08003ffe   0x08003ffe   0x00000002   PAD
    0x08004000   0x08004000   0x00000014   Code   RO         3860    i.delay_init        delay.o
    0x08004014   0x08004014   0x00000034   Code   RO         3862    i.delay_us          delay.o
    0x08004048   0x08004048   0x00000094   Code   RO         3111    i.enable_ref_spads  vl53l0x_api_calibration.o
    0x080040dc   0x080040dc   0x0000002a   Code   RO         3112    i.enable_spad_bit   vl53l0x_api_calibration.o
    0x08004106   0x08004106   0x00000002   PAD
    0x08004108   0x08004108   0x0000001c   Code   RO           16    i.fputc             main.o
    0x08004124   0x08004124   0x0000005c   Code   RO         3113    i.get_next_good_spad  vl53l0x_api_calibration.o
    0x08004180   0x08004180   0x0000000a   Code   RO         3114    i.get_ref_spad_map  vl53l0x_api_calibration.o
    0x0800418a   0x0800418a   0x000000f2   Code   RO         3274    i.get_sequence_step_timeout  vl53l0x_api_core.o
    0x0800427c   0x0800427c   0x00000018   Code   RO         3115    i.is_aperture       vl53l0x_api_calibration.o
    0x08004294   0x08004294   0x00000268   Code   RO           17    i.main              main.o
    0x080044fc   0x080044fc   0x00000064   Code   RO         3116    i.perform_ref_signal_measurement  vl53l0x_api_calibration.o
    0x08004560   0x08004560   0x00000034   Code   RO         3711    i.print_pal_error   vl53l0x.o
    0x08004594   0x08004594   0x00000038   Code   RO         2572    i.sequence_step_enabled  vl53l0x_api.o
    0x080045cc   0x080045cc   0x0000000a   Code   RO         3117    i.set_ref_spad_map  vl53l0x_api_calibration.o
    0x080045d6   0x080045d6   0x00000102   Code   RO         3275    i.set_sequence_step_timeout  vl53l0x_api_core.o
    0x080046d8   0x080046d8   0x00000088   Code   RO         3712    i.vl53l0x_Addr_set  vl53l0x.o
    0x08004760   0x08004760   0x00000088   Code   RO         3714    i.vl53l0x_init      vl53l0x.o
    0x080047e8   0x080047e8   0x0000013c   Code   RO         3818    i.vl53l0x_set_mode  vl53l0x_gen.o
    0x08004924   0x08004924   0x00000038   Code   RO         3819    i.vl53l0x_start_single_test  vl53l0x_gen.o
    0x0800495c   0x0800495c   0x00000094   Code   RO           18    i.vl53l0x_test      main.o
    0x080049f0   0x080049f0   0x00000010   Data   RO         2438    .constdata          system_stm32f4xx.o
    0x08004a00   0x08004a00   0x00000008   Data   RO         2439    .constdata          system_stm32f4xx.o
    0x08004a08   0x08004a08   0x00000020   Data   RO         4229    Region$$Table       anon$$obj.o


    Execution Region RW_IRAM2 (Exec base: 0x10000000, Load base: 0x08004cdc, Size: 0x00000000, Max: 0x00010000, ABSOLUTE)

    **** No section assigned to this execution region ****


    Execution Region RW_IRAM1 (Exec base: 0x20000000, Load base: 0x08004a28, Size: 0x00000cd0, Max: 0x00020000, ABSOLUTE, COMPRESSED[0x000002b4])

    Exec Addr    Load Addr    Size         Type   Attr      Idx    E Section Name        Object

    0x20000000   COMPRESSED   0x0000000c   Data   RW         1806    .data               stm32f4xx_hal.o
    0x2000000c   COMPRESSED   0x00000004   Data   RW         2440    .data               system_stm32f4xx.o
    0x20000010   COMPRESSED   0x000002a9   Data   RW         2573    .data               vl53l0x_api.o
    0x200002b9   COMPRESSED   0x00000003   PAD
    0x200002bc   COMPRESSED   0x00000010   Data   RW         3118    .data               vl53l0x_api_calibration.o
    0x200002cc   COMPRESSED   0x00000001   Data   RW         3717    .data               vl53l0x.o
    0x200002cd   COMPRESSED   0x00000038   Data   RW         3718    .data               vl53l0x.o
    0x20000305   COMPRESSED   0x00000001   PAD
    0x20000306   COMPRESSED   0x00000006   Data   RW         3821    .data               vl53l0x_gen.o
    0x2000030c   COMPRESSED   0x00000004   Data   RW         3863    .data               delay.o
    0x20000310   COMPRESSED   0x00000004   Data   RW         4205    .data               mc_w.l(stdout.o)
    0x20000314        -       0x0000009e   Zero   RW           19    .bss                main.o
    0x200003b2   COMPRESSED   0x00000002   PAD
    0x200003b4        -       0x00000048   Zero   RW          306    .bss                usart.o
    0x200003fc        -       0x00000483   Zero   RW         3716    .bss                vl53l0x.o
    0x2000087f        -       0x00000030   Zero   RW         3782    .bss                vl53l0x_cali.o
    0x200008af   COMPRESSED   0x00000001   PAD
    0x200008b0        -       0x0000001c   Zero   RW         3820    .bss                vl53l0x_gen.o
    0x200008cc   COMPRESSED   0x00000004   PAD
    0x200008d0        -       0x00000400   Zero   RW            1    STACK               startup_stm32f407xx.o


==============================================================================

Image component sizes


      Code (inc. data)   RO Data    RW Data    ZI Data      Debug   Object Name

        72          8          0          4          0       1428   delay.o
       100         10          0          0          0       1390   gpio.o
       920        326          0          0        158     681395   main.o
        36          8        392          0       1024        848   startup_stm32f407xx.o
       180         28          0         12          0       9549   stm32f4xx_hal.o
       196         14          0          0          0      33888   stm32f4xx_hal_cortex.o
       506         46          0          0          0       2248   stm32f4xx_hal_gpio.o
        48          6          0          0          0        894   stm32f4xx_hal_msp.o
      1348         76          0          0          0       5348   stm32f4xx_hal_rcc.o
       720         10          0          0          0       4952   stm32f4xx_hal_uart.o
        20          0          0          0          0       4334   stm32f4xx_it.o
        16          4         24          4          0       1183   system_stm32f4xx.o
       164         22          0          0         72       1790   usart.o
       392         62          0         57       1155       4497   vl53l0x.o
      3184         62          0        681          0      36488   vl53l0x_api.o
      1808         12          0         16          0      18621   vl53l0x_api_calibration.o
      4608         16          0          0          0      27977   vl53l0x_api_core.o
       996        610          0          0          0       4321   vl53l0x_api_strings.o
         0          0          0          0         48        846   vl53l0x_cali.o
       372         16          0          6         28       2476   vl53l0x_gen.o
       978         74          0          0          0      12328   vl53l0x_i2c.o
       254          0          0          0          0       7263   vl53l0x_platform.o

    ----------------------------------------------------------------------
     16946       1410        448        784       2492     864064   Object Totals
         0          0         32          0          0          0   (incl. Generated)
        28          0          0          4          7          0   (incl. Padding)

    ----------------------------------------------------------------------

      Code (inc. data)   RO Data    RW Data    ZI Data      Debug   Library Member Name

        94          0          0          0          0          0   __dclz77c.o
         0          0          0          0          0          0   entry.o
         0          0          0          0          0          0   entry10a.o
         0          0          0          0          0          0   entry11a.o
         8          4          0          0          0          0   entry2.o
         4          0          0          0          0          0   entry5.o
         0          0          0          0          0          0   entry7b.o
         0          0          0          0          0          0   entry8b.o
         8          4          0          0          0          0   entry9a.o
        30          0          0          0          0          0   handlers.o
        36          8          0          0          0         68   init.o
        30          0          0          0          0         68   llshl.o
        32          0          0          0          0         68   llushr.o
        36          0          0          0          0         68   memcpya.o
        36          0          0          0          0        108   memseta.o
      1154         54          0          0          0        352   printf8.o
         0          0          0          4          0          0   stdout.o
        18          0          0          0          0         68   strcpy.o
        98          0          0          0          0         92   uldiv.o

    ----------------------------------------------------------------------
      1590         70          0          4          0        892   Library Totals
         6          0          0          0          0          0   (incl. Padding)

    ----------------------------------------------------------------------

      Code (inc. data)   RO Data    RW Data    ZI Data      Debug   Library Name

      1584         70          0          4          0        892   mc_w.l

    ----------------------------------------------------------------------
      1590         70          0          4          0        892   Library Totals

    ----------------------------------------------------------------------

==============================================================================


      Code (inc. data)   RO Data    RW Data    ZI Data      Debug   

     18536       1480        448        788       2492     849524   Grand Totals
     18536       1480        448        692       2492     849524   ELF Image Totals (compressed)
     18536       1480        448        692          0          0   ROM Totals

==============================================================================

    Total RO  Size (Code + RO Data)                18984 (  18.54kB)
    Total RW  Size (RW Data + ZI Data)              3280 (   3.20kB)
    Total ROM Size (Code + RO Data + RW Data)      19676 (  19.21kB)

==============================================================================

