Component: ARM Compiler 5.06 update 5 (build 528) Tool: armlink [4d35e2]

==============================================================================

Section Cross References

    startup_stm32f407xx.o(STACK) refers (Special) to heapauxi.o(.text) for __use_two_region_memory
    startup_stm32f407xx.o(HEAP) refers (Special) to heapauxi.o(.text) for __use_two_region_memory
    startup_stm32f407xx.o(RESET) refers (Special) to heapauxi.o(.text) for __use_two_region_memory
    startup_stm32f407xx.o(RESET) refers to startup_stm32f407xx.o(STACK) for __initial_sp
    startup_stm32f407xx.o(RESET) refers to startup_stm32f407xx.o(.text) for Reset_Handler
    startup_stm32f407xx.o(RESET) refers to stm32f4xx_it.o(i.NMI_Handler) for NMI_Handler
    startup_stm32f407xx.o(RESET) refers to stm32f4xx_it.o(i.HardFault_Handler) for HardFault_Handler
    startup_stm32f407xx.o(RESET) refers to stm32f4xx_it.o(i.MemManage_Handler) for MemManage_Handler
    startup_stm32f407xx.o(RESET) refers to stm32f4xx_it.o(i.BusFault_Handler) for BusFault_Handler
    startup_stm32f407xx.o(RESET) refers to stm32f4xx_it.o(i.UsageFault_Handler) for UsageFault_Handler
    startup_stm32f407xx.o(RESET) refers to stm32f4xx_it.o(i.SVC_Handler) for SVC_Handler
    startup_stm32f407xx.o(RESET) refers to stm32f4xx_it.o(i.DebugMon_Handler) for DebugMon_Handler
    startup_stm32f407xx.o(RESET) refers to stm32f4xx_it.o(i.PendSV_Handler) for PendSV_Handler
    startup_stm32f407xx.o(RESET) refers to stm32f4xx_it.o(i.SysTick_Handler) for SysTick_Handler
    startup_stm32f407xx.o(.text) refers (Special) to heapauxi.o(.text) for __use_two_region_memory
    startup_stm32f407xx.o(.text) refers to system_stm32f4xx.o(i.SystemInit) for SystemInit
    startup_stm32f407xx.o(.text) refers to __main.o(!!!main) for __main
    startup_stm32f407xx.o(.text) refers to startup_stm32f407xx.o(HEAP) for Heap_Mem
    startup_stm32f407xx.o(.text) refers to startup_stm32f407xx.o(STACK) for Stack_Mem
    main.o(i.Filter_Window) refers to main.o(.bss) for .bss
    main.o(i.SystemClock_Config) refers to rt_memclr_w.o(.text) for __aeabi_memclr4
    main.o(i.SystemClock_Config) refers to stm32f4xx_hal_rcc.o(i.HAL_RCC_OscConfig) for HAL_RCC_OscConfig
    main.o(i.SystemClock_Config) refers to stm32f4xx_hal_rcc.o(i.HAL_RCC_ClockConfig) for HAL_RCC_ClockConfig
    main.o(i.main) refers to stm32f4xx_hal.o(i.HAL_Init) for HAL_Init
    main.o(i.main) refers to main.o(i.SystemClock_Config) for SystemClock_Config
    main.o(i.main) refers to gpio.o(i.MX_GPIO_Init) for MX_GPIO_Init
    main.o(i.main) refers to i2c.o(i.MX_I2C1_Init) for MX_I2C1_Init
    main.o(i.main) refers to usart.o(i.MX_USART1_UART_Init) for MX_USART1_UART_Init
    main.o(i.main) refers to noretval__2printf.o(.text) for __2printf
    main.o(i.main) refers to delay.o(i.delay_ms) for delay_ms
    main.o(i.main) refers to vl53l0x.o(i.vl53l0x_init) for vl53l0x_init
    main.o(i.main) refers to vl53l0x_gen.o(i.vl53l0x_set_mode) for vl53l0x_set_mode
    main.o(i.main) refers to main.o(i.vl53l0x_test) for vl53l0x_test
    main.o(i.main) refers to vl53l0x.o(.bss) for vl53l0x_dev
    main.o(i.vl53l0x_test) refers to _printf_percent.o(.ARM.Collect$$_printf_percent$$00000000) for _printf_percent
    main.o(i.vl53l0x_test) refers to _printf_d.o(.ARM.Collect$$_printf_percent$$00000009) for _printf_d
    main.o(i.vl53l0x_test) refers to _printf_dec.o(.text) for _printf_int_dec
    main.o(i.vl53l0x_test) refers to vl53l0x_gen.o(i.vl53l0x_start_single_test) for vl53l0x_start_single_test
    main.o(i.vl53l0x_test) refers to main.o(i.Filter_Window) for Filter_Window
    main.o(i.vl53l0x_test) refers to noretval__2printf.o(.text) for __2printf
    main.o(i.vl53l0x_test) refers to delay.o(i.delay_ms) for delay_ms
    main.o(i.vl53l0x_test) refers to vl53l0x_gen.o(.data) for Distance_data
    main.o(i.vl53l0x_test) refers to main.o(.bss) for .bss
    main.o(i.vl53l0x_test) refers to vl53l0x_gen.o(.bss) for vl53l0x_data
    main.o(i.vl53l0x_test) refers to vl53l0x.o(.bss) for vl53l0x_dev
    gpio.o(i.LED_Init) refers to stm32f4xx_hal_gpio.o(i.HAL_GPIO_Init) for HAL_GPIO_Init
    gpio.o(i.LED_Init) refers to stm32f4xx_hal_gpio.o(i.HAL_GPIO_WritePin) for HAL_GPIO_WritePin
    i2c.o(i.HAL_I2C_MspDeInit) refers to stm32f4xx_hal_gpio.o(i.HAL_GPIO_DeInit) for HAL_GPIO_DeInit
    i2c.o(i.HAL_I2C_MspInit) refers to rt_memclr_w.o(.text) for __aeabi_memclr4
    i2c.o(i.HAL_I2C_MspInit) refers to stm32f4xx_hal_gpio.o(i.HAL_GPIO_Init) for HAL_GPIO_Init
    i2c.o(i.MX_I2C1_Init) refers to stm32f4xx_hal_i2c.o(i.HAL_I2C_Init) for HAL_I2C_Init
    i2c.o(i.MX_I2C1_Init) refers to main.o(i.Error_Handler) for Error_Handler
    i2c.o(i.MX_I2C1_Init) refers to i2c.o(.bss) for .bss
    usart.o(i.HAL_UART_MspDeInit) refers to stm32f4xx_hal_gpio.o(i.HAL_GPIO_DeInit) for HAL_GPIO_DeInit
    usart.o(i.HAL_UART_MspInit) refers to rt_memclr_w.o(.text) for __aeabi_memclr4
    usart.o(i.HAL_UART_MspInit) refers to stm32f4xx_hal_gpio.o(i.HAL_GPIO_Init) for HAL_GPIO_Init
[...]
    __ARM_use_no_argv                        0x00000000   Number         0  main.o ABSOLUTE
    _printf_flags                            0x00000000   Number         0  printf_stubs.o ABSOLUTE
    _printf_return_value                     0x00000000   Number         0  printf_stubs.o ABSOLUTE
    _printf_sizespec                         0x00000000   Number         0  printf_stubs.o ABSOLUTE
    _printf_widthprec                        0x00000000   Number         0  printf_stubs.o ABSOLUTE
    __ARM_exceptions_init                     - Undefined Weak Reference
    __alloca_initialize                       - Undefined Weak Reference
    __arm_preinit_                            - Undefined Weak Reference
    __cpp_initialize__aeabi_                  - Undefined Weak Reference
    __cxa_finalize                            - Undefined Weak Reference
    __rt_locale                               - Undefined Weak Reference
    __sigvec_lookup                           - Undefined Weak Reference
    __user_heap_extent                        - Undefined Weak Reference
    _atexit_init                              - Undefined Weak Reference
    _call_atexit_fns                          - Undefined Weak Reference
    _clock_init                               - Undefined Weak Reference
    _fp_trap_init                             - Undefined Weak Reference
    _fp_trap_shutdown                         - Undefined Weak Reference
    _get_lc_collate                           - Undefined Weak Reference
    _get_lc_ctype                             - Undefined Weak Reference
    _get_lc_monetary                          - Undefined Weak Reference
    _get_lc_numeric                           - Undefined Weak Reference
    _get_lc_time                              - Undefined Weak Reference
    _getenv_init                              - Undefined Weak Reference
    _handle_redirection                       - Undefined Weak Reference
    _mutex_acquire                            - Undefined Weak Reference
    _mutex_free                               - Undefined Weak Reference
    _mutex_release                            - Undefined Weak Reference
    _printf_mbtowc                            - Undefined Weak Reference
    _printf_truncate_signed                   - Undefined Weak Reference
    _printf_truncate_unsigned                 - Undefined Weak Reference
    _rand_init                                - Undefined Weak Reference
    _signal_finish                            - Undefined Weak Reference
    _signal_init                              - Undefined Weak Reference
    __Vectors_Size                           0x00000188   Number         0  startup_stm32f407xx.o ABSOLUTE
    __Vectors                                0x08000000   Data           4  startup_stm32f407xx.o(RESET)
    __Vectors_End                            0x08000188   Data           0  startup_stm32f407xx.o(RESET)
    __main                                   0x08000189   Thumb Code     8  __main.o(!!!main)
    __scatterload                            0x08000191   Thumb Code     0  __scatter.o(!!!scatter)
    __scatterload_rt2                        0x08000191   Thumb Code    44  __scatter.o(!!!scatter)
    __scatterload_rt2_thumb_only             0x08000191   Thumb Code     0  __scatter.o(!!!scatter)
    __scatterload_null                       0x0800019f   Thumb Code     0  __scatter.o(!!!scatter)
    __decompress                             0x080001c5   Thumb Code   100  __dclz77c.o(!!dclz77c)
    __decompress2                            0x080001c5   Thumb Code     0  __dclz77c.o(!!dclz77c)
    __scatterload_zeroinit                   0x08000229   Thumb Code    28  __scatter_zi.o(!!handler_zi)
    _printf_i                                0x08000245   Thumb Code     0  _printf_i.o(.ARM.Collect$$_printf_percent$$00000008)
    _printf_percent                          0x08000245   Thumb Code     0  _printf_percent.o(.ARM.Collect$$_printf_percent$$00000000)
    _printf_d                                0x0800024b   Thumb Code     0  _printf_d.o(.ARM.Collect$$_printf_percent$$00000009)
    _printf_x                                0x08000251   Thumb Code     0  _printf_x.o(.ARM.Collect$$_printf_percent$$0000000C)
    _printf_s                                0x08000257   Thumb Code     0  _printf_s.o(.ARM.Collect$$_printf_percent$$00000014)
    _printf_percent_end                      0x0800025d   Thumb Code     0  _printf_percent_end.o(.ARM.Collect$$_printf_percent$$00000017)
    __rt_lib_init                            0x08000261   Thumb Code     0  libinit.o(.ARM.Collect$$libinit$$00000000)
    __rt_lib_init_fp_1                       0x08000263   Thumb Code     0  libinit2.o(.ARM.Collect$$libinit$$00000001)
    __rt_lib_init_heap_2                     0x08000267   Thumb Code     0  libinit2.o(.ARM.Collect$$libinit$$00000005)
    __rt_lib_init_preinit_1                  0x08000267   Thumb Code     0  libinit2.o(.ARM.Collect$$libinit$$00000004)
    __rt_lib_init_atexit_1                   0x0800026f   Thumb Code     0  libinit2.o(.ARM.Collect$$libinit$$0000001B)
    __rt_lib_init_clock_1                    0x0800026f   Thumb Code     0  libinit2.o(.ARM.Collect$$libinit$$00000021)
    __rt_lib_init_fp_trap_1                  0x0800026f   Thumb Code     0  libinit2.o(.ARM.Collect$$libinit$$0000001F)
    __rt_lib_init_getenv_1                   0x0800026f   Thumb Code     0  libinit2.o(.ARM.Collect$$libinit$$00000023)
    __rt_lib_init_heap_1                     0x0800026f   Thumb Code     0  libinit2.o(.ARM.Collect$$libinit$$0000000A)
    __rt_lib_init_lc_collate_1               0x0800026f   Thumb Code     0  libinit2.o(.ARM.Collect$$libinit$$00000011)
    __rt_lib_init_lc_ctype_1                 0x0800026f   Thumb Code     0  libinit2.o(.ARM.Collect$$libinit$$00000013)
    __rt_lib_init_lc_monetary_1              0x0800026f   Thumb Code     0  libinit2.o(.ARM.Collect$$libinit$$00000015)
    __rt_lib_init_lc_numeric_1               0x0800026f   Thumb Code     0  libinit2.o(.ARM.Collect$$libinit$$00000017)
    __rt_lib_init_lc_time_1                  0x0800026f   Thumb Code     0  libinit2.o(.ARM.Collect$$libinit$$00000019)
    __rt_lib_init_rand_1                     0x0800026f   Thumb Code     0  libinit2.o(.ARM.Collect$$libinit$$0000000E)
    __rt_lib_init_signal_1                   0x0800026f   Thumb Code     0  libinit2.o(.ARM.Collect$$libinit$$0000001D)
    __rt_lib_init_stdio_2                    0x0800026f   Thumb Code     0  libinit2.o(.ARM.Collect$$libinit$$00000024)
    __rt_lib_init_user_alloc_1               0x0800026f   Thumb Code     0  libinit2.o(.ARM.Collect$$libinit$$0000000C)
    __rt_lib_init_alloca_1                   0x08000273   Thumb Code     0  libinit2.o(.ARM.Collect$$libinit$$0000002E)
    __rt_lib_init_argv_1                     0x08000273   Thumb Code     0  libinit2.o(.ARM.Collect$$libinit$$0000002C)
    __rt_lib_init_cpp_1                      0x08000273   Thumb Code     0  libinit2.o(.ARM.Collect$$libinit$$00000032)
    __rt_lib_init_exceptions_1               0x08000273   Thumb Code     0  libinit2.o(.ARM.Collect$$libinit$$00000030)
    __rt_lib_init_return                     0x08000273   Thumb Code     0  libinit2.o(.ARM.Collect$$libinit$$00000033)
    __rt_lib_init_stdio_1                    0x08000273   Thumb Code     0  libinit2.o(.ARM.Collect$$libinit$$00000025)
    __rt_lib_shutdown                        0x08000275   Thumb Code     0  libshutdown.o(.ARM.Collect$$libshutdown$$00000000)
    __rt_lib_shutdown_cpp_1                  0x08000277   Thumb Code     0  libshutdown2.o(.ARM.Collect$$libshutdown$$00000002)
    __rt_lib_shutdown_stdio_2                0x08000277   Thumb Code     0  libshutdown2.o(.ARM.Collect$$libshutdown$$00000003)
    __rt_lib_shutdown_fp_trap_1              0x0800027b   Thumb Code     0  libshutdown2.o(.ARM.Collect$$libshutdown$$00000007)
    __rt_lib_shutdown_heap_1                 0x0800027b   Thumb Code     0  libshutdown2.o(.ARM.Collect$$libshutdown$$0000000F)
    __rt_lib_shutdown_return                 0x0800027b   Thumb Code     0  libshutdown2.o(.ARM.Collect$$libshutdown$$00000010)
    __rt_lib_shutdown_signal_1               0x0800027b   Thumb Code     0  libshutdown2.o(.ARM.Collect$$libshutdown$$0000000A)
    __rt_lib_shutdown_stdio_1                0x0800027b   Thumb Code     0  libshutdown2.o(.ARM.Collect$$libshutdown$$00000004)
    __rt_lib_shutdown_user_alloc_1           0x0800027b   Thumb Code     0  libshutdown2.o(.ARM.Collect$$libshutdown$$0000000C)
    __rt_entry                               0x0800027d   Thumb Code     0  __rtentry.o(.ARM.Collect$$rtentry$$00000000)
    __rt_entry_presh_1                       0x0800027d   Thumb Code     0  __rtentry2.o(.ARM.Collect$$rtentry$$00000002)
    __rt_entry_sh                            0x0800027d   Thumb Code     0  __rtentry4.o(.ARM.Collect$$rtentry$$00000004)
    __rt_entry_li                            0x08000283   Thumb Code     0  __rtentry2.o(.ARM.Collect$$rtentry$$0000000A)
    __rt_entry_postsh_1                      0x08000283   Thumb Code     0  __rtentry2.o(.ARM.Collect$$rtentry$$00000009)
    __rt_entry_main                          0x08000287   Thumb Code     0  __rtentry2.o(.ARM.Collect$$rtentry$$0000000D)
    __rt_entry_postli_1                      0x08000287   Thumb Code     0  __rtentry2.o(.ARM.Collect$$rtentry$$0000000C)
    __rt_exit                                0x0800028f   Thumb Code     0  rtexit.o(.ARM.Collect$$rtexit$$00000000)
    __rt_exit_ls                             0x08000291   Thumb Code     0  rtexit2.o(.ARM.Collect$$rtexit$$00000003)
    __rt_exit_prels_1                        0x08000291   Thumb Code     0  rtexit2.o(.ARM.Collect$$rtexit$$00000002)
    __rt_exit_exit                           0x08000295   Thumb Code     0  rtexit2.o(.ARM.Collect$$rtexit$$00000004)
    Reset_Handler                            0x0800029d   Thumb Code     8  startup_stm32f407xx.o(.text)
    _maybe_terminate_alloc                   0x0800029d   Thumb Code     0  maybetermalloc1.o(.emb_text)
    ADC_IRQHandler                           0x080002b7   Thumb Code     0  startup_stm32f407xx.o(.text)
    CAN1_RX0_IRQHandler                      0x080002b7   Thumb Code     0  startup_stm32f407xx.o(.text)
    CAN1_RX1_IRQHandler                      0x080002b7   Thumb Code     0  startup_stm32f407xx.o(.text)
    CAN1_SCE_IRQHandler                      0x080002b7   Thumb Code     0  startup_stm32f407xx.o(.text)
    CAN1_TX_IRQHandler                       0x080002b7   Thumb Code     0  startup_stm32f407xx.o(.text)
    CAN2_RX0_IRQHandler                      0x080002b7   Thumb Code     0  startup_stm32f407xx.o(.text)
    CAN2_RX1_IRQHandler                      0x080002b7   Thumb Code     0  startup_stm32f407xx.o(.text)
    CAN2_SCE_IRQHandler                      0x080002b7   Thumb Code     0  startup_stm32f407xx.o(.text)
    CAN2_TX_IRQHandler                       0x080002b7   Thumb Code     0  startup_stm32f407xx.o(.text)
    DCMI_IRQHandler                          0x080002b7   Thumb Code     0  startup_stm32f407xx.o(.text)
    DMA1_Stream0_IRQHandler                  0x080002b7   Thumb Code     0  startup_stm32f407xx.o(.text)
    DMA1_Stream1_IRQHandler                  0x080002b7   Thumb Code     0  startup_stm32f407xx.o(.text)
    DMA1_Stream2_IRQHandler                  0x080002b7   Thumb Code     0  startup_stm32f407xx.o(.text)
    DMA1_Stream3_IRQHandler                  0x080002b7   Thumb Code     0  startup_stm32f407xx.o(.text)
    DMA1_Stream4_IRQHandler                  0x080002b7   Thumb Code     0  startup_stm32f407xx.o(.text)
    DMA1_Stream5_IRQHandler                  0x080002b7   Thumb Code     0  startup_stm32f407xx.o(.text)
    DMA1_Stream6_IRQHandler                  0x080002b7   Thumb Code     0  startup_stm32f407xx.o(.text)
    DMA1_Stream7_IRQHandler                  0x080002b7   Thumb Code     0  startup_stm32f407xx.o(.text)
    DMA2_Stream0_IRQHandler                  0x080002b7   Thumb Code     0  startup_stm32f407xx.o(.text)
    DMA2_Stream1_IRQHandler                  0x080002b7   Thumb Code     0  startup_stm32f407xx.o(.text)
    DMA2_Stream2_IRQHandler                  0x080002b7   Thumb Code     0  startup_stm32f407xx.o(.text)
    DMA2_Stream3_IRQHandler                  0x080002b7   Thumb Code     0  startup_stm32f407xx.o(.text)
    DMA2_Stream4_IRQHandler                  0x080002b7   Thumb Code     0  startup_stm32f407xx.o(.text)
    DMA2_Stream5_IRQHandler                  0x080002b7   Thumb Code     0  startup_stm32f407xx.o(.text)
    DMA2_Stream6_IRQHandler                  0x080002b7   Thumb Code     0  startup_stm32f407xx.o(.text)
    DMA2_Stream7_IRQHandler                  0x080002b7   Thumb Code     0  startup_stm32f407xx.o(.text)
    ETH_IRQHandler                           0x080002b7   Thumb Code     0  startup_stm32f407xx.o(.text)
    ETH_WKUP_IRQHandler                      0x080002b7   Thumb Code     0  startup_stm32f407xx.o(.text)
    EXTI0_IRQHandler                         0x080002b7   Thumb Code     0  startup_stm32f407xx.o(.text)
    EXTI15_10_IRQHandler                     0x080002b7   Thumb Code     0  startup_stm32f407xx.o(.text)
    EXTI1_IRQHandler                         0x080002b7   Thumb Code     0  startup_stm32f407xx.o(.text)
    EXTI2_IRQHandler                         0x080002b7   Thumb Code     0  startup_stm32f407xx.o(.text)
    EXTI3_IRQHandler                         0x080002b7   Thumb Code     0  startup_stm32f407xx.o(.text)
    EXTI4_IRQHandler                         0x080002b7   Thumb Code     0  startup_stm32f407xx.o(.text)
    EXTI9_5_IRQHandler                       0x080002b7   Thumb Code     0  startup_stm32f407xx.o(.text)
    FLASH_IRQHandler                         0x080002b7   Thumb Code     0  startup_stm32f407xx.o(.text)
    FMC_IRQHandler                           0x080002b7   Thumb Code     0  startup_stm32f407xx.o(.text)
    FPU_IRQHandler                           0x080002b7   Thumb Code     0  startup_stm32f407xx.o(.text)
    HASH_RNG_IRQHandler                      0x080002b7   Thumb Code     0  startup_stm32f407xx.o(.text)
    I2C1_ER_IRQHandler                       0x080002b7   Thumb Code     0  startup_stm32f407xx.o(.text)
    I2C1_EV_IRQHandler                       0x080002b7   Thumb Code     0  startup_stm32f407xx.o(.text)
    I2C2_ER_IRQHandler                       0x080002b7   Thumb Code     0  startup_stm32f407xx.o(.text)
    I2C2_EV_IRQHandler                       0x080002b7   Thumb Code     0  startup_stm32f407xx.o(.text)
    I2C3_ER_IRQHandler                       0x080002b7   Thumb Code     0  startup_stm32f407xx.o(.text)
    I2C3_EV_IRQHandler                       0x080002b7   Thumb Code     0  startup_stm32f407xx.o(.text)
    OTG_FS_IRQHandler                        0x080002b7   Thumb Code     0  startup_stm32f407xx.o(.text)
    OTG_FS_WKUP_IRQHandler                   0x080002b7   Thumb Code     0  startup_stm32f407xx.o(.text)
    OTG_HS_EP1_IN_IRQHandler                 0x080002b7   Thumb Code     0  startup_stm32f407xx.o(.text)
    OTG_HS_EP1_OUT_IRQHandler                0x080002b7   Thumb Code     0  startup_stm32f407xx.o(.text)
    OTG_HS_IRQHandler                        0x080002b7   Thumb Code     0  startup_stm32f407xx.o(.text)
    OTG_HS_WKUP_IRQHandler                   0x080002b7   Thumb Code     0  startup_stm32f407xx.o(.text)
    PVD_IRQHandler                           0x080002b7   Thumb Code     0  startup_stm32f407xx.o(.text)
    RCC_IRQHandler                           0x080002b7   Thumb Code     0  startup_stm32f407xx.o(.text)
    RTC_Alarm_IRQHandler                     0x080002b7   Thumb Code     0  startup_stm32f407xx.o(.text)
    RTC_WKUP_IRQHandler                      0x080002b7   Thumb Code     0  startup_stm32f407xx.o(.text)
    SDIO_IRQHandler                          0x080002b7   Thumb Code     0  startup_stm32f407xx.o(.text)
    SPI1_IRQHandler                          0x080002b7   Thumb Code     0  startup_stm32f407xx.o(.text)
    SPI2_IRQHandler                          0x080002b7   Thumb Code     0  startup_stm32f407xx.o(.text)
    SPI3_IRQHandler                          0x080002b7   Thumb Code     0  startup_stm32f407xx.o(.text)
    TAMP_STAMP_IRQHandler                    0x080002b7   Thumb Code     0  startup_stm32f407xx.o(.text)
    TIM1_BRK_TIM9_IRQHandler                 0x080002b7   Thumb Code     0  startup_stm32f407xx.o(.text)
    TIM1_CC_IRQHandler                       0x080002b7   Thumb Code     0  startup_stm32f407xx.o(.text)
    TIM1_TRG_COM_TIM11_IRQHandler            0x080002b7   Thumb Code     0  startup_stm32f407xx.o(.text)
    TIM1_UP_TIM10_IRQHandler                 0x080002b7   Thumb Code     0  startup_stm32f407xx.o(.text)
    TIM2_IRQHandler                          0x080002b7   Thumb Code     0  startup_stm32f407xx.o(.text)
    TIM3_IRQHandler                          0x080002b7   Thumb Code     0  startup_stm32f407xx.o(.text)
    TIM4_IRQHandler                          0x080002b7   Thumb Code     0  startup_stm32f407xx.o(.text)
    TIM5_IRQHandler                          0x080002b7   Thumb Code     0  startup_stm32f407xx.o(.text)
    TIM6_DAC_IRQHandler                      0x080002b7   Thumb Code     0  startup_stm32f407xx.o(.text)
    TIM7_IRQHandler                          0x080002b7   Thumb Code     0  startup_stm32f407xx.o(.text)
    TIM8_BRK_TIM12_IRQHandler                0x080002b7   Thumb Code     0  startup_stm32f407xx.o(.text)
    TIM8_CC_IRQHandler                       0x080002b7   Thumb Code     0  startup_stm32f407xx.o(.text)
    TIM8_TRG_COM_TIM14_IRQHandler            0x080002b7   Thumb Code     0  startup_stm32f407xx.o(.text)
    TIM8_UP_TIM13_IRQHandler                 0x080002b7   Thumb Code     0  startup_stm32f407xx.o(.text)
    UART4_IRQHandler                         0x080002b7   Thumb Code     0  startup_stm32f407xx.o(.text)
    UART5_IRQHandler                         0x080002b7   Thumb Code     0  startup_stm32f407xx.o(.text)
    USART1_IRQHandler                        0x080002b7   Thumb Code     0  startup_stm32f407xx.o(.text)
    USART2_IRQHandler                        0x080002b7   Thumb Code     0  startup_stm32f407xx.o(.text)
    USART3_IRQHandler                        0x080002b7   Thumb Code     0  startup_stm32f407xx.o(.text)
    USART6_IRQHandler                        0x080002b7   Thumb Code     0  startup_stm32f407xx.o(.text)
    WWDG_IRQHandler                          0x080002b7   Thumb Code     0  startup_stm32f407xx.o(.text)
    __user_initial_stackheap                 0x080002b9   Thumb Code     0  startup_stm32f407xx.o(.text)
    __aeabi_uldivmod                         0x080002dd   Thumb Code     0  lludivv7m.o(.text)
    _ll_udiv                                 0x080002dd   Thumb Code   238  lludivv7m.o(.text)
    __2printf                                0x080003cd   Thumb Code    20  noretval__2printf.o(.text)
    _printf_str                              0x080003e5   Thumb Code    82  _printf_str.o(.text)
    _printf_int_dec                          0x08000439   Thumb Code   104  _printf_dec.o(.text)
    _printf_int_hex                          0x080004b1   Thumb Code    84  _printf_hex_int.o(.text)
    _printf_longlong_hex                     0x080004b1   Thumb Code     0  _printf_hex_int.o(.text)
    __printf                                 0x08000509   Thumb Code   270  __printf_wp.o(.text)
    strcpy                                   0x08000617   Thumb Code    72  strcpy.o(.text)
    __aeabi_memcpy4                          0x0800065f   Thumb Code     0  rt_memcpy_w.o(.text)
    __aeabi_memcpy8                          0x0800065f   Thumb Code     0  rt_memcpy_w.o(.text)
    __rt_memcpy_w                            0x0800065f   Thumb Code   100  rt_memcpy_w.o(.text)
    _memcpy_lastbytes_aligned                0x080006a7   Thumb Code     0  rt_memcpy_w.o(.text)
    __aeabi_memclr                           0x080006c3   Thumb Code     0  rt_memclr.o(.text)
    __rt_memclr                              0x080006c3   Thumb Code    68  rt_memclr.o(.text)
    _memset                                  0x080006c7   Thumb Code     0  rt_memclr.o(.text)
    __aeabi_memclr4                          0x08000707   Thumb Code     0  rt_memclr_w.o(.text)
    __aeabi_memclr8                          0x08000707   Thumb Code     0  rt_memclr_w.o(.text)
    __rt_memclr_w                            0x08000707   Thumb Code    78  rt_memclr_w.o(.text)
    _memset_w                                0x0800070b   Thumb Code     0  rt_memclr_w.o(.text)
    __use_two_region_memory                  0x08000755   Thumb Code     2  heapauxi.o(.text)
    __rt_heap_escrow                         0x08000757   Thumb Code     2  heapauxi.o(.text)
    __rt_heap_expand                         0x08000759   Thumb Code     2  heapauxi.o(.text)
    _printf_int_common                       0x0800075b   Thumb Code   178  _printf_intcommon.o(.text)
    _printf_cs_common                        0x0800080d   Thumb Code    20  _printf_char.o(.text)
    _printf_char                             0x08000821   Thumb Code    16  _printf_char.o(.text)
    _printf_string                           0x08000831   Thumb Code     8  _printf_char.o(.text)
    _printf_char_file                        0x08000839   Thumb Code    32  _printf_char_file.o(.text)
    _printf_char_common                      0x08000867   Thumb Code    32  _printf_char_common.o(.text)
    ferror                                   0x0800088d   Thumb Code     8  ferror.o(.text)
    _initio                                  0x08000895   Thumb Code   210  initio.o(.text)
    _terminateio                             0x08000967   Thumb Code    56  initio.o(.text)
    _sys_open                                0x080009cd   Thumb Code    20  sys_io.o(.text)
    _sys_close                               0x080009e1   Thumb Code    12  sys_io.o(.text)
    _sys_write                               0x080009ed   Thumb Code    16  sys_io.o(.text)
    _sys_read                                0x080009fd   Thumb Code    14  sys_io.o(.text)
    _sys_istty                               0x08000a0b   Thumb Code    12  sys_io.o(.text)
    _sys_seek                                0x08000a17   Thumb Code    14  sys_io.o(.text)
    _sys_ensure                              0x08000a25   Thumb Code     2  sys_io.o(.text)
    _sys_flen                                0x08000a27   Thumb Code    12  sys_io.o(.text)
    __user_setup_stackheap                   0x08000a33   Thumb Code    74  sys_stackheap_outer.o(.text)
    free                                     0x08000a7d   Thumb Code    78  h1_free.o(.text)
    __flsbuf                                 0x08000acb   Thumb Code   470  flsbuf.o(.text)
    __flsbuf_byte                            0x08000acb   Thumb Code     0  flsbuf.o(.text)
    __flsbuf_wide                            0x08000acb   Thumb Code     0  flsbuf.o(.text)
    setvbuf                                  0x08000ca1   Thumb Code    70  setvbuf.o(.text)
    freopen                                  0x08000ce9   Thumb Code   158  fopen.o(.text)
    fopen                                    0x08000d87   Thumb Code    74  fopen.o(.text)
    _fclose_internal                         0x08000dd5   Thumb Code    76  fclose.o(.text)
    fclose                                   0x08000dd5   Thumb Code     0  fclose.o(.text)
    exit                                     0x08000e21   Thumb Code    18  exit.o(.text)
    __rt_SIGRTRED                            0x08000e33   Thumb Code    14  defsig_rtred_outer.o(.text)
    __user_libspace                          0x08000e41   Thumb Code     8  libspace.o(.text)
    __user_perproc_libspace                  0x08000e41   Thumb Code     0  libspace.o(.text)
    __user_perthread_libspace                0x08000e41   Thumb Code     0  libspace.o(.text)
    __I$use$semihosting                      0x08000e49   Thumb Code     0  use_no_semi.o(.text)
    __use_no_semihosting_swi                 0x08000e49   Thumb Code     2  use_no_semi.o(.text)
    __semihosting_library_function           0x08000e4b   Thumb Code     0  indicate_semi.o(.text)
    __rt_heap_descriptor                     0x08000e4d   Thumb Code     8  rt_heap_descriptor_intlibspace.o(.text)
    __use_no_heap                            0x08000e55   Thumb Code     2  hguard.o(.text)
    __heap$guard                             0x08000e57   Thumb Code     2  hguard.o(.text)
    _terminate_user_alloc                    0x08000e59   Thumb Code     2  init_alloc.o(.text)
    _init_user_alloc                         0x08000e5b   Thumb Code     2  init_alloc.o(.text)
    __Heap_Full                              0x08000e5d   Thumb Code    34  init_alloc.o(.text)
    __Heap_Broken                            0x08000e7f   Thumb Code     6  init_alloc.o(.text)
    _init_alloc                              0x08000e85   Thumb Code    94  init_alloc.o(.text)
    malloc                                   0x08000ee3   Thumb Code    94  h1_alloc.o(.text)
    _fseek                                   0x08000f41   Thumb Code   242  fseek.o(.text)
    fseek                                    0x08000f41   Thumb Code     0  fseek.o(.text)
    _seterr                                  0x08001039   Thumb Code    20  stdio.o(.text)
    _writebuf                                0x0800104d   Thumb Code    84  stdio.o(.text)
    _fflush                                  0x080010a1   Thumb Code    70  stdio.o(.text)
    _deferredlazyseek                        0x080010e7   Thumb Code    60  stdio.o(.text)
    __sig_exit                               0x08001129   Thumb Code    10  defsig_exit.o(.text)
    __rt_SIGRTRED_inner                      0x08001135   Thumb Code    14  defsig_rtred_inner.o(.text)
    strlen                                   0x08001169   Thumb Code    62  strlen.o(.text)
    _sys_exit                                0x080011a9   Thumb Code     8  sys_exit.o(.text)
    __Heap_Initialize                        0x080011b5   Thumb Code    10  h1_init.o(.text)
    __Heap_DescSize                          0x080011bf   Thumb Code     4  h1_init.o(.text)
    __Heap_ProvideMemory                     0x080011c3   Thumb Code    52  h1_extend.o(.text)
    _ftell_internal                          0x080011f7   Thumb Code    66  ftell.o(.text)
    ftell                                    0x080011f7   Thumb Code     0  ftell.o(.text)
    __default_signal_display                 0x08001239   Thumb Code    50  defsig_general.o(.text)
    __rt_SIGRTMEM                            0x0800126b   Thumb Code    14  defsig_rtmem_outer.o(.text)
    _ttywrch                                 0x08001279   Thumb Code    14  sys_wrch.o(.text)
    __aeabi_errno_addr                       0x08001289   Thumb Code     8  rt_errno_addr_intlibspace.o(.text)
    __errno$intlibspace                      0x08001289   Thumb Code     0  rt_errno_addr_intlibspace.o(.text)
    __rt_errno_addr$intlibspace              0x08001289   Thumb Code     0  rt_errno_addr_intlibspace.o(.text)
    __rt_SIGRTMEM_inner                      0x08001291   Thumb Code    22  defsig_rtmem_inner.o(.text)
    BusFault_Handler                         0x080012e1   Thumb Code     2  stm32f4xx_it.o(i.BusFault_Handler)
    DebugMon_Handler                         0x080012e3   Thumb Code     2  stm32f4xx_it.o(i.DebugMon_Handler)
    Error_Handler                            0x080012e5   Thumb Code     4  main.o(i.Error_Handler)
    Filter_Window                            0x080012e9   Thumb Code    32  main.o(i.Filter_Window)
    HAL_GPIO_Init                            0x0800130d   Thumb Code   450  stm32f4xx_hal_gpio.o(i.HAL_GPIO_Init)
    HAL_GetTick                              0x080014fd   Thumb Code     6  stm32f4xx_hal.o(i.HAL_GetTick)
    HAL_I2C_Init                             0x08001509   Thumb Code   376  stm32f4xx_hal_i2c.o(i.HAL_I2C_Init)
    HAL_I2C_MspInit                          0x08001691   Thumb Code    94  i2c.o(i.HAL_I2C_MspInit)
    HAL_IncTick                              0x080016fd   Thumb Code    12  stm32f4xx_hal.o(i.HAL_IncTick)
    HAL_Init                                 0x0800170d   Thumb Code    48  stm32f4xx_hal.o(i.HAL_Init)
    HAL_InitTick                             0x08001741   Thumb Code    54  stm32f4xx_hal.o(i.HAL_InitTick)
    HAL_MspInit                              0x08001781   Thumb Code    42  stm32f4xx_hal_msp.o(i.HAL_MspInit)
    HAL_NVIC_SetPriority                     0x080017b1   Thumb Code    60  stm32f4xx_hal_cortex.o(i.HAL_NVIC_SetPriority)
    HAL_NVIC_SetPriorityGrouping             0x080017f1   Thumb Code    26  stm32f4xx_hal_cortex.o(i.HAL_NVIC_SetPriorityGrouping)
    HAL_RCC_ClockConfig                      0x08001815   Thumb Code   288  stm32f4xx_hal_rcc.o(i.HAL_RCC_ClockConfig)
    HAL_RCC_GetPCLK1Freq                     0x08001949   Thumb Code    20  stm32f4xx_hal_rcc.o(i.HAL_RCC_GetPCLK1Freq)
    HAL_RCC_GetPCLK2Freq                     0x08001969   Thumb Code    20  stm32f4xx_hal_rcc.o(i.HAL_RCC_GetPCLK2Freq)
    HAL_RCC_GetSysClockFreq                  0x08001989   Thumb Code    88  stm32f4xx_hal_rcc.o(i.HAL_RCC_GetSysClockFreq)
    HAL_RCC_OscConfig                        0x080019ed   Thumb Code   856  stm32f4xx_hal_rcc.o(i.HAL_RCC_OscConfig)
    HAL_SYSTICK_Config                       0x08001d59   Thumb Code    40  stm32f4xx_hal_cortex.o(i.HAL_SYSTICK_Config)
    HAL_UART_Init                            0x08001d81   Thumb Code   100  stm32f4xx_hal_uart.o(i.HAL_UART_Init)
    HAL_UART_MspInit                         0x08001de5   Thumb Code    94  usart.o(i.HAL_UART_MspInit)
    HardFault_Handler                        0x08001e51   Thumb Code     2  stm32f4xx_it.o(i.HardFault_Handler)
    MX_GPIO_Init                             0x08001e55   Thumb Code    38  gpio.o(i.MX_GPIO_Init)
    MX_I2C1_Init                             0x08001e81   Thumb Code    50  i2c.o(i.MX_I2C1_Init)
    MX_USART1_UART_Init                      0x08001ec1   Thumb Code    48  usart.o(i.MX_USART1_UART_Init)
    MemManage_Handler                        0x08001ef9   Thumb Code     2  stm32f4xx_it.o(i.MemManage_Handler)
    NMI_Handler                              0x08001efb   Thumb Code     2  stm32f4xx_it.o(i.NMI_Handler)
    PendSV_Handler                           0x08001efd   Thumb Code     2  stm32f4xx_it.o(i.PendSV_Handler)
    SVC_Handler                              0x08001eff   Thumb Code     2  stm32f4xx_it.o(i.SVC_Handler)
    SysTick_Handler                          0x08001f01   Thumb Code     4  stm32f4xx_it.o(i.SysTick_Handler)
    SystemClock_Config                       0x08001f05   Thumb Code   116  main.o(i.SystemClock_Config)
    SystemInit                               0x08001f81   Thumb Code    12  system_stm32f4xx.o(i.SystemInit)
    UsageFault_Handler                       0x0800209d   Thumb Code     2  stm32f4xx_it.o(i.UsageFault_Handler)
    VL53L0X_CheckAndLoadInterruptSettings    0x080020a1   Thumb Code   118  vl53l0x_api.o(i.VL53L0X_CheckAndLoadInterruptSettings)
    VL53L0X_ClearInterruptMask               0x0800211d   Thumb Code    76  vl53l0x_api.o(i.VL53L0X_ClearInterruptMask)
    VL53L0X_DataInit                         0x08002169   Thumb Code   400  vl53l0x_api.o(i.VL53L0X_DataInit)
    VL53L0X_GetDeviceInfo                    0x08002301   Thumb Code     4  vl53l0x_api.o(i.VL53L0X_GetDeviceInfo)
    VL53L0X_GetDeviceParameters              0x08002305   Thumb Code   128  vl53l0x_api.o(i.VL53L0X_GetDeviceParameters)
    VL53L0X_GetFractionEnable                0x08002385   Thumb Code    26  vl53l0x_api.o(i.VL53L0X_GetFractionEnable)
    VL53L0X_GetInterMeasurementPeriodMilliSeconds 0x0800239f   Thumb Code    54  vl53l0x_api.o(i.VL53L0X_GetInterMeasurementPeriodMilliSeconds)
    VL53L0X_GetInterruptMaskStatus           0x080023d5   Thumb Code    34  vl53l0x_api.o(i.VL53L0X_GetInterruptMaskStatus)
    VL53L0X_GetInterruptThresholds           0x080023f7   Thumb Code    52  vl53l0x_api.o(i.VL53L0X_GetInterruptThresholds)
    VL53L0X_GetLimitCheckEnable              0x0800242b   Thumb Code    24  vl53l0x_api.o(i.VL53L0X_GetLimitCheckEnable)
    VL53L0X_GetLimitCheckValue               0x08002445   Thumb Code   122  vl53l0x_api.o(i.VL53L0X_GetLimitCheckValue)
    VL53L0X_GetMeasurementDataReady          0x080024bf   Thumb Code    58  vl53l0x_api.o(i.VL53L0X_GetMeasurementDataReady)
    VL53L0X_GetMeasurementTimingBudgetMicroSeconds 0x080024f9   Thumb Code     4  vl53l0x_api.o(i.VL53L0X_GetMeasurementTimingBudgetMicroSeconds)
    VL53L0X_GetOffsetCalibrationDataMicroMeter 0x080024fd   Thumb Code     4  vl53l0x_api.o(i.VL53L0X_GetOffsetCalibrationDataMicroMeter)
    VL53L0X_GetPalErrorString                0x08002501   Thumb Code     4  vl53l0x_api.o(i.VL53L0X_GetPalErrorString)
    VL53L0X_GetRangeStatusString             0x08002505   Thumb Code     4  vl53l0x_api.o(i.VL53L0X_GetRangeStatusString)
    VL53L0X_GetRangingMeasurementData        0x08002509   Thumb Code   300  vl53l0x_api.o(i.VL53L0X_GetRangingMeasurementData)
    VL53L0X_GetSequenceStepEnables           0x08002635   Thumb Code   114  vl53l0x_api.o(i.VL53L0X_GetSequenceStepEnables)
    VL53L0X_GetVcselPulsePeriod              0x080026a7   Thumb Code     4  vl53l0x_api.o(i.VL53L0X_GetVcselPulsePeriod)
    VL53L0X_GetWrapAroundCheckEnable         0x080026ab   Thumb Code    44  vl53l0x_api.o(i.VL53L0X_GetWrapAroundCheckEnable)
    VL53L0X_GetXTalkCompensationEnable       0x080026d7   Thumb Code    10  vl53l0x_api.o(i.VL53L0X_GetXTalkCompensationEnable)
    VL53L0X_GetXTalkCompensationRateMegaCps  0x080026e1   Thumb Code    44  vl53l0x_api.o(i.VL53L0X_GetXTalkCompensationRateMegaCps)
    VL53L0X_PerformRefCalibration            0x0800270d   Thumb Code     6  vl53l0x_api.o(i.VL53L0X_PerformRefCalibration)
    VL53L0X_PerformRefSpadManagement         0x08002713   Thumb Code     4  vl53l0x_api.o(i.VL53L0X_PerformRefSpadManagement)
    VL53L0X_PerformSingleMeasurement         0x08002717   Thumb Code    34  vl53l0x_api.o(i.VL53L0X_PerformSingleMeasurement)
    VL53L0X_PerformSingleRangingMeasurement  0x08002739   Thumb Code    52  vl53l0x_api.o(i.VL53L0X_PerformSingleRangingMeasurement)
    VL53L0X_PollingDelay                     0x0800276d   Thumb Code    18  vl53l0x_platform.o(i.VL53L0X_PollingDelay)
    VL53L0X_RdByte                           0x0800277f   Thumb Code    22  vl53l0x_platform.o(i.VL53L0X_RdByte)
    VL53L0X_RdDWord                          0x08002795   Thumb Code    22  vl53l0x_platform.o(i.VL53L0X_RdDWord)
    VL53L0X_RdWord                           0x080027ab   Thumb Code    22  vl53l0x_platform.o(i.VL53L0X_RdWord)
    VL53L0X_ReadMulti                        0x080027c1   Thumb Code    30  vl53l0x_platform.o(i.VL53L0X_ReadMulti)
    VL53L0X_SetDeviceAddress                 0x080027df   Thumb Code     8  vl53l0x_api.o(i.VL53L0X_SetDeviceAddress)
    VL53L0X_SetDeviceMode                    0x080027e7   Thumb Code    36  vl53l0x_api.o(i.VL53L0X_SetDeviceMode)
    VL53L0X_SetGpioConfig                    0x0800280b   Thumb Code   312  vl53l0x_api.o(i.VL53L0X_SetGpioConfig)
    VL53L0X_SetLimitCheckEnable              0x08002945   Thumb Code   130  vl53l0x_api.o(i.VL53L0X_SetLimitCheckEnable)
    VL53L0X_SetLimitCheckValue               0x080029c7   Thumb Code    80  vl53l0x_api.o(i.VL53L0X_SetLimitCheckValue)
    VL53L0X_SetMeasurementTimingBudgetMicroSeconds 0x08002a17   Thumb Code     4  vl53l0x_api.o(i.VL53L0X_SetMeasurementTimingBudgetMicroSeconds)
    VL53L0X_SetOffsetCalibrationDataMicroMeter 0x08002a1b   Thumb Code     4  vl53l0x_api.o(i.VL53L0X_SetOffsetCalibrationDataMicroMeter)
    VL53L0X_SetRefCalibration                0x08002a1f   Thumb Code     4  vl53l0x_api.o(i.VL53L0X_SetRefCalibration)
    VL53L0X_SetReferenceSpads                0x08002a23   Thumb Code     4  vl53l0x_api.o(i.VL53L0X_SetReferenceSpads)
    VL53L0X_SetSequenceStepEnable            0x08002a27   Thumb Code   174  vl53l0x_api.o(i.VL53L0X_SetSequenceStepEnable)
    VL53L0X_SetVcselPulsePeriod              0x08002ad5   Thumb Code     4  vl53l0x_api.o(i.VL53L0X_SetVcselPulsePeriod)
    VL53L0X_SetXTalkCompensationRateMegaCps  0x08002ad9   Thumb Code    46  vl53l0x_api.o(i.VL53L0X_SetXTalkCompensationRateMegaCps)
    VL53L0X_StartMeasurement                 0x08002b09   Thumb Code   212  vl53l0x_api.o(i.VL53L0X_StartMeasurement)
    VL53L0X_StaticInit                       0x08002bdd   Thumb Code   366  vl53l0x_api.o(i.VL53L0X_StaticInit)
    VL53L0X_UpdateByte                       0x08002d51   Thumb Code    66  vl53l0x_platform.o(i.VL53L0X_UpdateByte)
    VL53L0X_WrByte                           0x08002d93   Thumb Code    22  vl53l0x_platform.o(i.VL53L0X_WrByte)
    VL53L0X_WrWord                           0x08002da9   Thumb Code    22  vl53l0x_platform.o(i.VL53L0X_WrWord)
    VL53L0X_WriteMulti                       0x08002dbf   Thumb Code    30  vl53l0x_platform.o(i.VL53L0X_WriteMulti)
    VL53L0X_calc_dmax                        0x08002ddd   Thumb Code   212  vl53l0x_api_core.o(i.VL53L0X_calc_dmax)
    VL53L0X_calc_macro_period_ps             0x08002eb5   Thumb Code    16  vl53l0x_api_core.o(i.VL53L0X_calc_macro_period_ps)
    VL53L0X_calc_sigma_estimate              0x08002ec5   Thumb Code   540  vl53l0x_api_core.o(i.VL53L0X_calc_sigma_estimate)
    VL53L0X_calc_timeout_mclks               0x080030ed   Thumb Code    34  vl53l0x_api_core.o(i.VL53L0X_calc_timeout_mclks)
    VL53L0X_calc_timeout_us                  0x0800310f   Thumb Code    34  vl53l0x_api_core.o(i.VL53L0X_calc_timeout_us)
    VL53L0X_check_part_used                  0x08003131   Thumb Code    60  vl53l0x_api_strings.o(i.VL53L0X_check_part_used)
    VL53L0X_decode_timeout                   0x0800316d   Thumb Code    12  vl53l0x_api_core.o(i.VL53L0X_decode_timeout)
    VL53L0X_decode_vcsel_period              0x08003179   Thumb Code     8  vl53l0x_api_core.o(i.VL53L0X_decode_vcsel_period)
    VL53L0X_device_read_strobe               0x08003181   Thumb Code    74  vl53l0x_api_core.o(i.VL53L0X_device_read_strobe)
    VL53L0X_encode_timeout                   0x080031cb   Thumb Code    30  vl53l0x_api_core.o(i.VL53L0X_encode_timeout)
    VL53L0X_encode_vcsel_period              0x080031e9   Thumb Code    10  vl53l0x_api_core.o(i.VL53L0X_encode_vcsel_period)
    VL53L0X_get_device_info                  0x080031f5   Thumb Code   108  vl53l0x_api_strings.o(i.VL53L0X_get_device_info)
    VL53L0X_get_info_from_device             0x080032a5   Thumb Code  1320  vl53l0x_api_core.o(i.VL53L0X_get_info_from_device)
    VL53L0X_get_measurement_timing_budget_micro_seconds 0x080037cd   Thumb Code   196  vl53l0x_api_core.o(i.VL53L0X_get_measurement_timing_budget_micro_seconds)
    VL53L0X_get_offset_calibration_data_micro_meter 0x08003891   Thumb Code    52  vl53l0x_api_calibration.o(i.VL53L0X_get_offset_calibration_data_micro_meter)
    VL53L0X_get_pal_error_string             0x080038c5   Thumb Code   176  vl53l0x_api_strings.o(i.VL53L0X_get_pal_error_string)
    VL53L0X_get_pal_range_status             0x08003b15   Thumb Code   486  vl53l0x_api_core.o(i.VL53L0X_get_pal_range_status)
    VL53L0X_get_range_status_string          0x08003cfd   Thumb Code    56  vl53l0x_api_strings.o(i.VL53L0X_get_range_status_string)
    VL53L0X_get_total_signal_rate            0x08003da5   Thumb Code    28  vl53l0x_api_core.o(i.VL53L0X_get_total_signal_rate)
    VL53L0X_get_total_xtalk_rate             0x08003dc1   Thumb Code    46  vl53l0x_api_core.o(i.VL53L0X_get_total_xtalk_rate)
    VL53L0X_get_vcsel_pulse_period           0x08003def   Thumb Code    48  vl53l0x_api_core.o(i.VL53L0X_get_vcsel_pulse_period)
    VL53L0X_i2c_init                         0x08003e21   Thumb Code    60  vl53l0x_i2c.o(i.VL53L0X_i2c_init)
    VL53L0X_isqrt                            0x08003e69   Thumb Code    42  vl53l0x_api_core.o(i.VL53L0X_isqrt)
    VL53L0X_load_tuning_settings             0x08003e95   Thumb Code   164  vl53l0x_api_core.o(i.VL53L0X_load_tuning_settings)
    VL53L0X_measurement_poll_for_completion  0x08003f39   Thumb Code    54  vl53l0x_api_core.o(i.VL53L0X_measurement_poll_for_completion)
    VL53L0X_perform_phase_calibration        0x08003f6f   Thumb Code   116  vl53l0x_api_calibration.o(i.VL53L0X_perform_phase_calibration)
    VL53L0X_perform_ref_calibration          0x08003fe3   Thumb Code    64  vl53l0x_api_calibration.o(i.VL53L0X_perform_ref_calibration)
    VL53L0X_perform_ref_spad_management      0x08004023   Thumb Code   542  vl53l0x_api_calibration.o(i.VL53L0X_perform_ref_spad_management)
    VL53L0X_perform_single_ref_calibration   0x08004241   Thumb Code    56  vl53l0x_api_calibration.o(i.VL53L0X_perform_single_ref_calibration)
    VL53L0X_perform_vhv_calibration          0x08004279   Thumb Code   116  vl53l0x_api_calibration.o(i.VL53L0X_perform_vhv_calibration)
    VL53L0X_read_byte                        0x080042ed   Thumb Code     6  vl53l0x_i2c.o(i.VL53L0X_read_byte)
    VL53L0X_read_dword                       0x080042f3   Thumb Code    44  vl53l0x_i2c.o(i.VL53L0X_read_dword)
    VL53L0X_read_multi                       0x0800431f   Thumb Code    22  vl53l0x_i2c.o(i.VL53L0X_read_multi)
    VL53L0X_read_word                        0x08004335   Thumb Code    28  vl53l0x_i2c.o(i.VL53L0X_read_word)
    VL53L0X_ref_calibration_io               0x08004351   Thumb Code   178  vl53l0x_api_calibration.o(i.VL53L0X_ref_calibration_io)
    VL53L0X_set_measurement_timing_budget_micro_seconds 0x08004403   Thumb Code   194  vl53l0x_api_core.o(i.VL53L0X_set_measurement_timing_budget_micro_seconds)
    VL53L0X_set_offset_calibration_data_micro_meter 0x080044c5   Thumb Code    52  vl53l0x_api_calibration.o(i.VL53L0X_set_offset_calibration_data_micro_meter)
    VL53L0X_set_ref_calibration              0x08004501   Thumb Code    32  vl53l0x_api_calibration.o(i.VL53L0X_set_ref_calibration)
    VL53L0X_set_reference_spads              0x08004521   Thumb Code   166  vl53l0x_api_calibration.o(i.VL53L0X_set_reference_spads)
    VL53L0X_set_vcsel_pulse_period           0x080045c7   Thumb Code   544  vl53l0x_api_core.o(i.VL53L0X_set_vcsel_pulse_period)
    VL53L0X_write_byte                       0x080047e7   Thumb Code    12  vl53l0x_i2c.o(i.VL53L0X_write_byte)
    VL53L0X_write_multi                      0x080047f3   Thumb Code    22  vl53l0x_i2c.o(i.VL53L0X_write_multi)
    VL53L0X_write_word                       0x08004809   Thumb Code    50  vl53l0x_i2c.o(i.VL53L0X_write_word)
    VL_IIC_Ack                               0x0800483d   Thumb Code    56  vl53l0x_i2c.o(i.VL_IIC_Ack)
    VL_IIC_NAck                              0x0800487d   Thumb Code    56  vl53l0x_i2c.o(i.VL_IIC_NAck)
    VL_IIC_Read_Byte                         0x080048bd   Thumb Code    96  vl53l0x_i2c.o(i.VL_IIC_Read_Byte)
    VL_IIC_Read_nByte                        0x08004925   Thumb Code   100  vl53l0x_i2c.o(i.VL_IIC_Read_nByte)
    VL_IIC_Send_Byte                         0x08004989   Thumb Code    94  vl53l0x_i2c.o(i.VL_IIC_Send_Byte)
    VL_IIC_Start                             0x080049f1   Thumb Code    56  vl53l0x_i2c.o(i.VL_IIC_Start)
    VL_IIC_Stop                              0x08004a31   Thumb Code    58  vl53l0x_i2c.o(i.VL_IIC_Stop)
    VL_IIC_Wait_Ack                          0x08004a75   Thumb Code    74  vl53l0x_i2c.o(i.VL_IIC_Wait_Ack)
    VL_IIC_Write_nByte                       0x08004ac9   Thumb Code    70  vl53l0x_i2c.o(i.VL_IIC_Write_nByte)
    _is_digit                                0x08004b2f   Thumb Code    14  __printf_wp.o(i._is_digit)
    delay_ms                                 0x08004b3d   Thumb Code    26  delay.o(i.delay_ms)
    delay_us                                 0x08004b59   Thumb Code    48  delay.o(i.delay_us)
    enable_ref_spads                         0x08004b8d   Thumb Code   148  vl53l0x_api_calibration.o(i.enable_ref_spads)
    enable_spad_bit                          0x08004c21   Thumb Code    42  vl53l0x_api_calibration.o(i.enable_spad_bit)
    fputc                                    0x08004c4b   Thumb Code    26  fputc.o(i.fputc)
    get_next_good_spad                       0x08004c65   Thumb Code    92  vl53l0x_api_calibration.o(i.get_next_good_spad)
    get_ref_spad_map                         0x08004cc1   Thumb Code    10  vl53l0x_api_calibration.o(i.get_ref_spad_map)
    get_sequence_step_timeout                0x08004ccb   Thumb Code   242  vl53l0x_api_core.o(i.get_sequence_step_timeout)
    is_aperture                              0x08004dbd   Thumb Code    20  vl53l0x_api_calibration.o(i.is_aperture)
    main                                     0x08004dd5   Thumb Code    90  main.o(i.main)
    perform_ref_signal_measurement           0x08004e75   Thumb Code   100  vl53l0x_api_calibration.o(i.perform_ref_signal_measurement)
    print_pal_error                          0x08004ed9   Thumb Code    26  vl53l0x.o(i.print_pal_error)
    sequence_step_enabled                    0x08004f0d   Thumb Code    56  vl53l0x_api.o(i.sequence_step_enabled)
    set_ref_spad_map                         0x08004f45   Thumb Code    10  vl53l0x_api_calibration.o(i.set_ref_spad_map)
    set_sequence_step_timeout                0x08004f4f   Thumb Code   258  vl53l0x_api_core.o(i.set_sequence_step_timeout)
    vl53l0x_Addr_set                         0x08005051   Thumb Code   124  vl53l0x.o(i.vl53l0x_Addr_set)
    vl53l0x_init                             0x080050d9   Thumb Code   158  vl53l0x.o(i.vl53l0x_init)
    vl53l0x_reset                            0x08005191   Thumb Code    60  vl53l0x.o(i.vl53l0x_reset)
    vl53l0x_set_mode                         0x080051d1   Thumb Code   310  vl53l0x_gen.o(i.vl53l0x_set_mode)
    vl53l0x_start_single_test                0x08005315   Thumb Code    46  vl53l0x_gen.o(i.vl53l0x_start_single_test)
    vl53l0x_test                             0x08005349   Thumb Code    70  main.o(i.vl53l0x_test)
    _fp_init                                 0x080053ad   Thumb Code    10  fpinit.o(x$fpl$fpinit)
    __fplib_config_fpu_vfp                   0x080053b5   Thumb Code     0  fpinit.o(x$fpl$fpinit)
    __fplib_config_pureend_doubles           0x080053b5   Thumb Code     0  fpinit.o(x$fpl$fpinit)
    AHBPrescTable                            0x080053b6   Data          16  system_stm32f4xx.o(.constdata)
    APBPrescTable                            0x080053c6   Data           8  system_stm32f4xx.o(.constdata)
    __stdin_name                             0x080053f6   Data           4  sys_io.o(.constdata)
    __stdout_name                            0x080053fa   Data           4  sys_io.o(.constdata)
    __stderr_name                            0x080053fe   Data           4  sys_io.o(.constdata)
    Region$$Table$$Base                      0x08005404   Number         0  anon$$obj.o(Region$$Table)
    Region$$Table$$Limit                     0x08005424   Number         0  anon$$obj.o(Region$$Table)
    uwTickFreq                               0x20000000   Data           1  stm32f4xx_hal.o(.data)
    uwTickPrio                               0x20000004   Data           4  stm32f4xx_hal.o(.data)
    uwTick                                   0x20000008   Data           4  stm32f4xx_hal.o(.data)
    SystemCoreClock                          0x2000000c   Data           4  system_stm32f4xx.o(.data)
    DefaultTuningSettings                    0x20000010   Data         243  vl53l0x_api.o(.data)
    InterruptThresholdSettings               0x20000103   Data         438  vl53l0x_api.o(.data)
    refArrayQuadrants                        0x200002bc   Data          16  vl53l0x_api_calibration.o(.data)
    AjustOK                                  0x200002cc   Data           1  vl53l0x.o(.data)
    Mode_data                                0x200002cd   Data          56  vl53l0x.o(.data)
    Distance_data                            0x20000306   Data           2  vl53l0x_gen.o(.data)
    __aeabi_stdin                            0x2000030c   Data           4  stdio_streams.o(.data)
    __aeabi_stdout                           0x20000310   Data           4  stdio_streams.o(.data)
    __aeabi_stderr                           0x20000314   Data           4  stdio_streams.o(.data)
    hi2c1                                    0x2000035c   Data          84  i2c.o(.bss)
    huart1                                   0x200003b0   Data          72  usart.o(.bss)
    vl53l0x_dev                              0x200003f8   Data         352  vl53l0x.o(.bss)
    vl53l0x_dev_info                         0x20000558   Data          99  vl53l0x.o(.bss)
    Vl53l0x_adjust                           0x200005bb   Data          24  vl53l0x_cali.o(.bss)
    Vl53l0x_data                             0x200005d3   Data          24  vl53l0x_cali.o(.bss)
    vl53l0x_data                             0x200005ec   Data          28  vl53l0x_gen.o(.bss)
    __stdin                                  0x20000608   Data          84  stdio_streams.o(.bss)
    __stdout                                 0x2000065c   Data          84  stdio_streams.o(.bss)
    __stderr                                 0x200006b0   Data          84  stdio_streams.o(.bss)
    __libspace_start                         0x20000704   Data          96  libspace.o(.bss)
    __temporary_stack_top$libspace           0x20000764   Data           0  libspace.o(.bss)



==============================================================================

Memory Map of the image

  Image Entry point : 0x08000189

  Load Region LR_IROM1 (Base: 0x08000000, Size: 0x0000573c, Max: 0x00080000, ABSOLUTE, COMPRESSED[0x000056d8])

    Execution Region ER_IROM1 (Exec base: 0x08000000, Load base: 0x08000000, Size: 0x00005424, Max: 0x00080000, ABSOLUTE)

    Exec Addr    Load Addr    Size         Type   Attr      Idx    E Section Name        Object

    0x08000000   0x08000000   0x00000188   Data   RO            3    RESET               startup_stm32f407xx.o
    0x08000188   0x08000188   0x00000008   Code   RO         3983  * !!!main             c_w.l(__main.o)
    0x08000190   0x08000190   0x00000034   Code   RO         4342    !!!scatter          c_w.l(__scatter.o)
    0x080001c4   0x080001c4   0x00000064   Code   RO         4340    !!dclz77c           c_w.l(__dclz77c.o)
    0x08000228   0x08000228   0x0000001c   Code   RO         4344    !!handler_zi        c_w.l(__scatter_zi.o)
    0x08000244   0x08000244   0x00000000   Code   RO         3970    .ARM.Collect$$_printf_percent$$00000000  c_w.l(_printf_percent.o)
    0x08000244   0x08000244   0x00000006   Code   RO         3968    .ARM.Collect$$_printf_percent$$00000008  c_w.l(_printf_i.o)
    0x0800024a   0x0800024a   0x00000006   Code   RO         3969    .ARM.Collect$$_printf_percent$$00000009  c_w.l(_printf_d.o)
    0x08000250   0x08000250   0x00000006   Code   RO         3967    .ARM.Collect$$_printf_percent$$0000000C  c_w.l(_printf_x.o)
    0x08000256   0x08000256   0x00000006   Code   RO         3966    .ARM.Collect$$_printf_percent$$00000014  c_w.l(_printf_s.o)
    0x0800025c   0x0800025c   0x00000004   Code   RO         3996    .ARM.Collect$$_printf_percent$$00000017  c_w.l(_printf_percent_end.o)
    0x08000260   0x08000260   0x00000002   Code   RO         4131    .ARM.Collect$$libinit$$00000000  c_w.l(libinit.o)
    0x08000262   0x08000262   0x00000004   Code   RO         4132    .ARM.Collect$$libinit$$00000001  c_w.l(libinit2.o)
    0x08000266   0x08000266   0x00000000   Code   RO         4135    .ARM.Collect$$libinit$$00000004  c_w.l(libinit2.o)
    0x08000266   0x08000266   0x00000008   Code   RO         4136    .ARM.Collect$$libinit$$00000005  c_w.l(libinit2.o)
    0x0800026e   0x0800026e   0x00000000   Code   RO         4138    .ARM.Collect$$libinit$$0000000A  c_w.l(libinit2.o)
    0x0800026e   0x0800026e   0x00000000   Code   RO         4140    .ARM.Collect$$libinit$$0000000C  c_w.l(libinit2.o)
    0x0800026e   0x0800026e   0x00000000   Code   RO         4142    .ARM.Collect$$libinit$$0000000E  c_w.l(libinit2.o)
    0x0800026e   0x0800026e   0x00000000   Code   RO         4145    .ARM.Collect$$libinit$$00000011  c_w.l(libinit2.o)
    0x0800026e   0x0800026e   0x00000000   Code   RO         4147    .ARM.Collect$$libinit$$00000013  c_w.l(libinit2.o)
    0x0800026e   0x0800026e   0x00000000   Code   RO         4149    .ARM.Collect$$libinit$$00000015  c_w.l(libinit2.o)
    0x0800026e   0x0800026e   0x00000000   Code   RO         4151    .ARM.Collect$$libinit$$00000017  c_w.l(libinit2.o)
    0x0800026e   0x0800026e   0x00000000   Code   RO         4153    .ARM.Collect$$libinit$$00000019  c_w.l(libinit2.o)
    0x0800026e   0x0800026e   0x00000000   Code   RO         4155    .ARM.Collect$$libinit$$0000001B  c_w.l(libinit2.o)
    0x0800026e   0x0800026e   0x00000000   Code   RO         4157    .ARM.Collect$$libinit$$0000001D  c_w.l(libinit2.o)
    0x0800026e   0x0800026e   0x00000000   Code   RO         4159    .ARM.Collect$$libinit$$0000001F  c_w.l(libinit2.o)
    0x0800026e   0x0800026e   0x00000000   Code   RO         4161    .ARM.Collect$$libinit$$00000021  c_w.l(libinit2.o)
    0x0800026e   0x0800026e   0x00000000   Code   RO         4163    .ARM.Collect$$libinit$$00000023  c_w.l(libinit2.o)
    0x0800026e   0x0800026e   0x00000004   Code   RO         4164    .ARM.Collect$$libinit$$00000024  c_w.l(libinit2.o)
    0x08000272   0x08000272   0x00000000   Code   RO         4165    .ARM.Collect$$libinit$$00000025  c_w.l(libinit2.o)
    0x08000272   0x08000272   0x00000000   Code   RO         4169    .ARM.Collect$$libinit$$0000002C  c_w.l(libinit2.o)
    0x08000272   0x08000272   0x00000000   Code   RO         4171    .ARM.Collect$$libinit$$0000002E  c_w.l(libinit2.o)
    0x08000272   0x08000272   0x00000000   Code   RO         4173    .ARM.Collect$$libinit$$00000030  c_w.l(libinit2.o)
    0x08000272   0x08000272   0x00000000   Code   RO         4175    .ARM.Collect$$libinit$$00000032  c_w.l(libinit2.o)
    0x08000272   0x08000272   0x00000002   Code   RO         4176    .ARM.Collect$$libinit$$00000033  c_w.l(libinit2.o)
    0x08000274   0x08000274   0x00000002   Code   RO         4321    .ARM.Collect$$libshutdown$$00000000  c_w.l(libshutdown.o)
    0x08000276   0x08000276   0x00000000   Code   RO         4178    .ARM.Collect$$libshutdown$$00000002  c_w.l(libshutdown2.o)
    0x08000276   0x08000276   0x00000004   Code   RO         4179    .ARM.Collect$$libshutdown$$00000003  c_w.l(libshutdown2.o)
    0x0800027a   0x0800027a   0x00000000   Code   RO         4180    .ARM.Collect$$libshutdown$$00000004  c_w.l(libshutdown2.o)
    0x0800027a   0x0800027a   0x00000000   Code   RO         4183    .ARM.Collect$$libshutdown$$00000007  c_w.l(libshutdown2.o)
    0x0800027a   0x0800027a   0x00000000   Code   RO         4186    .ARM.Collect$$libshutdown$$0000000A  c_w.l(libshutdown2.o)
    0x0800027a   0x0800027a   0x00000000   Code   RO         4188    .ARM.Collect$$libshutdown$$0000000C  c_w.l(libshutdown2.o)
    0x0800027a   0x0800027a   0x00000000   Code   RO         4191    .ARM.Collect$$libshutdown$$0000000F  c_w.l(libshutdown2.o)
    0x0800027a   0x0800027a   0x00000002   Code   RO         4192    .ARM.Collect$$libshutdown$$00000010  c_w.l(libshutdown2.o)
    0x0800027c   0x0800027c   0x00000000   Code   RO         3985    .ARM.Collect$$rtentry$$00000000  c_w.l(__rtentry.o)
    0x0800027c   0x0800027c   0x00000000   Code   RO         4004    .ARM.Collect$$rtentry$$00000002  c_w.l(__rtentry2.o)
    0x0800027c   0x0800027c   0x00000006   Code   RO         4016    .ARM.Collect$$rtentry$$00000004  c_w.l(__rtentry4.o)
    0x08000282   0x08000282   0x00000000   Code   RO         4006    .ARM.Collect$$rtentry$$00000009  c_w.l(__rtentry2.o)
    0x08000282   0x08000282   0x00000004   Code   RO         4007    .ARM.Collect$$rtentry$$0000000A  c_w.l(__rtentry2.o)
    0x08000286   0x08000286   0x00000000   Code   RO         4009    .ARM.Collect$$rtentry$$0000000C  c_w.l(__rtentry2.o)
    0x08000286   0x08000286   0x00000008   Code   RO         4010    .ARM.Collect$$rtentry$$0000000D  c_w.l(__rtentry2.o)
    0x0800028e   0x0800028e   0x00000002   Code   RO         4201    .ARM.Collect$$rtexit$$00000000  c_w.l(rtexit.o)
    0x08000290   0x08000290   0x00000000   Code   RO         4259    .ARM.Collect$$rtexit$$00000002  c_w.l(rtexit2.o)
    0x08000290   0x08000290   0x00000004   Code   RO         4260    .ARM.Collect$$rtexit$$00000003  c_w.l(rtexit2.o)
    0x08000294   0x08000294   0x00000006   Code   RO         4261    .ARM.Collect$$rtexit$$00000004  c_w.l(rtexit2.o)
    0x0800029a   0x0800029a   0x00000002   PAD
    0x0800029c   0x0800029c   0x00000000   Code   RO         4265    .emb_text           c_w.l(maybetermalloc1.o)
    0x0800029c   0x0800029c   0x00000040   Code   RO            4    .text               startup_stm32f407xx.o
    0x080002dc   0x080002dc   0x000000ee   Code   RO         3911    .text               c_w.l(lludivv7m.o)
    0x080003ca   0x080003ca   0x00000002   PAD
    0x080003cc   0x080003cc   0x00000018   Code   RO         3915    .text               c_w.l(noretval__2printf.o)
    0x080003e4   0x080003e4   0x00000052   Code   RO         3921    .text               c_w.l(_printf_str.o)
    0x08000436   0x08000436   0x00000002   PAD
    0x08000438   0x08000438   0x00000078   Code   RO         3923    .text               c_w.l(_printf_dec.o)
    0x080004b0   0x080004b0   0x00000058   Code   RO         3928    .text               c_w.l(_printf_hex_int.o)
    0x08000508   0x08000508   0x0000010e   Code   RO         3954    .text               c_w.l(__printf_wp.o)
    0x08000616   0x08000616   0x00000048   Code   RO         3971    .text               c_w.l(strcpy.o)
    0x0800065e   0x0800065e   0x00000064   Code   RO         3975    .text               c_w.l(rt_memcpy_w.o)
    0x080006c2   0x080006c2   0x00000044   Code   RO         3977    .text               c_w.l(rt_memclr.o)
    0x08000706   0x08000706   0x0000004e   Code   RO         3979    .text               c_w.l(rt_memclr_w.o)
    0x08000754   0x08000754   0x00000006   Code   RO         3981    .text               c_w.l(heapauxi.o)
    0x0800075a   0x0800075a   0x000000b2   Code   RO         3990    .text               c_w.l(_printf_intcommon.o)
    0x0800080c   0x0800080c   0x0000002c   Code   RO         3992    .text               c_w.l(_printf_char.o)
    0x08000838   0x08000838   0x00000024   Code   RO         3994    .text               c_w.l(_printf_char_file.o)
    0x0800085c   0x0800085c   0x00000030   Code   RO         4020    .text               c_w.l(_printf_char_common.o)
    0x0800088c   0x0800088c   0x00000008   Code   RO         4022    .text               c_w.l(ferror.o)
    0x08000894   0x08000894   0x00000138   Code   RO         4028    .text               c_w.l(initio.o)
    0x080009cc   0x080009cc   0x00000066   Code   RO         4036    .text               c_w.l(sys_io.o)
    0x08000a32   0x08000a32   0x0000004a   Code   RO         4043    .text               c_w.l(sys_stackheap_outer.o)
    0x08000a7c   0x08000a7c   0x0000004e   Code   RO         4047    .text               c_w.l(h1_free.o)
    0x08000aca   0x08000aca   0x000001d6   Code   RO         4103    .text               c_w.l(flsbuf.o)
    0x08000ca0   0x08000ca0   0x00000046   Code   RO         4105    .text               c_w.l(setvbuf.o)
    0x08000ce6   0x08000ce6   0x00000002   PAD
    0x08000ce8   0x08000ce8   0x000000ec   Code   RO         4108    .text               c_w.l(fopen.o)
    0x08000dd4   0x08000dd4   0x0000004c   Code   RO         4110    .text               c_w.l(fclose.o)
    0x08000e20   0x08000e20   0x00000012   Code   RO         4116    .text               c_w.l(exit.o)
    0x08000e32   0x08000e32   0x0000000e   Code   RO         4122    .text               c_w.l(defsig_rtred_outer.o)
    0x08000e40   0x08000e40   0x00000008   Code   RO         4195    .text               c_w.l(libspace.o)
    0x08000e48   0x08000e48   0x00000002   Code   RO         4198    .text               c_w.l(use_no_semi.o)
    0x08000e4a   0x08000e4a   0x00000000   Code   RO         4200    .text               c_w.l(indicate_semi.o)
    0x08000e4a   0x08000e4a   0x00000002   PAD
    0x08000e4c   0x08000e4c   0x00000008   Code   RO         4208    .text               c_w.l(rt_heap_descriptor_intlibspace.o)
    0x08000e54   0x08000e54   0x00000004   Code   RO         4210    .text               c_w.l(hguard.o)
    0x08000e58   0x08000e58   0x0000008a   Code   RO         4212    .text               c_w.l(init_alloc.o)
    0x08000ee2   0x08000ee2   0x0000005e   Code   RO         4218    .text               c_w.l(h1_alloc.o)
    0x08000f40   0x08000f40   0x000000f8   Code   RO         4234    .text               c_w.l(fseek.o)
    0x08001038   0x08001038   0x000000f0   Code   RO         4236    .text               c_w.l(stdio.o)
    0x08001128   0x08001128   0x0000000a   Code   RO         4242    .text               c_w.l(defsig_exit.o)
    0x08001132   0x08001132   0x00000002   PAD
    0x08001134   0x08001134   0x00000034   Code   RO         4246    .text               c_w.l(defsig_rtred_inner.o)
    0x08001168   0x08001168   0x0000003e   Code   RO         4250    .text               c_w.l(strlen.o)
    0x080011a6   0x080011a6   0x00000002   PAD
    0x080011a8   0x080011a8   0x0000000c   Code   RO         4256    .text               c_w.l(sys_exit.o)
    0x080011b4   0x080011b4   0x0000000e   Code   RO         4267    .text               c_w.l(h1_init.o)
    0x080011c2   0x080011c2   0x00000034   Code   RO         4269    .text               c_w.l(h1_extend.o)
    0x080011f6   0x080011f6   0x00000042   Code   RO         4279    .text               c_w.l(ftell.o)
    0x08001238   0x08001238   0x00000032   Code   RO         4287    .text               c_w.l(defsig_general.o)
    0x0800126a   0x0800126a   0x0000000e   Code   RO         4289    .text               c_w.l(defsig_rtmem_outer.o)
    0x08001278   0x08001278   0x0000000e   Code   RO         4302    .text               c_w.l(sys_wrch.o)
    0x08001286   0x08001286   0x00000002   PAD
    0x08001288   0x08001288   0x00000008   Code   RO         4309    .text               c_w.l(rt_errno_addr_intlibspace.o)
    0x08001290   0x08001290   0x00000050   Code   RO         4315    .text               c_w.l(defsig_rtmem_inner.o)
    0x080012e0   0x080012e0   0x00000002   Code   RO          337    i.BusFault_Handler  stm32f4xx_it.o
    0x080012e2   0x080012e2   0x00000002   Code   RO          338    i.DebugMon_Handler  stm32f4xx_it.o
    0x080012e4   0x080012e4   0x00000004   Code   RO           13    i.Error_Handler     main.o
    0x080012e8   0x080012e8   0x00000024   Code   RO           14    i.Filter_Window     main.o
    0x0800130c   0x0800130c   0x000001f0   Code   RO         1246    i.HAL_GPIO_Init     stm32f4xx_hal_gpio.o
    0x080014fc   0x080014fc   0x0000000c   Code   RO         1784    i.HAL_GetTick       stm32f4xx_hal.o
    0x08001508   0x08001508   0x00000188   Code   RO          447    i.HAL_I2C_Init      stm32f4xx_hal_i2c.o
    0x08001690   0x08001690   0x0000006c   Code   RO          254    i.HAL_I2C_MspInit   i2c.o
    0x080016fc   0x080016fc   0x00000010   Code   RO         1790    i.HAL_IncTick       stm32f4xx_hal.o
    0x0800170c   0x0800170c   0x00000034   Code   RO         1791    i.HAL_Init          stm32f4xx_hal.o
    0x08001740   0x08001740   0x00000040   Code   RO         1792    i.HAL_InitTick      stm32f4xx_hal.o
    0x08001780   0x08001780   0x00000030   Code   RO          412    i.HAL_MspInit       stm32f4xx_hal_msp.o
    0x080017b0   0x080017b0   0x00000040   Code   RO         1642    i.HAL_NVIC_SetPriority  stm32f4xx_hal_cortex.o
    0x080017f0   0x080017f0   0x00000024   Code   RO         1643    i.HAL_NVIC_SetPriorityGrouping  stm32f4xx_hal_cortex.o
    0x08001814   0x08001814   0x00000134   Code   RO          892    i.HAL_RCC_ClockConfig  stm32f4xx_hal_rcc.o
    0x08001948   0x08001948   0x00000020   Code   RO          899    i.HAL_RCC_GetPCLK1Freq  stm32f4xx_hal_rcc.o
    0x08001968   0x08001968   0x00000020   Code   RO          900    i.HAL_RCC_GetPCLK2Freq  stm32f4xx_hal_rcc.o
    0x08001988   0x08001988   0x00000064   Code   RO          901    i.HAL_RCC_GetSysClockFreq  stm32f4xx_hal_rcc.o
    0x080019ec   0x080019ec   0x0000036c   Code   RO          904    i.HAL_RCC_OscConfig  stm32f4xx_hal_rcc.o
    0x08001d58   0x08001d58   0x00000028   Code   RO         1647    i.HAL_SYSTICK_Config  stm32f4xx_hal_cortex.o
    0x08001d80   0x08001d80   0x00000064   Code   RO         2095    i.HAL_UART_Init     stm32f4xx_hal_uart.o
    0x08001de4   0x08001de4   0x0000006c   Code   RO          296    i.HAL_UART_MspInit  usart.o
    0x08001e50   0x08001e50   0x00000002   Code   RO          339    i.HardFault_Handler  stm32f4xx_it.o
    0x08001e52   0x08001e52   0x00000002   PAD
    0x08001e54   0x08001e54   0x0000002c   Code   RO          224    i.MX_GPIO_Init      gpio.o
    0x08001e80   0x08001e80   0x00000040   Code   RO          255    i.MX_I2C1_Init      i2c.o
    0x08001ec0   0x08001ec0   0x00000038   Code   RO          297    i.MX_USART1_UART_Init  usart.o
    0x08001ef8   0x08001ef8   0x00000002   Code   RO          340    i.MemManage_Handler  stm32f4xx_it.o
    0x08001efa   0x08001efa   0x00000002   Code   RO          341    i.NMI_Handler       stm32f4xx_it.o
    0x08001efc   0x08001efc   0x00000002   Code   RO          342    i.PendSV_Handler    stm32f4xx_it.o
    0x08001efe   0x08001efe   0x00000002   Code   RO          343    i.SVC_Handler       stm32f4xx_it.o
    0x08001f00   0x08001f00   0x00000004   Code   RO          344    i.SysTick_Handler   stm32f4xx_it.o
    0x08001f04   0x08001f04   0x0000007c   Code   RO           15    i.SystemClock_Config  main.o
    0x08001f80   0x08001f80   0x00000010   Code   RO         2429    i.SystemInit        system_stm32f4xx.o
    0x08001f90   0x08001f90   0x0000010c   Code   RO         2121    i.UART_SetConfig    stm32f4xx_hal_uart.o
    0x0800209c   0x0800209c   0x00000002   Code   RO          345    i.UsageFault_Handler  stm32f4xx_it.o
    0x0800209e   0x0800209e   0x00000002   PAD
    0x080020a0   0x080020a0   0x0000007c   Code   RO         2466    i.VL53L0X_CheckAndLoadInterruptSettings  vl53l0x_api.o
    0x0800211c   0x0800211c   0x0000004c   Code   RO         2467    i.VL53L0X_ClearInterruptMask  vl53l0x_api.o
    0x08002168   0x08002168   0x00000198   Code   RO         2468    i.VL53L0X_DataInit  vl53l0x_api.o
    0x08002300   0x08002300   0x00000004   Code   RO         2472    i.VL53L0X_GetDeviceInfo  vl53l0x_api.o
    0x08002304   0x08002304   0x00000080   Code   RO         2474    i.VL53L0X_GetDeviceParameters  vl53l0x_api.o
    0x08002384   0x08002384   0x0000001a   Code   RO         2476    i.VL53L0X_GetFractionEnable  vl53l0x_api.o
    0x0800239e   0x0800239e   0x00000036   Code   RO         2480    i.VL53L0X_GetInterMeasurementPeriodMilliSeconds  vl53l0x_api.o
    0x080023d4   0x080023d4   0x00000022   Code   RO         2481    i.VL53L0X_GetInterruptMaskStatus  vl53l0x_api.o
    0x080023f6   0x080023f6   0x00000034   Code   RO         2482    i.VL53L0X_GetInterruptThresholds  vl53l0x_api.o
    0x0800242a   0x0800242a   0x00000018   Code   RO         2484    i.VL53L0X_GetLimitCheckEnable  vl53l0x_api.o
    0x08002442   0x08002442   0x00000002   PAD
    0x08002444   0x08002444   0x0000007a   Code   RO         2487    i.VL53L0X_GetLimitCheckValue  vl53l0x_api.o
    0x080024be   0x080024be   0x0000003a   Code   RO         2490    i.VL53L0X_GetMeasurementDataReady  vl53l0x_api.o
    0x080024f8   0x080024f8   0x00000004   Code   RO         2492    i.VL53L0X_GetMeasurementTimingBudgetMicroSeconds  vl53l0x_api.o
    0x080024fc   0x080024fc   0x00000004   Code   RO         2496    i.VL53L0X_GetOffsetCalibrationDataMicroMeter  vl53l0x_api.o
    0x08002500   0x08002500   0x00000004   Code   RO         2497    i.VL53L0X_GetPalErrorString  vl53l0x_api.o
    0x08002504   0x08002504   0x00000004   Code   RO         2503    i.VL53L0X_GetRangeStatusString  vl53l0x_api.o
    0x08002508   0x08002508   0x0000012c   Code   RO         2504    i.VL53L0X_GetRangingMeasurementData  vl53l0x_api.o
    0x08002634   0x08002634   0x00000072   Code   RO         2508    i.VL53L0X_GetSequenceStepEnables  vl53l0x_api.o
    0x080026a6   0x080026a6   0x00000004   Code   RO         2517    i.VL53L0X_GetVcselPulsePeriod  vl53l0x_api.o
    0x080026aa   0x080026aa   0x0000002c   Code   RO         2519    i.VL53L0X_GetWrapAroundCheckEnable  vl53l0x_api.o
    0x080026d6   0x080026d6   0x0000000a   Code   RO         2520    i.VL53L0X_GetXTalkCompensationEnable  vl53l0x_api.o
    0x080026e0   0x080026e0   0x0000002c   Code   RO         2521    i.VL53L0X_GetXTalkCompensationRateMegaCps  vl53l0x_api.o
    0x0800270c   0x0800270c   0x00000006   Code   RO         2523    i.VL53L0X_PerformRefCalibration  vl53l0x_api.o
    0x08002712   0x08002712   0x00000004   Code   RO         2524    i.VL53L0X_PerformRefSpadManagement  vl53l0x_api.o
    0x08002716   0x08002716   0x00000022   Code   RO         2526    i.VL53L0X_PerformSingleMeasurement  vl53l0x_api.o
    0x08002738   0x08002738   0x00000034   Code   RO         2527    i.VL53L0X_PerformSingleRangingMeasurement  vl53l0x_api.o
    0x0800276c   0x0800276c   0x00000012   Code   RO         3623    i.VL53L0X_PollingDelay  vl53l0x_platform.o
    0x0800277e   0x0800277e   0x00000016   Code   RO         3624    i.VL53L0X_RdByte    vl53l0x_platform.o
    0x08002794   0x08002794   0x00000016   Code   RO         3625    i.VL53L0X_RdDWord   vl53l0x_platform.o
    0x080027aa   0x080027aa   0x00000016   Code   RO         3626    i.VL53L0X_RdWord    vl53l0x_platform.o
    0x080027c0   0x080027c0   0x0000001e   Code   RO         3627    i.VL53L0X_ReadMulti  vl53l0x_platform.o
    0x080027de   0x080027de   0x00000008   Code   RO         2531    i.VL53L0X_SetDeviceAddress  vl53l0x_api.o
    0x080027e6   0x080027e6   0x00000024   Code   RO         2532    i.VL53L0X_SetDeviceMode  vl53l0x_api.o
    0x0800280a   0x0800280a   0x00000138   Code   RO         2535    i.VL53L0X_SetGpioConfig  vl53l0x_api.o
    0x08002942   0x08002942   0x00000002   PAD
    0x08002944   0x08002944   0x00000082   Code   RO         2540    i.VL53L0X_SetLimitCheckEnable  vl53l0x_api.o
    0x080029c6   0x080029c6   0x00000050   Code   RO         2541    i.VL53L0X_SetLimitCheckValue  vl53l0x_api.o
    0x08002a16   0x08002a16   0x00000004   Code   RO         2543    i.VL53L0X_SetMeasurementTimingBudgetMicroSeconds  vl53l0x_api.o
    0x08002a1a   0x08002a1a   0x00000004   Code   RO         2545    i.VL53L0X_SetOffsetCalibrationDataMicroMeter  vl53l0x_api.o
    0x08002a1e   0x08002a1e   0x00000004   Code   RO         2548    i.VL53L0X_SetRefCalibration  vl53l0x_api.o
    0x08002a22   0x08002a22   0x00000004   Code   RO         2549    i.VL53L0X_SetReferenceSpads  vl53l0x_api.o
    0x08002a26   0x08002a26   0x000000ae   Code   RO         2550    i.VL53L0X_SetSequenceStepEnable  vl53l0x_api.o
    0x08002ad4   0x08002ad4   0x00000004   Code   RO         2555    i.VL53L0X_SetVcselPulsePeriod  vl53l0x_api.o
    0x08002ad8   0x08002ad8   0x0000002e   Code   RO         2558    i.VL53L0X_SetXTalkCompensationRateMegaCps  vl53l0x_api.o
    0x08002b06   0x08002b06   0x00000002   PAD
    0x08002b08   0x08002b08   0x000000d4   Code   RO         2559    i.VL53L0X_StartMeasurement  vl53l0x_api.o
    0x08002bdc   0x08002bdc   0x00000174   Code   RO         2560    i.VL53L0X_StaticInit  vl53l0x_api.o
    0x08002d50   0x08002d50   0x00000042   Code   RO         3628    i.VL53L0X_UpdateByte  vl53l0x_platform.o
    0x08002d92   0x08002d92   0x00000016   Code   RO         3629    i.VL53L0X_WrByte    vl53l0x_platform.o
    0x08002da8   0x08002da8   0x00000016   Code   RO         3631    i.VL53L0X_WrWord    vl53l0x_platform.o
    0x08002dbe   0x08002dbe   0x0000001e   Code   RO         3632    i.VL53L0X_WriteMulti  vl53l0x_platform.o
    0x08002ddc   0x08002ddc   0x000000d8   Code   RO         3243    i.VL53L0X_calc_dmax  vl53l0x_api_core.o
    0x08002eb4   0x08002eb4   0x00000010   Code   RO         3244    i.VL53L0X_calc_macro_period_ps  vl53l0x_api_core.o
    0x08002ec4   0x08002ec4   0x00000228   Code   RO         3245    i.VL53L0X_calc_sigma_estimate  vl53l0x_api_core.o
    0x080030ec   0x080030ec   0x00000022   Code   RO         3246    i.VL53L0X_calc_timeout_mclks  vl53l0x_api_core.o
    0x0800310e   0x0800310e   0x00000022   Code   RO         3247    i.VL53L0X_calc_timeout_us  vl53l0x_api_core.o
    0x08003130   0x08003130   0x0000003c   Code   RO         3420    i.VL53L0X_check_part_used  vl53l0x_api_strings.o
    0x0800316c   0x0800316c   0x0000000c   Code   RO         3248    i.VL53L0X_decode_timeout  vl53l0x_api_core.o
    0x08003178   0x08003178   0x00000008   Code   RO         3249    i.VL53L0X_decode_vcsel_period  vl53l0x_api_core.o
    0x08003180   0x08003180   0x0000004a   Code   RO         3250    i.VL53L0X_device_read_strobe  vl53l0x_api_core.o
    0x080031ca   0x080031ca   0x0000001e   Code   RO         3251    i.VL53L0X_encode_timeout  vl53l0x_api_core.o
    0x080031e8   0x080031e8   0x0000000a   Code   RO         3252    i.VL53L0X_encode_vcsel_period  vl53l0x_api_core.o
    0x080031f2   0x080031f2   0x00000002   PAD
    0x080031f4   0x080031f4   0x000000b0   Code   RO         3422    i.VL53L0X_get_device_info  vl53l0x_api_strings.o
    0x080032a4   0x080032a4   0x00000528   Code   RO         3253    i.VL53L0X_get_info_from_device  vl53l0x_api_core.o
    0x080037cc   0x080037cc   0x000000c4   Code   RO         3254    i.VL53L0X_get_measurement_timing_budget_micro_seconds  vl53l0x_api_core.o
    0x08003890   0x08003890   0x00000034   Code   RO         3088    i.VL53L0X_get_offset_calibration_data_micro_meter  vl53l0x_api_calibration.o
    0x080038c4   0x080038c4   0x00000250   Code   RO         3424    i.VL53L0X_get_pal_error_string  vl53l0x_api_strings.o
    0x08003b14   0x08003b14   0x000001e6   Code   RO         3255    i.VL53L0X_get_pal_range_status  vl53l0x_api_core.o
    0x08003cfa   0x08003cfa   0x00000002   PAD
    0x08003cfc   0x08003cfc   0x000000a8   Code   RO         3426    i.VL53L0X_get_range_status_string  vl53l0x_api_strings.o
    0x08003da4   0x08003da4   0x0000001c   Code   RO         3256    i.VL53L0X_get_total_signal_rate  vl53l0x_api_core.o
    0x08003dc0   0x08003dc0   0x0000002e   Code   RO         3257    i.VL53L0X_get_total_xtalk_rate  vl53l0x_api_core.o
    0x08003dee   0x08003dee   0x00000030   Code   RO         3258    i.VL53L0X_get_vcsel_pulse_period  vl53l0x_api_core.o
    0x08003e1e   0x08003e1e   0x00000002   PAD
    0x08003e20   0x08003e20   0x00000048   Code   RO         3486    i.VL53L0X_i2c_init  vl53l0x_i2c.o
    0x08003e68   0x08003e68   0x0000002a   Code   RO         3259    i.VL53L0X_isqrt     vl53l0x_api_core.o
    0x08003e92   0x08003e92   0x00000002   PAD
    0x08003e94   0x08003e94   0x000000a4   Code   RO         3260    i.VL53L0X_load_tuning_settings  vl53l0x_api_core.o
    0x08003f38   0x08003f38   0x00000036   Code   RO         3261    i.VL53L0X_measurement_poll_for_completion  vl53l0x_api_core.o
    0x08003f6e   0x08003f6e   0x00000074   Code   RO         3092    i.VL53L0X_perform_phase_calibration  vl53l0x_api_calibration.o
    0x08003fe2   0x08003fe2   0x00000040   Code   RO         3093    i.VL53L0X_perform_ref_calibration  vl53l0x_api_calibration.o
    0x08004022   0x08004022   0x0000021e   Code   RO         3094    i.VL53L0X_perform_ref_spad_management  vl53l0x_api_calibration.o
    0x08004240   0x08004240   0x00000038   Code   RO         3095    i.VL53L0X_perform_single_ref_calibration  vl53l0x_api_calibration.o
    0x08004278   0x08004278   0x00000074   Code   RO         3096    i.VL53L0X_perform_vhv_calibration  vl53l0x_api_calibration.o
    0x080042ec   0x080042ec   0x00000006   Code   RO         3487    i.VL53L0X_read_byte  vl53l0x_i2c.o
    0x080042f2   0x080042f2   0x0000002c   Code   RO         3488    i.VL53L0X_read_dword  vl53l0x_i2c.o
    0x0800431e   0x0800431e   0x00000016   Code   RO         3489    i.VL53L0X_read_multi  vl53l0x_i2c.o
    0x08004334   0x08004334   0x0000001c   Code   RO         3490    i.VL53L0X_read_word  vl53l0x_i2c.o
    0x08004350   0x08004350   0x000000b2   Code   RO         3098    i.VL53L0X_ref_calibration_io  vl53l0x_api_calibration.o
    0x08004402   0x08004402   0x000000c2   Code   RO         3264    i.VL53L0X_set_measurement_timing_budget_micro_seconds  vl53l0x_api_core.o
    0x080044c4   0x080044c4   0x0000003c   Code   RO         3099    i.VL53L0X_set_offset_calibration_data_micro_meter  vl53l0x_api_calibration.o
    0x08004500   0x08004500   0x00000020   Code   RO         3100    i.VL53L0X_set_ref_calibration  vl53l0x_api_calibration.o
    0x08004520   0x08004520   0x000000a6   Code   RO         3101    i.VL53L0X_set_reference_spads  vl53l0x_api_calibration.o
    0x080045c6   0x080045c6   0x00000220   Code   RO         3265    i.VL53L0X_set_vcsel_pulse_period  vl53l0x_api_core.o
    0x080047e6   0x080047e6   0x0000000c   Code   RO         3491    i.VL53L0X_write_byte  vl53l0x_i2c.o
    0x080047f2   0x080047f2   0x00000016   Code   RO         3493    i.VL53L0X_write_multi  vl53l0x_i2c.o
    0x08004808   0x08004808   0x00000032   Code   RO         3494    i.VL53L0X_write_word  vl53l0x_i2c.o
    0x0800483a   0x0800483a   0x00000002   PAD
    0x0800483c   0x0800483c   0x00000040   Code   RO         3495    i.VL_IIC_Ack        vl53l0x_i2c.o
    0x0800487c   0x0800487c   0x00000040   Code   RO         3496    i.VL_IIC_NAck       vl53l0x_i2c.o
    0x080048bc   0x080048bc   0x00000068   Code   RO         3498    i.VL_IIC_Read_Byte  vl53l0x_i2c.o
    0x08004924   0x08004924   0x00000064   Code   RO         3499    i.VL_IIC_Read_nByte  vl53l0x_i2c.o
    0x08004988   0x08004988   0x00000068   Code   RO         3500    i.VL_IIC_Send_Byte  vl53l0x_i2c.o
    0x080049f0   0x080049f0   0x00000040   Code   RO         3501    i.VL_IIC_Start      vl53l0x_i2c.o
    0x08004a30   0x08004a30   0x00000044   Code   RO         3502    i.VL_IIC_Stop       vl53l0x_i2c.o
    0x08004a74   0x08004a74   0x00000054   Code   RO         3503    i.VL_IIC_Wait_Ack   vl53l0x_i2c.o
    0x08004ac8   0x08004ac8   0x00000046   Code   RO         3505    i.VL_IIC_Write_nByte  vl53l0x_i2c.o
    0x08004b0e   0x08004b0e   0x00000020   Code   RO         1649    i.__NVIC_SetPriority  stm32f4xx_hal_cortex.o
    0x08004b2e   0x08004b2e   0x0000000e   Code   RO         3956    i._is_digit         c_w.l(__printf_wp.o)
    0x08004b3c   0x08004b3c   0x0000001a   Code   RO         3853    i.delay_ms          delay.o
    0x08004b56   0x08004b56   0x00000002   PAD
    0x08004b58   0x08004b58   0x00000034   Code   RO         3854    i.delay_us          delay.o
    0x08004b8c   0x08004b8c   0x00000094   Code   RO         3103    i.enable_ref_spads  vl53l0x_api_calibration.o
    0x08004c20   0x08004c20   0x0000002a   Code   RO         3104    i.enable_spad_bit   vl53l0x_api_calibration.o
    0x08004c4a   0x08004c4a   0x0000001a   Code   RO         4025    i.fputc             c_w.l(fputc.o)
    0x08004c64   0x08004c64   0x0000005c   Code   RO         3105    i.get_next_good_spad  vl53l0x_api_calibration.o
    0x08004cc0   0x08004cc0   0x0000000a   Code   RO         3106    i.get_ref_spad_map  vl53l0x_api_calibration.o
    0x08004cca   0x08004cca   0x000000f2   Code   RO         3266    i.get_sequence_step_timeout  vl53l0x_api_core.o
    0x08004dbc   0x08004dbc   0x00000018   Code   RO         3107    i.is_aperture       vl53l0x_api_calibration.o
    0x08004dd4   0x08004dd4   0x000000a0   Code   RO           16    i.main              main.o
    0x08004e74   0x08004e74   0x00000064   Code   RO         3108    i.perform_ref_signal_measurement  vl53l0x_api_calibration.o
    0x08004ed8   0x08004ed8   0x00000034   Code   RO         3703    i.print_pal_error   vl53l0x.o
    0x08004f0c   0x08004f0c   0x00000038   Code   RO         2564    i.sequence_step_enabled  vl53l0x_api.o
    0x08004f44   0x08004f44   0x0000000a   Code   RO         3109    i.set_ref_spad_map  vl53l0x_api_calibration.o
    0x08004f4e   0x08004f4e   0x00000102   Code   RO         3267    i.set_sequence_step_timeout  vl53l0x_api_core.o
    0x08005050   0x08005050   0x00000088   Code   RO         3704    i.vl53l0x_Addr_set  vl53l0x.o
    0x080050d8   0x080050d8   0x000000b8   Code   RO         3706    i.vl53l0x_init      vl53l0x.o
    0x08005190   0x08005190   0x00000040   Code   RO         3707    i.vl53l0x_reset     vl53l0x.o
    0x080051d0   0x080051d0   0x00000144   Code   RO         3810    i.vl53l0x_set_mode  vl53l0x_gen.o
    0x08005314   0x08005314   0x00000034   Code   RO         3811    i.vl53l0x_start_single_test  vl53l0x_gen.o
    0x08005348   0x08005348   0x00000064   Code   RO           17    i.vl53l0x_test      main.o
    0x080053ac   0x080053ac   0x0000000a   Code   RO         4254    x$fpl$fpinit        fz_wm.l(fpinit.o)
    0x080053b6   0x080053b6   0x00000010   Data   RO         2430    .constdata          system_stm32f4xx.o
    0x080053c6   0x080053c6   0x00000008   Data   RO         2431    .constdata          system_stm32f4xx.o
    0x080053ce   0x080053ce   0x00000028   Data   RO         3929    .constdata          c_w.l(_printf_hex_int.o)
    0x080053f6   0x080053f6   0x00000004   Data   RO         4037    .constdata          c_w.l(sys_io.o)
    0x080053fa   0x080053fa   0x00000004   Data   RO         4038    .constdata          c_w.l(sys_io.o)
    0x080053fe   0x080053fe   0x00000004   Data   RO         4039    .constdata          c_w.l(sys_io.o)
    0x08005402   0x08005402   0x00000002   PAD
    0x08005404   0x08005404   0x00000020   Data   RO         4338    Region$$Table       anon$$obj.o


    Execution Region RW_IRAM2 (Exec base: 0x10000000, Load base: 0x080056d8, Size: 0x00000000, Max: 0x00010000, ABSOLUTE)

    **** No section assigned to this execution region ****


    Execution Region RW_IRAM1 (Exec base: 0x20000000, Load base: 0x08005424, Size: 0x00000d68, Max: 0x00020000, ABSOLUTE, COMPRESSED[0x000002b4])

    Exec Addr    Load Addr    Size         Type   Attr      Idx    E Section Name        Object

    0x20000000   COMPRESSED   0x0000000c   Data   RW         1798    .data               stm32f4xx_hal.o
    0x2000000c   COMPRESSED   0x00000004   Data   RW         2432    .data               system_stm32f4xx.o
    0x20000010   COMPRESSED   0x000002a9   Data   RW         2565    .data               vl53l0x_api.o
    0x200002b9   COMPRESSED   0x00000003   PAD
    0x200002bc   COMPRESSED   0x00000010   Data   RW         3110    .data               vl53l0x_api_calibration.o
    0x200002cc   COMPRESSED   0x00000001   Data   RW         3709    .data               vl53l0x.o
    0x200002cd   COMPRESSED   0x00000038   Data   RW         3710    .data               vl53l0x.o
    0x20000305   COMPRESSED   0x00000001   PAD
    0x20000306   COMPRESSED   0x00000002   Data   RW         3813    .data               vl53l0x_gen.o
    0x20000308   COMPRESSED   0x00000004   Data   RW         3855    .data               delay.o
    0x2000030c   COMPRESSED   0x00000004   Data   RW         4000    .data               c_w.l(stdio_streams.o)
    0x20000310   COMPRESSED   0x00000004   Data   RW         4001    .data               c_w.l(stdio_streams.o)
    0x20000314   COMPRESSED   0x00000004   Data   RW         4002    .data               c_w.l(stdio_streams.o)
    0x20000318        -       0x00000042   Zero   RW           18    .bss                main.o
    0x2000035a   COMPRESSED   0x00000002   PAD
    0x2000035c        -       0x00000054   Zero   RW          256    .bss                i2c.o
    0x200003b0        -       0x00000048   Zero   RW          298    .bss                usart.o
    0x200003f8        -       0x000001c3   Zero   RW         3708    .bss                vl53l0x.o
    0x200005bb        -       0x00000030   Zero   RW         3774    .bss                vl53l0x_cali.o
    0x200005eb   COMPRESSED   0x00000001   PAD
    0x200005ec        -       0x0000001c   Zero   RW         3812    .bss                vl53l0x_gen.o
    0x20000608        -       0x00000054   Zero   RW         3997    .bss                c_w.l(stdio_streams.o)
    0x2000065c        -       0x00000054   Zero   RW         3998    .bss                c_w.l(stdio_streams.o)
    0x200006b0        -       0x00000054   Zero   RW         3999    .bss                c_w.l(stdio_streams.o)
    0x20000704        -       0x00000060   Zero   RW         4196    .bss                c_w.l(libspace.o)
    0x20000764   COMPRESSED   0x00000004   PAD
    0x20000768        -       0x00000200   Zero   RW            2    HEAP                startup_stm32f407xx.o
    0x20000968        -       0x00000400   Zero   RW            1    STACK               startup_stm32f407xx.o


==============================================================================

Image component sizes


      Code (inc. data)   RO Data    RW Data    ZI Data      Debug   Object Name

        78          4          0          4          0       1450   delay.o
        44          6          0          0          0        835   gpio.o
       172         28          0          0         84       1749   i2c.o
       424        112          0          0         66     687391   main.o
        64         26        392          0       1536        856   startup_stm32f407xx.o
       144         24          0         12          0       8893   stm32f4xx_hal.o
       172         14          0          0          0      33238   stm32f4xx_hal_cortex.o
       496         46          0          0          0       1572   stm32f4xx_hal_gpio.o
       392         16          0          0          0       3259   stm32f4xx_hal_i2c.o
        48          6          0          0          0        894   stm32f4xx_hal_msp.o
      1348         76          0          0          0       5348   stm32f4xx_hal_rcc.o
       368         10          0          0          0       2096   stm32f4xx_hal_uart.o
        20          0          0          0          0       4334   stm32f4xx_it.o
        16          4         24          4          0       1183   system_stm32f4xx.o
       164         22          0          0         72       1790   usart.o
       436         68          0         57        451       4521   vl53l0x.o
      3184         62          0        681          0      36480   vl53l0x_api.o
      1808         12          0         16          0      18621   vl53l0x_api_calibration.o
      4608         16          0          0          0      27969   vl53l0x_api_core.o
       996        610          0          0          0       4321   vl53l0x_api_strings.o
         0          0          0          0         48        846   vl53l0x_cali.o
       376         20          0          2         28       2408   vl53l0x_gen.o
       978         74          0          0          0      12328   vl53l0x_i2c.o
       254          0          0          0          0       7263   vl53l0x_platform.o

    ----------------------------------------------------------------------
     16612       1256        448        780       2288     869645   Object Totals
         0          0         32          0          0          0   (incl. Generated)
        22          0          0          4          3          0   (incl. Padding)

    ----------------------------------------------------------------------

      Code (inc. data)   RO Data    RW Data    ZI Data      Debug   Library Member Name

       100          0          0          0          0          0   __dclz77c.o
         8          0          0          0          0         68   __main.o
       284          0          0          0          0        156   __printf_wp.o
         0          0          0          0          0          0   __rtentry.o
        12          0          0          0          0          0   __rtentry2.o
         6          0          0          0          0          0   __rtentry4.o
        52          8          0          0          0          0   __scatter.o
        28          0          0          0          0          0   __scatter_zi.o
        44          0          0          0          0        108   _printf_char.o
        48          6          0          0          0         96   _printf_char_common.o
        36          4          0          0          0         80   _printf_char_file.o
         6          0          0          0          0          0   _printf_d.o
       120         16          0          0          0         92   _printf_dec.o
        88          4         40          0          0         88   _printf_hex_int.o
         6          0          0          0          0          0   _printf_i.o
       178          0          0          0          0         88   _printf_intcommon.o
         0          0          0          0          0          0   _printf_percent.o
         4          0          0          0          0          0   _printf_percent_end.o
         6          0          0          0          0          0   _printf_s.o
        82          0          0          0          0         80   _printf_str.o
         6          0          0          0          0          0   _printf_x.o
        10          0          0          0          0         68   defsig_exit.o
        50          0          0          0          0         88   defsig_general.o
        80         58          0          0          0         76   defsig_rtmem_inner.o
        14          0          0          0          0         80   defsig_rtmem_outer.o
        52         38          0          0          0         76   defsig_rtred_inner.o
        14          0          0          0          0         80   defsig_rtred_outer.o
        18          0          0          0          0         80   exit.o
        76          0          0          0          0         88   fclose.o
         8          0          0          0          0         68   ferror.o
       470          0          0          0          0         88   flsbuf.o
       236          4          0          0          0        128   fopen.o
        26          0          0          0          0         68   fputc.o
       248          6          0          0          0         84   fseek.o
        66          0          0          0          0         76   ftell.o
        94          0          0          0          0         80   h1_alloc.o
        52          0          0          0          0         68   h1_extend.o
        78          0          0          0          0         80   h1_free.o
        14          0          0          0          0         84   h1_init.o
         6          0          0          0          0        152   heapauxi.o
         4          0          0          0          0        136   hguard.o
         0          0          0          0          0          0   indicate_semi.o
       138          0          0          0          0        168   init_alloc.o
       312         46          0          0          0        112   initio.o
         2          0          0          0          0          0   libinit.o
        18          0          0          0          0          0   libinit2.o
         2          0          0          0          0          0   libshutdown.o
         6          0          0          0          0          0   libshutdown2.o
         8          4          0          0         96         68   libspace.o
       238          0          0          0          0        100   lludivv7m.o
         0          0          0          0          0          0   maybetermalloc1.o
        24          4          0          0          0         84   noretval__2printf.o
         8          4          0          0          0         68   rt_errno_addr_intlibspace.o
         8          4          0          0          0         68   rt_heap_descriptor_intlibspace.o
        68          0          0          0          0         68   rt_memclr.o
        78          0          0          0          0         80   rt_memclr_w.o
       100          0          0          0          0         80   rt_memcpy_w.o
         2          0          0          0          0          0   rtexit.o
        10          0          0          0          0          0   rtexit2.o
        70          0          0          0          0         80   setvbuf.o
       240          6          0          0          0        156   stdio.o
         0          0          0         12        252          0   stdio_streams.o
        72          0          0          0          0         80   strcpy.o
        62          0          0          0          0         76   strlen.o
        12          4          0          0          0         68   sys_exit.o
       102          0         12          0          0        240   sys_io.o
        74          0          0          0          0         80   sys_stackheap_outer.o
        14          0          0          0          0         76   sys_wrch.o
         2          0          0          0          0         68   use_no_semi.o
        10          0          0          0          0        116   fpinit.o

    ----------------------------------------------------------------------
      4426        216         54         12        352       4540   Library Totals
        16          0          2          0          4          0   (incl. Padding)

    ----------------------------------------------------------------------

      Code (inc. data)   RO Data    RW Data    ZI Data      Debug   Library Name

      4400        216         52         12        348       4424   c_w.l
        10          0          0          0          0        116   fz_wm.l

    ----------------------------------------------------------------------
      4426        216         54         12        352       4540   Library Totals

    ----------------------------------------------------------------------

==============================================================================


      Code (inc. data)   RO Data    RW Data    ZI Data      Debug   

     21038       1472        502        792       2640     856893   Grand Totals
     21038       1472        502        692       2640     856893   ELF Image Totals (compressed)
     21038       1472        502        692          0          0   ROM Totals

==============================================================================

    Total RO  Size (Code + RO Data)                21540 (  21.04kB)
    Total RW  Size (RW Data + ZI Data)              3432 (   3.35kB)
    Total ROM Size (Code + RO Data + RW Data)      22232 (  21.71kB)

==============================================================================

